-- Start building task run all -- (217018073)
-- Start building task all -- (0)
-- Start building task kernel -- (1)
-- Enter folder kernel/kernel --
<0> Building kernel/kernel/shell_enhanced.c
<2> Building kernel/kernel/kernel.c
<3> Building kernel/kernel/fs.c
-- Enter folder kernel/gui/src --
<1> Building kernel/gui/src/thispc.c
In file included from kernel/kernel/kernel.c:33:
kernel/arch/x86_64/include/arch/netfilter.h: 在函数‘nf_hook_slow_eval’中:
kernel/arch/x86_64/include/arch/netfilter.h:56:16: warning: conversion from ‘int’ to ‘uint16_t’ {或称 ‘short unsigned int’} may change value [-Wconversion]
   56 |         return verdict;
      |                ^~~~~~~
kernel/kernel/fs.c:11:12: error: conflicting types for ‘ext4_mount’; have ‘int(const char *, vfs_node_t **)’ {或称 ‘int(const char *, struct vfs_node **)’}
   11 | extern int ext4_mount(const char* device, vfs_node_t** root_out);
      |            ^~~~~~~~~~
In file included from kernel/kernel/fs.c:3:
kernel/arch/x86_64/include/arch/ext4.h:89:6: note: previous declaration of ‘ext4_mount’ with type ‘int(vfs_node_t *, void *)’ {或称 ‘int(struct vfs_node *, void *)’}
   89 | int  ext4_mount(vfs_node_t* mount_point, void* device);
      |      ^~~~~~~~~~
In file included from include/kapi.h:23,
                 from kernel/kernel/shell_enhanced.c:13:
include/kapi_bitmap.h: 在函数‘kapi_bitmap_find_first’中:
include/kapi_bitmap.h:56:35: warning: ‘int’转换自‘unsigned int’时可能会改变结果的符号 [-Wsign-conversion]
   56 |                     return offset + j;
      |                            ~~~~~~~^~~
include/kapi_bitmap.h: 在函数‘kapi_bitmap_find_first_zero’中:
include/kapi_bitmap.h:73:35: warning: ‘int’转换自‘unsigned int’时可能会改变结果的符号 [-Wsign-conversion]
   73 |                     return offset + j;
      |                            ~~~~~~~^~~
kernel/kernel/fs.c: 在函数‘vfs_read’中:
kernel/kernel/fs.c:198:28: warning: ‘uint64_t’ {或称 ‘long long unsigned int’}转换自‘int’时可能会改变结果的符号 [-Wsign-conversion]
  198 |     if (ret > 0) f->offset += ret;
      |                            ^~
kernel/kernel/fs.c: 在函数‘vfs_write’中:
kernel/kernel/fs.c:208:28: warning: ‘uint64_t’ {或称 ‘long long unsigned int’}转换自‘int’时可能会改变结果的符号 [-Wsign-conversion]
  208 |     if (ret > 0) f->offset += ret;
      |                            ^~
kernel/kernel/fs.c: 在函数‘get_parent_and_name’中:
kernel/kernel/fs.c:325:15: warning: conversion from ‘size_t’ {或称 ‘long long unsigned int’} to ‘int’ may change value [-Wconversion]
  325 |     int len = strlen(path);
      |               ^~~~~~
kernel/kernel/fs.c:344:22: warning: conversion from ‘long long int’ to ‘int’ may change value [-Wconversion]
  344 |     int parent_len = last_slash - path;
      |                      ^~~~~~~~~~
kernel/kernel/fs.c:349:36: warning: ‘size_t’ {或称 ‘long long unsigned int’}转换自‘int’时可能会改变结果的符号 [-Wsign-conversion]
  349 |         strncpy(parent_path, path, parent_len);
      |                                    ^~~~~~~~~~
kernel/kernel/fs.c:353:43: warning: ‘size_t’ {或称 ‘long long unsigned int’}转换自‘int’时可能会改变结果的符号 [-Wsign-conversion]
  353 |     strncpy(name, last_slash + 1, max_len - 1);
      |                                   ~~~~~~~~^~~
kernel/kernel/fs.c: 在函数‘vfs_mkdir’中:
kernel/kernel/fs.c:380:44: warning: ‘uint64_t’ {或称 ‘long long unsigned int’}转换自‘int’时可能会改变结果的符号 [-Wsign-conversion]
  380 |         return parent->mkdir(parent, name, mode);
      |                                            ^~~~
kernel/kernel/fs.c:385:18: warning: ‘uint64_t’ {或称 ‘long long unsigned int’}转换自‘int’时可能会改变结果的符号 [-Wsign-conversion]
  385 |     node->mode = mode;
      |                  ^~~~
kernel/kernel/fs.c: 在函数‘vfs_chdir’中:
kernel/kernel/fs.c:625:9: error: 隐式声明函数‘snprintf’ [-Wimplicit-function-declaration]
  625 |         snprintf(full, sizeof(full), "%s/%s", current_working_dir, path);
      |         ^~~~~~~~
kernel/kernel/fs.c:7:1: note: ‘snprintf’ is defined in header ‘<stdio.h>’; this is probably fixable by adding ‘#include <stdio.h>’
    6 | #include <slab.h>
  +++ |+#include <stdio.h>
    7 | 
kernel/gui/src/thispc.c: 在函数‘pc_int_to_str’中:
kernel/gui/src/thispc.c:50:34: warning: conversion from ‘uint32_t’ {或称 ‘unsigned int’} to ‘char’ may change value [-Wconversion]
   50 |     while (val > 0) { tmp[i++] = '0' + (val % 10); val /= 10; }
      |                                  ^~~
kernel/gui/src/thispc.c: 在函数‘pc_format_size’中:
kernel/gui/src/thispc.c:101:19: warning: conversion from ‘int’ to ‘char’ may change value [-Wconversion]
  101 |         frac[1] = '0' + (uint8_t)gb_frac;
      |                   ^~~
In file included from kernel/arch/x86_64/include/arch/registry.h:5,
                 from kernel/kernel/kernel.c:56:
kernel/arch/x86_64/include/arch/win32.h: 在文件作用域：
kernel/arch/x86_64/include/arch/win32.h:926:24: error: unknown type name ‘SHORT’; did you mean ‘USHORT’?
  926 | #define COORD struct { SHORT X; SHORT Y; }
      |                        ^~~~~
kernel/arch/x86_64/include/arch/win32.h:1049:54: note: in expansion of macro ‘COORD’
 1049 | BOOL SetConsoleCursorPosition(HANDLE hConsoleOutput, COORD dwCursorPosition);
      |                                                      ^~~~~
kernel/arch/x86_64/include/arch/win32.h:926:33: error: unknown type name ‘SHORT’; did you mean ‘USHORT’?
  926 | #define COORD struct { SHORT X; SHORT Y; }
      |                                 ^~~~~
kernel/arch/x86_64/include/arch/win32.h:1049:54: note: in expansion of macro ‘COORD’
 1049 | BOOL SetConsoleCursorPosition(HANDLE hConsoleOutput, COORD dwCursorPosition);
      |                                                      ^~~~~
kernel/arch/x86_64/include/arch/win32.h:926:15: warning: anonymous struct declared inside parameter list will not be visible outside of this definition or declaration
  926 | #define COORD struct { SHORT X; SHORT Y; }
      |               ^~~~~~
kernel/arch/x86_64/include/arch/win32.h:1049:54: note: in expansion of macro ‘COORD’
 1049 | BOOL SetConsoleCursorPosition(HANDLE hConsoleOutput, COORD dwCursorPosition);
      |                                                      ^~~~~
kernel/arch/x86_64/include/arch/win32.h:926:24: error: unknown type name ‘SHORT’; did you mean ‘USHORT’?
  926 | #define COORD struct { SHORT X; SHORT Y; }
      |                        ^~~~~
kernel/arch/x86_64/include/arch/win32.h:1052:49: note: in expansion of macro ‘COORD’
 1052 |                                  DWORD nLength, COORD dwWriteCoord,
      |                                                 ^~~~~
kernel/arch/x86_64/include/arch/win32.h:926:33: error: unknown type name ‘SHORT’; did you mean ‘USHORT’?
  926 | #define COORD struct { SHORT X; SHORT Y; }
      |                                 ^~~~~
kernel/arch/x86_64/include/arch/win32.h:1052:49: note: in expansion of macro ‘COORD’
 1052 |                                  DWORD nLength, COORD dwWriteCoord,
      |                                                 ^~~~~
kernel/arch/x86_64/include/arch/win32.h:926:15: warning: anonymous struct declared inside parameter list will not be visible outside of this definition or declaration
  926 | #define COORD struct { SHORT X; SHORT Y; }
      |               ^~~~~~
kernel/arch/x86_64/include/arch/win32.h:1052:49: note: in expansion of macro ‘COORD’
 1052 |                                  DWORD nLength, COORD dwWriteCoord,
      |                                                 ^~~~~
kernel/arch/x86_64/include/arch/win32.h:926:24: error: unknown type name ‘SHORT’; did you mean ‘USHORT’?
  926 | #define COORD struct { SHORT X; SHORT Y; }
      |                        ^~~~~
kernel/arch/x86_64/include/arch/win32.h:1055:48: note: in expansion of macro ‘COORD’
 1055 |                                 DWORD nLength, COORD dwWriteCoord,
      |                                                ^~~~~
kernel/arch/x86_64/include/arch/win32.h:926:33: error: unknown type name ‘SHORT’; did you mean ‘USHORT’?
  926 | #define COORD struct { SHORT X; SHORT Y; }
      |                                 ^~~~~
kernel/arch/x86_64/include/arch/win32.h:1055:48: note: in expansion of macro ‘COORD’
 1055 |                                 DWORD nLength, COORD dwWriteCoord,
      |                                                ^~~~~
kernel/arch/x86_64/include/arch/win32.h:926:15: warning: anonymous struct declared inside parameter list will not be visible outside of this definition or declaration
  926 | #define COORD struct { SHORT X; SHORT Y; }
      |               ^~~~~~
kernel/arch/x86_64/include/arch/win32.h:1055:48: note: in expansion of macro ‘COORD’
 1055 |                                 DWORD nLength, COORD dwWriteCoord,
      |                                                ^~~~~
kernel/arch/x86_64/include/arch/win32.h:927:29: error: unknown type name ‘SHORT’; did you mean ‘USHORT’?
  927 | #define SMALL_RECT struct { SHORT Left; SHORT Top; SHORT Right; SHORT Bottom; }
      |                             ^~~~~
kernel/arch/x86_64/include/arch/win32.h:1057:62: note: in expansion of macro ‘SMALL_RECT’
 1057 | BOOL ScrollConsoleScreenBufferA(HANDLE hConsoleOutput, const SMALL_RECT* lpScrollRectangle,
      |                                                              ^~~~~~~~~~
kernel/arch/x86_64/include/arch/win32.h:927:41: error: unknown type name ‘SHORT’; did you mean ‘USHORT’?
  927 | #define SMALL_RECT struct { SHORT Left; SHORT Top; SHORT Right; SHORT Bottom; }
      |                                         ^~~~~
kernel/arch/x86_64/include/arch/win32.h:1057:62: note: in expansion of macro ‘SMALL_RECT’
 1057 | BOOL ScrollConsoleScreenBufferA(HANDLE hConsoleOutput, const SMALL_RECT* lpScrollRectangle,
      |                                                              ^~~~~~~~~~
<3> Building kernel/gui/src/textedit.c
kernel/arch/x86_64/include/arch/win32.h:927:52: error: unknown type name ‘SHORT’; did you mean ‘USHORT’?
  927 | #define SMALL_RECT struct { SHORT Left; SHORT Top; SHORT Right; SHORT Bottom; }
      |                                                    ^~~~~
kernel/arch/x86_64/include/arch/win32.h:1057:62: note: in expansion of macro ‘SMALL_RECT’
 1057 | BOOL ScrollConsoleScreenBufferA(HANDLE hConsoleOutput, const SMALL_RECT* lpScrollRectangle,
      |                                                              ^~~~~~~~~~
kernel/arch/x86_64/include/arch/win32.h:927:65: error: unknown type name ‘SHORT’; did you mean ‘USHORT’?
  927 | #define SMALL_RECT struct { SHORT Left; SHORT Top; SHORT Right; SHORT Bottom; }
      |                                                                 ^~~~~
kernel/arch/x86_64/include/arch/win32.h:1057:62: note: in expansion of macro ‘SMALL_RECT’
 1057 | BOOL ScrollConsoleScreenBufferA(HANDLE hConsoleOutput, const SMALL_RECT* lpScrollRectangle,
      |                                                              ^~~~~~~~~~
kernel/arch/x86_64/include/arch/win32.h:927:29: error: unknown type name ‘SHORT’; did you mean ‘USHORT’?
  927 | #define SMALL_RECT struct { SHORT Left; SHORT Top; SHORT Right; SHORT Bottom; }
      |                             ^~~~~
kernel/arch/x86_64/include/arch/win32.h:1058:38: note: in expansion of macro ‘SMALL_RECT’
 1058 |                                const SMALL_RECT* lpClipRectangle, COORD dwDestinationOrigin,
      |                                      ^~~~~~~~~~
kernel/arch/x86_64/include/arch/win32.h:927:41: error: unknown type name ‘SHORT’; did you mean ‘USHORT’?
  927 | #define SMALL_RECT struct { SHORT Left; SHORT Top; SHORT Right; SHORT Bottom; }
      |                                         ^~~~~
kernel/arch/x86_64/include/arch/win32.h:1058:38: note: in expansion of macro ‘SMALL_RECT’
 1058 |                                const SMALL_RECT* lpClipRectangle, COORD dwDestinationOrigin,
      |                                      ^~~~~~~~~~
kernel/arch/x86_64/include/arch/win32.h:927:52: error: unknown type name ‘SHORT’; did you mean ‘USHORT’?
  927 | #define SMALL_RECT struct { SHORT Left; SHORT Top; SHORT Right; SHORT Bottom; }
      |                                                    ^~~~~
kernel/arch/x86_64/include/arch/win32.h:1058:38: note: in expansion of macro ‘SMALL_RECT’
 1058 |                                const SMALL_RECT* lpClipRectangle, COORD dwDestinationOrigin,
      |                                      ^~~~~~~~~~
kernel/arch/x86_64/include/arch/win32.h:927:65: error: unknown type name ‘SHORT’; did you mean ‘USHORT’?
  927 | #define SMALL_RECT struct { SHORT Left; SHORT Top; SHORT Right; SHORT Bottom; }
      |                                                                 ^~~~~
kernel/arch/x86_64/include/arch/win32.h:1058:38: note: in expansion of macro ‘SMALL_RECT’
 1058 |                                const SMALL_RECT* lpClipRectangle, COORD dwDestinationOrigin,
      |                                      ^~~~~~~~~~
kernel/arch/x86_64/include/arch/win32.h:926:24: error: unknown type name ‘SHORT’; did you mean ‘USHORT’?
  926 | #define COORD struct { SHORT X; SHORT Y; }
      |                        ^~~~~
kernel/arch/x86_64/include/arch/win32.h:1058:67: note: in expansion of macro ‘COORD’
 1058 |                                const SMALL_RECT* lpClipRectangle, COORD dwDestinationOrigin,
      |                                                                   ^~~~~
kernel/arch/x86_64/include/arch/win32.h:926:33: error: unknown type name ‘SHORT’; did you mean ‘USHORT’?
  926 | #define COORD struct { SHORT X; SHORT Y; }
      |                                 ^~~~~
kernel/arch/x86_64/include/arch/win32.h:1058:67: note: in expansion of macro ‘COORD’
 1058 |                                const SMALL_RECT* lpClipRectangle, COORD dwDestinationOrigin,
      |                                                                   ^~~~~
kernel/arch/x86_64/include/arch/win32.h:926:15: warning: anonymous struct declared inside parameter list will not be visible outside of this definition or declaration
  926 | #define COORD struct { SHORT X; SHORT Y; }
      |               ^~~~~~
kernel/arch/x86_64/include/arch/win32.h:1058:67: note: in expansion of macro ‘COORD’
 1058 |                                const SMALL_RECT* lpClipRectangle, COORD dwDestinationOrigin,
      |                                                                   ^~~~~
kernel/arch/x86_64/include/arch/win32.h:927:20: warning: anonymous struct declared inside parameter list will not be visible outside of this definition or declaration
  927 | #define SMALL_RECT struct { SHORT Left; SHORT Top; SHORT Right; SHORT Bottom; }
      |                    ^~~~~~
kernel/arch/x86_64/include/arch/win32.h:1058:38: note: in expansion of macro ‘SMALL_RECT’
 1058 |                                const SMALL_RECT* lpClipRectangle, COORD dwDestinationOrigin,
      |                                      ^~~~~~~~~~
kernel/arch/x86_64/include/arch/win32.h:927:20: warning: anonymous struct declared inside parameter list will not be visible outside of this definition or declaration
  927 | #define SMALL_RECT struct { SHORT Left; SHORT Top; SHORT Right; SHORT Bottom; }
      |                    ^~~~~~
kernel/arch/x86_64/include/arch/win32.h:1057:62: note: in expansion of macro ‘SMALL_RECT’
 1057 | BOOL ScrollConsoleScreenBufferA(HANDLE hConsoleOutput, const SMALL_RECT* lpScrollRectangle,
      |                                                              ^~~~~~~~~~
In file included from /usr/x86_64-w64-mingw32/include/pthread_time.h:27,
kernel/arch/x86_64/include/arch/registry.h:144:17: warning: 对包含可变数组成员的结构的无效使用 [-Wpedantic]
  144 |     lf_entry_t  entries[];
                 from /usr/x86_64-w64-mingw32/include/time.h:329,
                 from include/kapi_profiler.h:6,
                 from include/kapi.h:78:
/usr/x86_64-w64-mingw32/include/pthread_compat.h: 在文件作用域：
/usr/x86_64-w64-mingw32/include/pthread_compat.h:94:24: error: conflicting types for ‘mode_t’; have ‘short unsigned int’
   94 | typedef unsigned short mode_t;
      |                        ^~~~~~
In file included from kernel/kernel/shell_enhanced.c:3:
kernel/arch/x86_64/include/arch/types.h:22:18: note: previous declaration of ‘mode_t’ with type ‘mode_t’ {或称 ‘long long unsigned int’}
      |                 ^~~~~~~
   22 | typedef uint64_t mode_t;
kernel/arch/x86_64/include/arch/registry.h:157:17: warning: 对包含可变数组成员的结构的无效使用 [-Wpedantic]
      |                  ^~~~~~
  157 |     lh_entry_t  entries[];
      |                 ^~~~~~~
In file included from include/kapi.h:23,
                 from kernel/kernel/kernel.c:63:
include/kapi_bitmap.h: 在函数‘kapi_bitmap_find_first’中:
include/kapi_bitmap.h:56:35: warning: ‘int’转换自‘unsigned int’时可能会改变结果的符号 [-Wsign-conversion]
   56 |                     return offset + j;
      |                            ~~~~~~~^~~
include/kapi_bitmap.h: 在函数‘kapi_bitmap_find_first_zero’中:
include/kapi_bitmap.h:73:35: warning: ‘int’转换自‘unsigned int’时可能会改变结果的符号 [-Wsign-conversion]
   73 |                     return offset + j;
      |                            ~~~~~~~^~~
In file included from include/kapi.h:100:
include/kapi_net_ext.h:24:5: error: unknown type name ‘kapi_in_addr_t’; did you mean ‘kapi_inode_t’?
   24 |     kapi_in_addr_t s_addr;
      |     ^~~~~~~~~~~~~~
      |     kapi_inode_t
include/kapi_net_ext.h:28:5: error: unknown type name ‘kapi_in6_addr_t’; did you mean ‘kapi_sockaddr_t’?
   28 |     kapi_in6_addr_t s6_addr;
      |     ^~~~~~~~~~~~~~~
      |     kapi_sockaddr_t
include/kapi_net_ext.h:291:40: warning: ‘struct sockaddr’ declared inside parameter list will not be visible outside of this definition or declaration
  291 | int kapi_bind(int sockfd, const struct sockaddr* addr, kapi_socklen_t addrlen);
      |                                        ^~~~~~~~
include/kapi_net_ext.h:291:5: error: conflicting types for ‘kapi_bind’; have ‘int(int,  const struct sockaddr *, kapi_socklen_t)’ {或称 ‘int(int,  const struct sockaddr *, unsigned int)’}
  291 | int kapi_bind(int sockfd, const struct sockaddr* addr, kapi_socklen_t addrlen);
      |     ^~~~~~~~~
In file included from include/kapi.h:58:
include/kapi_socket.h:61:5: note: previous declaration of ‘kapi_bind’ with type ‘int(kapi_sockfd_t,  const kapi_sockaddr_t *, size_t)’ {或称 ‘int(int,  const kapi_sockaddr_t *, long long unsigned int)’}
   61 | int kapi_bind(kapi_sockfd_t sockfd, const kapi_sockaddr_t* addr, size_t addrlen);
      |     ^~~~~~~~~
include/kapi_net_ext.h:295:36: warning: ‘struct sockaddr’ declared inside parameter list will not be visible outside of this definition or declaration
  295 | int kapi_accept(int sockfd, struct sockaddr* addr, kapi_socklen_t* addrlen);
      |                                    ^~~~~~~~
include/kapi_net_ext.h:295:5: error: conflicting types for ‘kapi_accept’; have ‘int(int,  struct sockaddr *, kapi_socklen_t *)’ {或称 ‘int(int,  struct sockaddr *, unsigned int *)’}
  295 | int kapi_accept(int sockfd, struct sockaddr* addr, kapi_socklen_t* addrlen);
      |     ^~~~~~~~~~~
include/kapi_socket.h:65:15: note: previous declaration of ‘kapi_accept’ with type ‘kapi_sockfd_t(kapi_sockfd_t,  kapi_sockaddr_t *, size_t *)’ {或称 ‘int(int,  kapi_sockaddr_t *, long long unsigned int *)’}
   65 | kapi_sockfd_t kapi_accept(kapi_sockfd_t sockfd, kapi_sockaddr_t* addr, size_t* addrlen);
      |               ^~~~~~~~~~~
include/kapi_net_ext.h:297:37: warning: ‘struct sockaddr’ declared inside parameter list will not be visible outside of this definition or declaration
  297 | int kapi_accept4(int sockfd, struct sockaddr* addr, kapi_socklen_t* addrlen, int flags);
      |                                     ^~~~~~~~
include/kapi_net_ext.h:299:43: warning: ‘struct sockaddr’ declared inside parameter list will not be visible outside of this definition or declaration
  299 | int kapi_connect(int sockfd, const struct sockaddr* addr, kapi_socklen_t addrlen);
      |                                           ^~~~~~~~
include/kapi_net_ext.h:299:5: error: conflicting types for ‘kapi_connect’; have ‘int(int,  const struct sockaddr *, kapi_socklen_t)’ {或称 ‘int(int,  const struct sockaddr *, unsigned int)’}
  299 | int kapi_connect(int sockfd, const struct sockaddr* addr, kapi_socklen_t addrlen);
      |     ^~~~~~~~~~~~
include/kapi_socket.h:67:5: note: previous declaration of ‘kapi_connect’ with type ‘int(kapi_sockfd_t,  const kapi_sockaddr_t *, size_t)’ {或称 ‘int(int,  const kapi_sockaddr_t *, long long unsigned int)’}
   67 | int kapi_connect(kapi_sockfd_t sockfd, const kapi_sockaddr_t* addr, size_t addrlen);
      |     ^~~~~~~~~~~~
include/kapi_net_ext.h:306:34: warning: ‘struct sockaddr’ declared inside parameter list will not be visible outside of this definition or declaration
  306 |                     const struct sockaddr* dest_addr, kapi_socklen_t addrlen);
      |                                  ^~~~~~~~
include/kapi_net_ext.h:305:9: error: conflicting types for ‘kapi_sendto’; have ‘ssize_t(int,  const void *, size_t,  int,  const struct sockaddr *, kapi_socklen_t)’ {或称 ‘long long int(int,  const void *, long long unsigned int,  int,  const struct sockaddr *, unsigned int)’}
  305 | ssize_t kapi_sendto(int sockfd, const void* buf, size_t len, int flags,
      |         ^~~~~~~~~~~
include/kapi_socket.h:73:9: note: previous declaration of ‘kapi_sendto’ with type ‘int64_t(kapi_sockfd_t,  const void *, size_t,  int,  const kapi_sockaddr_t *, size_t)’ {或称 ‘long long int(int,  const void *, long long unsigned int,  int,  const kapi_sockaddr_t *, long long unsigned int)’}
   73 | int64_t kapi_sendto(kapi_sockfd_t sockfd, const void* buf, size_t len, int flags,
      |         ^~~~~~~~~~~
include/kapi_net_ext.h:309:30: warning: ‘struct sockaddr’ declared inside parameter list will not be visible outside of this definition or declaration
  309 |                       struct sockaddr* src_addr, kapi_socklen_t* addrlen);
      |                              ^~~~~~~~
include/kapi_net_ext.h:308:9: error: conflicting types for ‘kapi_recvfrom’; have ‘ssize_t(int,  void *, size_t,  int,  struct sockaddr *, kapi_socklen_t *)’ {或称 ‘long long int(int,  void *, long long unsigned int,  int,  struct sockaddr *, unsigned int *)’}
  308 | ssize_t kapi_recvfrom(int sockfd, void* buf, size_t len, int flags,
      |         ^~~~~~~~~~~~~
include/kapi_socket.h:76:9: note: previous declaration of ‘kapi_recvfrom’ with type ‘int64_t(kapi_sockfd_t,  void *, size_t,  int,  kapi_sockaddr_t *, size_t *)’ {或称 ‘long long int(int,  void *, long long unsigned int,  int,  kapi_sockaddr_t *, long long unsigned int *)’}
   76 | int64_t kapi_recvfrom(kapi_sockfd_t sockfd, void* buf, size_t len, int flags,
      |         ^~~~~~~~~~~~~
include/kapi_net_ext.h:315:5: error: conflicting types for ‘kapi_getsockopt’; have ‘int(int,  int,  int,  void *, kapi_socklen_t *)’ {或称 ‘int(int,  int,  int,  void *, unsigned int *)’}
  315 | int kapi_getsockopt(int sockfd, int level, int optname, void* optval, kapi_socklen_t* optlen);
      |     ^~~~~~~~~~~~~~~
include/kapi_socket.h:82:5: note: previous declaration of ‘kapi_getsockopt’ with type ‘int(kapi_sockfd_t,  int,  int,  void *, size_t *)’ {或称 ‘int(int,  int,  int,  void *, long long unsigned int *)’}
   82 | int kapi_getsockopt(kapi_sockfd_t sockfd, int level, int optname,
      |     ^~~~~~~~~~~~~~~
include/kapi_net_ext.h:317:5: error: conflicting types for ‘kapi_setsockopt’; have ‘int(int,  int,  int,  const void *, kapi_socklen_t)’ {或称 ‘int(int,  int,  int,  const void *, unsigned int)’}
  317 | int kapi_setsockopt(int sockfd, int level, int optname, const void* optval, kapi_socklen_t optlen);
      |     ^~~~~~~~~~~~~~~
include/kapi_socket.h:79:5: note: previous declaration of ‘kapi_setsockopt’ with type ‘int(kapi_sockfd_t,  int,  int,  const void *, size_t)’ {或称 ‘int(int,  int,  int,  const void *, long long unsigned int)’}
   79 | int kapi_setsockopt(kapi_sockfd_t sockfd, int level, int optname,
      |     ^~~~~~~~~~~~~~~
include/kapi_net_ext.h:319:41: warning: ‘struct sockaddr’ declared inside parameter list will not be visible outside of this definition or declaration
  319 | int kapi_getsockname(int sockfd, struct sockaddr* addr, kapi_socklen_t* addrlen);
      |                                         ^~~~~~~~
include/kapi_net_ext.h:319:5: error: conflicting types for ‘kapi_getsockname’; have ‘int(int,  struct sockaddr *, kapi_socklen_t *)’ {或称 ‘int(int,  struct sockaddr *, unsigned int *)’}
  319 | int kapi_getsockname(int sockfd, struct sockaddr* addr, kapi_socklen_t* addrlen);
      |     ^~~~~~~~~~~~~~~~
include/kapi_socket.h:89:5: note: previous declaration of ‘kapi_getsockname’ with type ‘int(kapi_sockfd_t,  kapi_sockaddr_t *, size_t *)’ {或称 ‘int(int,  kapi_sockaddr_t *, long long unsigned int *)’}
   89 | int kapi_getsockname(kapi_sockfd_t sockfd, kapi_sockaddr_t* addr, size_t* addrlen);
      |     ^~~~~~~~~~~~~~~~
include/kapi_net_ext.h:321:41: warning: ‘struct sockaddr’ declared inside parameter list will not be visible outside of this definition or declaration
  321 | int kapi_getpeername(int sockfd, struct sockaddr* addr, kapi_socklen_t* addrlen);
      |                                         ^~~~~~~~
include/kapi_net_ext.h:321:5: error: conflicting types for ‘kapi_getpeername’; have ‘int(int,  struct sockaddr *, kapi_socklen_t *)’ {或称 ‘int(int,  struct sockaddr *, unsigned int *)’}
  321 | int kapi_getpeername(int sockfd, struct sockaddr* addr, kapi_socklen_t* addrlen);
      |     ^~~~~~~~~~~~~~~~
include/kapi_socket.h:91:5: note: previous declaration of ‘kapi_getpeername’ with type ‘int(kapi_sockfd_t,  kapi_sockaddr_t *, size_t *)’ {或称 ‘int(int,  kapi_sockaddr_t *, long long unsigned int *)’}
   91 | int kapi_getpeername(kapi_sockfd_t sockfd, kapi_sockaddr_t* addr, size_t* addrlen);
      |     ^~~~~~~~~~~~~~~~
include/kapi_net_ext.h:353:61: error: unknown type name ‘kapi_sigset_t’; did you mean ‘kapi_kset_t’?
  353 |                  const struct kapi_timespec* timeout, const kapi_sigset_t* sigmask);
      |                                                             ^~~~~~~~~~~~~
      |                                                             kapi_kset_t
include/kapi_net_ext.h:358:22: error: unknown type name ‘kapi_sigset_t’; did you mean ‘kapi_kset_t’?
  358 |                const kapi_sigset_t* sigmask);
      |                      ^~~~~~~~~~~~~
      |                      kapi_kset_t
include/kapi_net_ext.h:394:47: warning: ‘struct sockaddr’ declared inside parameter list will not be visible outside of this definition or declaration
  394 | int kapi_udp_connect(int sockfd, const struct sockaddr* addr, kapi_socklen_t addrlen);
      |                                               ^~~~~~~~
kernel/gui/src/textedit.c: 在函数‘te_int_to_str’中:
kernel/gui/src/textedit.c:84:34: warning: conversion from ‘uint32_t’ {或称 ‘unsigned int’} to ‘char’ may change value [-Wconversion]
   84 |     while (val > 0) { tmp[i++] = '0' + (val % 10); val /= 10; }
      |                                  ^~~
kernel/gui/src/textedit.c: 在函数‘te_draw_line_numbers’中:
kernel/gui/src/textedit.c:274:69: warning: 未使用的参数‘cw’ [-Wunused-parameter]
  274 | static void te_draw_line_numbers(uint32_t cx, uint32_t cy, uint32_t cw, uint32_t ch) {
      |                                                            ~~~~~~~~~^~
In file included from /usr/x86_64-w64-mingw32/include/pthread_time.h:27,
                 from /usr/x86_64-w64-mingw32/include/time.h:329,
                 from include/kapi_profiler.h:6,
                 from include/kapi.h:78:
/usr/x86_64-w64-mingw32/include/pthread_compat.h: 在文件作用域：
/usr/x86_64-w64-mingw32/include/pthread_compat.h:94:24: error: conflicting types for ‘mode_t’; have ‘short unsigned int’
   94 | typedef unsigned short mode_t;
In file included from include/kapi.h:109:
include/kapi_poll.h:48:5: error: conflicting types for ‘kapi_ppoll’; have ‘int(kapi_pollfd_t *, uint32_t,  uint64_t *, const uint64_t *)’ {或称 ‘int(kapi_pollfd_t *, unsigned int,  long long unsigned int *, const long long unsigned int *)’}
      |                        ^~~~~~
   48 | int kapi_ppoll(kapi_pollfd_t* fds, uint32_t nfds, uint64_t* timeout_ms,
      |     ^~~~~~~~~~
include/kapi_net_ext.h:357:5: note: previous declaration of ‘kapi_ppoll’ with type ‘int(struct kapi_pollfd *, kapi_nfds_t,  const struct kapi_timespec *, const int *)’ {或称 ‘int(struct kapi_pollfd *, unsigned int,  const struct kapi_timespec *, const int *)’}
In file included from kernel/arch/x86_64/include/arch/vga.h:4,
  357 | int kapi_ppoll(struct kapi_pollfd* fds, kapi_nfds_t nfds, const struct kapi_timespec* tmo_p,
      |     ^~~~~~~~~~
                 from kernel/kernel/kernel.c:1:
kernel/arch/x86_64/include/arch/types.h:22:18: note: previous declaration of ‘mode_t’ with type ‘mode_t’ {或称 ‘long long unsigned int’}
   22 | typedef uint64_t mode_t;
      |                  ^~~~~~
kernel/kernel/shell_enhanced.c:238:12: warning: ‘shell_create_pipe’ 在此处定义 [-Wunused-function]
  238 | static int shell_create_pipe(int pipefd[2])
      |            ^~~~~~~~~~~~~~~~~
kernel/kernel/shell_enhanced.c:139:13: warning: ‘shell_unquote’ 在此处定义 [-Wunused-function]
  139 | static void shell_unquote(char* dst, const char* src, uint64_t max)
      |             ^~~~~~~~~~~~~
kernel/kernel/shell_enhanced.c:84:17: warning: ‘history_index’ 在此处定义 [-Wunused-variable]
   84 | static uint32_t history_index = 0;
      |                 ^~~~~~~~~~~~~
In file included from include/kapi.h:100:
include/kapi_net_ext.h:24:5: error: unknown type name ‘kapi_in_addr_t’; did you mean ‘kapi_inode_t’?
   24 |     kapi_in_addr_t s_addr;
      |     ^~~~~~~~~~~~~~
      |     kapi_inode_t
include/kapi_net_ext.h:28:5: error: unknown type name ‘kapi_in6_addr_t’; did you mean ‘kapi_sockaddr_t’?
   28 |     kapi_in6_addr_t s6_addr;
      |     ^~~~~~~~~~~~~~~
      |     kapi_sockaddr_t
include/kapi_net_ext.h:291:5: error: conflicting types for ‘kapi_bind’; have ‘int(int,  const struct sockaddr *, kapi_socklen_t)’ {或称 ‘int(int,  const struct sockaddr *, unsigned int)’}
  291 | int kapi_bind(int sockfd, const struct sockaddr* addr, kapi_socklen_t addrlen);
      |     ^~~~~~~~~
In file included from include/kapi.h:58:
include/kapi_socket.h:61:5: note: previous declaration of ‘kapi_bind’ with type ‘int(kapi_sockfd_t,  const kapi_sockaddr_t *, size_t)’ {或称 ‘int(int,  const kapi_sockaddr_t *, long long unsigned int)’}
   61 | int kapi_bind(kapi_sockfd_t sockfd, const kapi_sockaddr_t* addr, size_t addrlen);
      |     ^~~~~~~~~
include/kapi_net_ext.h:295:5: error: conflicting types for ‘kapi_accept’; have ‘int(int,  struct sockaddr *, kapi_socklen_t *)’ {或称 ‘int(int,  struct sockaddr *, unsigned int *)’}
  295 | int kapi_accept(int sockfd, struct sockaddr* addr, kapi_socklen_t* addrlen);
      |     ^~~~~~~~~~~
include/kapi_socket.h:65:15: note: previous declaration of ‘kapi_accept’ with type ‘kapi_sockfd_t(kapi_sockfd_t,  kapi_sockaddr_t *, size_t *)’ {或称 ‘int(int,  kapi_sockaddr_t *, long long unsigned int *)’}
   65 | kapi_sockfd_t kapi_accept(kapi_sockfd_t sockfd, kapi_sockaddr_t* addr, size_t* addrlen);
      |               ^~~~~~~~~~~
include/kapi_net_ext.h:299:5: error: conflicting types for ‘kapi_connect’; have ‘int(int,  const struct sockaddr *, kapi_socklen_t)’ {或称 ‘int(int,  const struct sockaddr *, unsigned int)’}
  299 | int kapi_connect(int sockfd, const struct sockaddr* addr, kapi_socklen_t addrlen);
      |     ^~~~~~~~~~~~
include/kapi_socket.h:67:5: note: previous declaration of ‘kapi_connect’ with type ‘int(kapi_sockfd_t,  const kapi_sockaddr_t *, size_t)’ {或称 ‘int(int,  const kapi_sockaddr_t *, long long unsigned int)’}
   67 | int kapi_connect(kapi_sockfd_t sockfd, const kapi_sockaddr_t* addr, size_t addrlen);
      |     ^~~~~~~~~~~~
include/kapi_net_ext.h:305:9: error: conflicting types for ‘kapi_sendto’; have ‘ssize_t(int,  const void *, size_t,  int,  const struct sockaddr *, kapi_socklen_t)’ {或称 ‘long long int(int,  const void *, long long unsigned int,  int,  const struct sockaddr *, unsigned int)’}
  305 | ssize_t kapi_sendto(int sockfd, const void* buf, size_t len, int flags,
      |         ^~~~~~~~~~~
include/kapi_socket.h:73:9: note: previous declaration of ‘kapi_sendto’ with type ‘int64_t(kapi_sockfd_t,  const void *, size_t,  int,  const kapi_sockaddr_t *, size_t)’ {或称 ‘long long int(int,  const void *, long long unsigned int,  int,  const kapi_sockaddr_t *, long long unsigned int)’}
   73 | int64_t kapi_sendto(kapi_sockfd_t sockfd, const void* buf, size_t len, int flags,
      |         ^~~~~~~~~~~
include/kapi_net_ext.h:308:9: error: conflicting types for ‘kapi_recvfrom’; have ‘ssize_t(int,  void *, size_t,  int,  struct sockaddr *, kapi_socklen_t *)’ {或称 ‘long long int(int,  void *, long long unsigned int,  int,  struct sockaddr *, unsigned int *)’}
  308 | ssize_t kapi_recvfrom(int sockfd, void* buf, size_t len, int flags,
      |         ^~~~~~~~~~~~~
include/kapi_socket.h:76:9: note: previous declaration of ‘kapi_recvfrom’ with type ‘int64_t(kapi_sockfd_t,  void *, size_t,  int,  kapi_sockaddr_t *, size_t *)’ {或称 ‘long long int(int,  void *, long long unsigned int,  int,  kapi_sockaddr_t *, long long unsigned int *)’}
   76 | int64_t kapi_recvfrom(kapi_sockfd_t sockfd, void* buf, size_t len, int flags,
      |         ^~~~~~~~~~~~~
include/kapi_net_ext.h:315:5: error: conflicting types for ‘kapi_getsockopt’; have ‘int(int,  int,  int,  void *, kapi_socklen_t *)’ {或称 ‘int(int,  int,  int,  void *, unsigned int *)’}
  315 | int kapi_getsockopt(int sockfd, int level, int optname, void* optval, kapi_socklen_t* optlen);
      |     ^~~~~~~~~~~~~~~
include/kapi_socket.h:82:5: note: previous declaration of ‘kapi_getsockopt’ with type ‘int(kapi_sockfd_t,  int,  int,  void *, size_t *)’ {或称 ‘int(int,  int,  int,  void *, long long unsigned int *)’}
   82 | int kapi_getsockopt(kapi_sockfd_t sockfd, int level, int optname,
      |     ^~~~~~~~~~~~~~~
include/kapi_net_ext.h:317:5: error: conflicting types for ‘kapi_setsockopt’; have ‘int(int,  int,  int,  const void *, kapi_socklen_t)’ {或称 ‘int(int,  int,  int,  const void *, unsigned int)’}
  317 | int kapi_setsockopt(int sockfd, int level, int optname, const void* optval, kapi_socklen_t optlen);
      |     ^~~~~~~~~~~~~~~
include/kapi_socket.h:79:5: note: previous declaration of ‘kapi_setsockopt’ with type ‘int(kapi_sockfd_t,  int,  int,  const void *, size_t)’ {或称 ‘int(int,  int,  int,  const void *, long long unsigned int)’}
   79 | int kapi_setsockopt(kapi_sockfd_t sockfd, int level, int optname,
      |     ^~~~~~~~~~~~~~~
include/kapi_net_ext.h:319:5: error: conflicting types for ‘kapi_getsockname’; have ‘int(int,  struct sockaddr *, kapi_socklen_t *)’ {或称 ‘int(int,  struct sockaddr *, unsigned int *)’}
  319 | int kapi_getsockname(int sockfd, struct sockaddr* addr, kapi_socklen_t* addrlen);
      |     ^~~~~~~~~~~~~~~~
include/kapi_socket.h:89:5: note: previous declaration of ‘kapi_getsockname’ with type ‘int(kapi_sockfd_t,  kapi_sockaddr_t *, size_t *)’ {或称 ‘int(int,  kapi_sockaddr_t *, long long unsigned int *)’}
   89 | int kapi_getsockname(kapi_sockfd_t sockfd, kapi_sockaddr_t* addr, size_t* addrlen);
      |     ^~~~~~~~~~~~~~~~
include/kapi_net_ext.h:321:5: error: conflicting types for ‘kapi_getpeername’; have ‘int(int,  struct sockaddr *, kapi_socklen_t *)’ {或称 ‘int(int,  struct sockaddr *, unsigned int *)’}
  321 | int kapi_getpeername(int sockfd, struct sockaddr* addr, kapi_socklen_t* addrlen);
      |     ^~~~~~~~~~~~~~~~
include/kapi_socket.h:91:5: note: previous declaration of ‘kapi_getpeername’ with type ‘int(kapi_sockfd_t,  kapi_sockaddr_t *, size_t *)’ {或称 ‘int(int,  kapi_sockaddr_t *, long long unsigned int *)’}
   91 | int kapi_getpeername(kapi_sockfd_t sockfd, kapi_sockaddr_t* addr, size_t* addrlen);
      |     ^~~~~~~~~~~~~~~~
include/kapi_net_ext.h:353:61: error: unknown type name ‘kapi_sigset_t’; did you mean ‘kapi_kset_t’?
  353 |                  const struct kapi_timespec* timeout, const kapi_sigset_t* sigmask);
      |                                                             ^~~~~~~~~~~~~
      |                                                             kapi_kset_t
include/kapi_net_ext.h:358:22: error: unknown type name ‘kapi_sigset_t’; did you mean ‘kapi_kset_t’?
  358 |                const kapi_sigset_t* sigmask);
      |                      ^~~~~~~~~~~~~
      |                      kapi_kset_t
In file included from include/kapi.h:109:
include/kapi_poll.h:48:5: error: conflicting types for ‘kapi_ppoll’; have ‘int(kapi_pollfd_t *, uint32_t,  uint64_t *, const uint64_t *)’ {或称 ‘int(kapi_pollfd_t *, unsigned int,  long long unsigned int *, const long long unsigned int *)’}
   48 | int kapi_ppoll(kapi_pollfd_t* fds, uint32_t nfds, uint64_t* timeout_ms,
      |     ^~~~~~~~~~
include/kapi_net_ext.h:357:5: note: previous declaration of ‘kapi_ppoll’ with type ‘int(struct kapi_pollfd *, kapi_nfds_t,  const struct kapi_timespec *, const int *)’ {或称 ‘int(struct kapi_pollfd *, unsigned int,  const struct kapi_timespec *, const int *)’}
  357 | int kapi_ppoll(struct kapi_pollfd* fds, kapi_nfds_t nfds, const struct kapi_timespec* tmo_p,
      |     ^~~~~~~~~~
FAILED TASK run all: command failed with exit 1: x86_64-w64-mingw32-gcc -Wall -Wextra -Wpedantic -Wshadow -Wcast-align -Wconversion -Wsign-conversion -Wnull-dereference -Wdouble-promotion -Wformat=2 -std=c17 -O2 -m64 -mcmodel=large -ffreestanding -fno-pic -nostdlib -nostartfiles -nodefaultlibs -mno-stack-arg-probe -fno-asynchronous-unwind-tables -fno-unwind-tables -DKAL_KERNEL -Iinclude -Ikernel/include -Ikernel/kernel -Ikernel/arch/x86_64/include -Ikernel/lib/libc/include -Ikernel/systemd/include -Iapps/container-os/include -Ikernel/gui/include -Ikernel/compat -Ikal/include -MMD -MF build/obj/kernel/kernel/kernel.c.o.d -c kernel/kernel/kernel.c -o build/obj/kernel/kernel/kernel.c.o
