-- Start building task run all -- (351978557)
-- Start building task all -- (0)
-- Start building task kernel -- (1)
-- Enter folder kernel/api --
<0> Building kernel/api/kapi_blkdev.c
<3> Building kernel/api/kapi_bitmap.c
<1> Building kernel/api/kapi_container.c
<2> Building kernel/api/kapi_atomic.c
-- Enter folder kal/src --
<3> Building kal/src/kal_ssi.c
<2> Building kal/src/kal_registry.c
kal/src/kal_ssi.c: 在函数‘kal_read’中:
kal/src/kal_ssi.c:77:57: warning: 将一个指针转换为大小不同的整数 [-Wpointer-to-int-cast]
   77 |         return b->syscall ? b->syscall(KAL_NR_READ, fd, (long)buf, (long)n, 0,0,0)
      |                                                         ^
kal/src/kal_ssi.c: 在函数‘kal_write’中:
kal/src/kal_ssi.c:90:58: warning: 将一个指针转换为大小不同的整数 [-Wpointer-to-int-cast]
   90 |         return b->syscall ? b->syscall(KAL_NR_WRITE, fd, (long)buf, (long)n, 0,0,0)
      |                                                          ^
kal/src/kal_ssi.c: 在函数‘kal_sched_setaffinity’中:
kal/src/kal_ssi.c:173:69: warning: 将一个指针转换为大小不同的整数 [-Wpointer-to-int-cast]
  173 |     long r = b->syscall(KAL_NR_SCHED_SETAFF, pid, (long)cpusetsize, (long)mask, 0,0,0);
      |                                                                     ^
kal/src/kal_ssi.c: 在函数‘kal_ioctl’中:
kal/src/kal_ssi.c:183:58: warning: 将一个指针转换为大小不同的整数 [-Wpointer-to-int-cast]
  183 |     long r = b->syscall(KAL_NR_IOCTL, fd, (long)request, (long)arg, 0,0,0);
      |                                                          ^
kal/src/kal_ssi.c: 在函数‘kal_sendmsg’中:
kal/src/kal_ssi.c:221:43: warning: 将一个指针转换为大小不同的整数 [-Wpointer-to-int-cast]
  221 |     return b->syscall(KAL_NR_SENDMSG, fd, (long)msg, flags, 0,0,0);
      |                                           ^
kal/src/kal_ssi.c: 在函数‘kal_recvmsg’中:
kal/src/kal_ssi.c:228:43: warning: 将一个指针转换为大小不同的整数 [-Wpointer-to-int-cast]
  228 |     return b->syscall(KAL_NR_RECVMSG, fd, (long)msg, flags, 0,0,0);
      |                                           ^
kal/src/kal_ssi.c: 在函数‘kal_ipc_send’中:
kal/src/kal_ssi.c:245:46: warning: 将一个指针转换为大小不同的整数 [-Wpointer-to-int-cast]
  245 |         long r = b->syscall(KAL_NR_IPC_SEND, (long)ch, (long)data, (long)n, 0,0,0);
      |                                              ^
kal/src/kal_ssi.c:245:56: warning: 将一个指针转换为大小不同的整数 [-Wpointer-to-int-cast]
  245 |         long r = b->syscall(KAL_NR_IPC_SEND, (long)ch, (long)data, (long)n, 0,0,0);
      |                                                        ^
<2> Building kal/src/kal_marshalling.c
<1> Building kal/src/kal_governance.c
<2> Building kal/src/kal_errno.c
<0> Building kal/src/kal_dispatcher.c
kal/src/kal_dispatcher.c: 在函数‘kal_dispatcher_syscall’中:
kal/src/kal_dispatcher.c:97:47: warning: 将一个整数转换为大小不同的指针 [-Wint-to-pointer-cast]
   97 |         kal_err_t e = kal_marshall_check_open((const char *)a0, (int)a1);
      |                                               ^
kal/src/kal_dispatcher.c:101:65: warning: 将一个整数转换为大小不同的指针 [-Wint-to-pointer-cast]
  101 |                                             nr == KAL_NR_READ ? (void*)a1 : (void*)a1,
      |                                                                 ^
kal/src/kal_dispatcher.c:101:77: warning: 将一个整数转换为大小不同的指针 [-Wint-to-pointer-cast]
  101 |                                             nr == KAL_NR_READ ? (void*)a1 : (void*)a1,
      |                                                                             ^
<2> Building kal/src/kal_capability.c
-- Enter folder kal/adapters --
<3> Building kal/adapters/microkernel_adapter.c
kal/adapters/microkernel_adapter.c: 在函数‘mk_syscall’中:
kal/adapters/microkernel_adapter.c:45:58: warning: 将一个整数转换为大小不同的指针 [-Wint-to-pointer-cast]
   45 |             printf("[microkernel] syscall open('%s')\n", (const char *)a0);
      |                                                          ^
kal/adapters/microkernel_adapter.c:39:47: warning: 未使用的参数‘a1’ [-Wunused-parameter]
   39 | static long mk_syscall(long nr, long a0, long a1, long a2,
      |                                          ~~~~~^~
<0> Building kal/adapters/linuxlike_adapter.c
<2> Building kal/adapters/kenux_adapter.c
kal/adapters/linuxlike_adapter.c: 在函数‘ll_syscall’中:
kal/adapters/linuxlike_adapter.c:52:32: warning: 将一个整数转换为大小不同的指针 [-Wint-to-pointer-cast]
   52 |             const char *path = (const char *)a0;
      |                                ^
<1> Building kal/adapters/kal_builtins.c
kal/adapters/kenux_adapter.c: 在函数‘ke_syscall’中:
kal/adapters/kenux_adapter.c:44:38: warning: 未使用的参数‘a0’ [-Wunused-parameter]
   44 | static long ke_syscall(long nr, long a0, long a1, long a2,
      |                                 ~~~~~^~
kal/adapters/kenux_adapter.c:44:47: warning: 未使用的参数‘a1’ [-Wunused-parameter]
   44 | static long ke_syscall(long nr, long a0, long a1, long a2,
      |                                          ~~~~~^~
<3> Building kal/adapters/custom_adapter.c
-- Enter folder apps/container-os/src --
<1> Building apps/container-os/src/volume.c
kal/adapters/custom_adapter.c: 在函数‘cu_syscall’中:
kal/adapters/custom_adapter.c:44:53: warning: 将一个整数转换为大小不同的指针 [-Wint-to-pointer-cast]
   44 |             printf("[custom] syscall open('%s')\n", (const char *)a0);
      |                                                     ^
kal/adapters/custom_adapter.c:39:47: warning: 未使用的参数‘a1’ [-Wunused-parameter]
   39 | static long cu_syscall(long nr, long a0, long a1, long a2,
      |                                          ~~~~~^~
<2> Building apps/container-os/src/manager.c
<0> Building apps/container-os/src/image.c
<3> Building apps/container-os/src/container.c
-- Enter folder kernel/arch/x86_64/boot --
<1> Building kernel/arch/x86_64/boot/start64.s
kernel/arch/x86_64/boot/start64.s:10: warning: implicit DEFAULT ABS is deprecated [-w+implicit-abs-deprecated]
-- Enter folder img/boot --
<2> Building img/boot/kernel.elf.pe
/usr/x86_64-w64-mingw32/bin/ld: build/obj/kernel/arch/x86_64/ioapic.c.o:ioapic.c:(.text+0xa0): multiple definition of `ioapic_init'; build/obj/kernel/arch/x86_64/apic.c.o:apic.c:(.text+0x4b0): first defined here
/usr/x86_64-w64-mingw32/bin/ld: build/obj/kernel/arch/x86_64/slab.c.o:slab.c:(.text+0x8b0): multiple definition of `kmalloc'; build/obj/kernel/arch/x86_64/memory.c.o:memory.c:(.text+0x90): first defined here
/usr/x86_64-w64-mingw32/bin/ld: build/obj/kernel/arch/x86_64/slab.c.o:slab.c:(.text+0x960): multiple definition of `kzalloc'; build/obj/kernel/arch/x86_64/memory.c.o:memory.c:(.text+0x1a0): first defined here
/usr/x86_64-w64-mingw32/bin/ld: build/obj/kernel/arch/x86_64/slab.c.o:slab.c:(.text+0x9a0): multiple definition of `kfree'; build/obj/kernel/arch/x86_64/memory.c.o:memory.c:(.text+0x140): first defined here
/usr/x86_64-w64-mingw32/bin/ld: build/obj/kernel/arch/x86_64/win32_advapi32.c.o:win32_advapi32.c:(.text+0xcc0): multiple definition of `ChangeServiceConfigA'; build/obj/kernel/arch/x86_64/scm.c.o:scm.c:(.text+0x1210): first defined here
/usr/x86_64-w64-mingw32/bin/ld: build/obj/kernel/arch/x86_64/win32_kernel32.c.o:win32_kernel32.c:(.text+0x5f0): multiple definition of `GetSystemMetrics'; build/obj/kernel/arch/x86_64/win32_gdi_and_msg.c.o:win32_gdi_and_msg.c:(.text+0x710): first defined here
/usr/x86_64-w64-mingw32/bin/ld: build/obj/kernel/arch/x86_64/win32_process.c.o:win32_process.c:(.text+0x1270): multiple definition of `NtClose'; build/obj/kernel/arch/x86_64/win32_ntdll.c.o:win32_ntdll.c:(.text+0xbc0): first defined here
/usr/x86_64-w64-mingw32/bin/ld: build/obj/kernel/arch/x86_64/win32_process.c.o:win32_process.c:(.text+0x1290): multiple definition of `NtAllocateVirtualMemory'; build/obj/kernel/arch/x86_64/win32_ntdll.c.o:win32_ntdll.c:(.text+0xd50): first defined here
/usr/x86_64-w64-mingw32/bin/ld: build/obj/kernel/arch/x86_64/win32_process.c.o:win32_process.c:(.text+0x1300): multiple definition of `NtFreeVirtualMemory'; build/obj/kernel/arch/x86_64/win32_ntdll.c.o:win32_ntdll.c:(.text+0xdc0): first defined here
/usr/x86_64-w64-mingw32/bin/ld: build/obj/kernel/arch/x86_64/win32_process.c.o:win32_process.c:(.text+0x1340): multiple definition of `NtQueryInformationProcess'; build/obj/kernel/arch/x86_64/win32_ntdll.c.o:win32_ntdll.c:(.text+0xfb0): first defined here
/usr/x86_64-w64-mingw32/bin/ld: build/obj/kernel/arch/x86_64/win32_process.c.o:win32_process.c:(.text+0x13a0): multiple definition of `NtQueryInformationThread'; build/obj/kernel/arch/x86_64/win32_ntdll.c.o:win32_ntdll.c:(.text+0x1020): first defined here
/usr/x86_64-w64-mingw32/bin/ld: build/obj/kernel/arch/x86_64/win32_process.c.o:win32_process.c:(.text+0x1400): multiple definition of `NtCreateFile'; build/obj/kernel/arch/x86_64/win32_ntdll.c.o:win32_ntdll.c:(.text+0xae0): first defined here
/usr/x86_64-w64-mingw32/bin/ld: build/obj/kernel/arch/x86_64/win32_process.c.o:win32_process.c:(.text+0x1440): multiple definition of `NtReadFile'; build/obj/kernel/arch/x86_64/win32_ntdll.c.o:win32_ntdll.c:(.text+0xb00): first defined here
/usr/x86_64-w64-mingw32/bin/ld: build/obj/kernel/arch/x86_64/win32_process.c.o:win32_process.c:(.text+0x14b0): multiple definition of `NtWriteFile'; build/obj/kernel/arch/x86_64/win32_ntdll.c.o:win32_ntdll.c:(.text+0xb70): first defined here
/usr/x86_64-w64-mingw32/bin/ld: build/obj/kernel/arch/x86_64/win32_security.c.o:win32_security.c:(.text+0x1050): multiple definition of `OpenProcessToken'; build/obj/kernel/arch/x86_64/win32_advapi32.c.o:win32_advapi32.c:(.text+0x3760): first defined here
/usr/x86_64-w64-mingw32/bin/ld: build/obj/kernel/arch/x86_64/win32_security.c.o:win32_security.c:(.text+0x10c0): multiple definition of `OpenThreadToken'; build/obj/kernel/arch/x86_64/win32_advapi32.c.o:win32_advapi32.c:(.text+0x3830): first defined here
/usr/x86_64-w64-mingw32/bin/ld: build/obj/kernel/arch/x86_64/win32_security.c.o:win32_security.c:(.text+0x1150): multiple definition of `LookupPrivilegeValueA'; build/obj/kernel/arch/x86_64/win32_advapi32.c.o:win32_advapi32.c:(.text+0x3fa0): first defined here
/usr/x86_64-w64-mingw32/bin/ld: build/obj/kernel/arch/x86_64/win32_security.c.o:win32_security.c:(.text+0x1220): multiple definition of `LookupAccountSidA'; build/obj/kernel/arch/x86_64/win32_advapi32.c.o:win32_advapi32.c:(.text+0x44a0): first defined here
/usr/x86_64-w64-mingw32/bin/ld: build/obj/kernel/arch/x86_64/win32_security.c.o:win32_security.c:(.text+0x1470): multiple definition of `LookupAccountNameA'; build/obj/kernel/arch/x86_64/win32_advapi32.c.o:win32_advapi32.c:(.text+0x41c0): first defined here
/usr/x86_64-w64-mingw32/bin/ld: build/obj/kernel/arch/x86_64/win32_shell.c.o:win32_shell.c:(.text+0x5ae0): multiple definition of `CreateProcessA'; build/obj/kernel/arch/x86_64/win32_kernel32.c.o:win32_kernel32.c:(.text+0x47b0): first defined here
/usr/x86_64-w64-mingw32/bin/ld: build/obj/kernel/arch/x86_64/win32_shell.c.o:win32_shell.c:(.text+0x8470): multiple definition of `TerminateProcess'; build/obj/kernel/arch/x86_64/win32_kernel32.c.o:win32_kernel32.c:(.text+0x4790): first defined here
/usr/x86_64-w64-mingw32/bin/ld: build/obj/kernel/arch/x86_64/win32_shell.c.o:win32_shell.c:(.text+0x8520): multiple definition of `GetExitCodeProcess'; build/obj/kernel/arch/x86_64/win32_kernel32.c.o:win32_kernel32.c:(.text+0x70): first defined here
/usr/x86_64-w64-mingw32/bin/ld: build/obj/kernel/arch/x86_64/win32_shell.c.o:win32_shell.c:(.text+0x8710): multiple definition of `CreatePipe'; build/obj/kernel/arch/x86_64/win32_kernel32.c.o:win32_kernel32.c:(.text+0x4b70): first defined here
/usr/x86_64-w64-mingw32/bin/ld: build/obj/kernel/kernel/fs.c.o:fs.c:(.text+0xa10): multiple definition of `vfs_find_path'; build/obj/kernel/api/kapi_fs.c.o:kapi_fs.c:(.text+0x190): first defined here
/usr/x86_64-w64-mingw32/bin/ld: build/obj/kernel/lib/libc/stdio.c.o:stdio.c:(.text+0x0): multiple definition of `sprintf'; build/obj/kernel/arch/x86_64/win32_msvcrt.c.o:win32_msvcrt.c:(.text+0x1a10): first defined here
/usr/x86_64-w64-mingw32/bin/ld: build/obj/kernel/lib/libc/stdio.c.o:stdio.c:(.text+0x30): multiple definition of `snprintf'; build/obj/kernel/arch/x86_64/win32_msvcrt.c.o:win32_msvcrt.c:(.text+0x1a40): first defined here
/usr/x86_64-w64-mingw32/bin/ld: build/obj/kernel/lib/libc/stdio.c.o:stdio.c:(.text+0x50): multiple definition of `printf'; build/obj/kernel/arch/x86_64/win32_msvcrt.c.o:win32_msvcrt.c:(.text+0x19a0): first defined here
/usr/x86_64-w64-mingw32/bin/ld: build/obj/kernel/lib/libc/stdio.c.o:stdio.c:(.text+0xa0): multiple definition of `puts'; build/obj/kernel/arch/x86_64/win32_msvcrt.c.o:win32_msvcrt.c:(.text+0x1b50): first defined here
/usr/x86_64-w64-mingw32/bin/ld: build/obj/kernel/lib/libc/stdio.c.o:stdio.c:(.text+0xd0): multiple definition of `putchar'; build/obj/kernel/arch/x86_64/win32_msvcrt.c.o:win32_msvcrt.c:(.text+0x1cf0): first defined here
/usr/x86_64-w64-mingw32/bin/ld: build/obj/kernel/lib/libc/stdlib.c.o:stdlib.c:(.text+0x0): multiple definition of `malloc'; build/obj/kernel/arch/x86_64/win32_msvcrt.c.o:win32_msvcrt.c:(.text+0xd00): first defined here
/usr/x86_64-w64-mingw32/bin/ld: build/obj/kernel/lib/libc/stdlib.c.o:stdlib.c:(.text+0x150): multiple definition of `free'; build/obj/kernel/arch/x86_64/win32_msvcrt.c.o:win32_msvcrt.c:(.text+0xde0): first defined here
/usr/x86_64-w64-mingw32/bin/ld: build/obj/kernel/lib/libc/stdlib.c.o:stdlib.c:(.text+0x270): multiple definition of `calloc'; build/obj/kernel/arch/x86_64/win32_msvcrt.c.o:win32_msvcrt.c:(.text+0xd20): first defined here
/usr/x86_64-w64-mingw32/bin/ld: build/obj/kernel/lib/libc/stdlib.c.o:stdlib.c:(.text+0x2b0): multiple definition of `realloc'; build/obj/kernel/arch/x86_64/win32_msvcrt.c.o:win32_msvcrt.c:(.text+0xd40): first defined here
/usr/x86_64-w64-mingw32/bin/ld: build/obj/kernel/lib/libc/stdlib.c.o:stdlib.c:(.text+0x3b0): multiple definition of `atexit'; build/obj/kernel/arch/x86_64/win32_msvcrt.c.o:win32_msvcrt.c:(.text+0x2830): first defined here
/usr/x86_64-w64-mingw32/bin/ld: build/obj/kernel/lib/libc/stdlib.c.o:stdlib.c:(.text+0x3f0): multiple definition of `exit'; build/obj/kernel/arch/x86_64/win32_msvcrt.c.o:win32_msvcrt.c:(.text+0x27c0): first defined here
/usr/x86_64-w64-mingw32/bin/ld: build/obj/kernel/lib/libc/stdlib.c.o:stdlib.c:(.text+0x480): multiple definition of `abort'; build/obj/kernel/arch/x86_64/win32_msvcrt.c.o:win32_msvcrt.c:(.text+0x27b0): first defined here
/usr/x86_64-w64-mingw32/bin/ld: build/obj/kernel/lib/libc/stdlib.c.o:stdlib.c:(.text+0x490): multiple definition of `atoi'; build/obj/kernel/arch/x86_64/win32_msvcrt.c.o:win32_msvcrt.c:(.text+0x14b0): first defined here
/usr/x86_64-w64-mingw32/bin/ld: build/obj/kernel/lib/libc/stdlib.c.o:stdlib.c:(.text+0x520): multiple definition of `atol'; build/obj/kernel/arch/x86_64/win32_msvcrt.c.o:win32_msvcrt.c:(.text+0x14d0): first defined here
/usr/x86_64-w64-mingw32/bin/ld: build/obj/kernel/lib/libc/stdlib.c.o:stdlib.c:(.text+0x530): multiple definition of `atoll'; build/obj/kernel/arch/x86_64/win32_msvcrt.c.o:win32_msvcrt.c:(.text+0x14f0): first defined here
/usr/x86_64-w64-mingw32/bin/ld: build/obj/kernel/lib/libc/stdlib.c.o:stdlib.c:(.text+0x730): multiple definition of `rand'; build/obj/kernel/arch/x86_64/win32_msvcrt.c.o:win32_msvcrt.c:(.text+0x2530): first defined here
/usr/x86_64-w64-mingw32/bin/ld: build/obj/kernel/lib/libc/stdlib.c.o:stdlib.c:(.text+0x750): multiple definition of `srand'; build/obj/kernel/arch/x86_64/win32_msvcrt.c.o:win32_msvcrt.c:(.text+0x2550): first defined here
/usr/x86_64-w64-mingw32/bin/ld: build/obj/kernel/lib/libc/string.c.o:string.c:(.text+0x0): multiple definition of `memset'; build/obj/kernel/arch/x86_64/win32_msvcrt.c.o:win32_msvcrt.c:(.text+0x1730): first defined here
/usr/x86_64-w64-mingw32/bin/ld: build/obj/kernel/lib/libc/string.c.o:string.c:(.text+0xc0): multiple definition of `memcpy'; build/obj/kernel/arch/x86_64/win32_msvcrt.c.o:win32_msvcrt.c:(.text+0x1800): first defined here
/usr/x86_64-w64-mingw32/bin/ld: build/obj/kernel/lib/libc/string.c.o:string.c:(.text+0x100): multiple definition of `strlen'; build/obj/kernel/arch/x86_64/win32_msvcrt.c.o:win32_msvcrt.c:(.text+0xe40): first defined here
/usr/x86_64-w64-mingw32/bin/ld: build/obj/kernel/lib/libc/string.c.o:string.c:(.text+0x130): multiple definition of `strcmp'; build/obj/kernel/arch/x86_64/win32_msvcrt.c.o:win32_msvcrt.c:(.text+0xfc0): first defined here
/usr/x86_64-w64-mingw32/bin/ld: build/obj/kernel/lib/libc/string.c.o:string.c:(.text+0x160): multiple definition of `strncpy'; build/obj/kernel/arch/x86_64/win32_msvcrt.c.o:win32_msvcrt.c:(.text+0xea0): first defined here
/usr/x86_64-w64-mingw32/bin/ld: build/obj/kernel/lib/libc/string.c.o:string.c:(.text+0x260): multiple definition of `memchr'; build/obj/kernel/arch/x86_64/win32_msvcrt.c.o:win32_msvcrt.c:(.text+0x18f0): first defined here
/usr/x86_64-w64-mingw32/bin/ld: build/obj/kernel/lib/libc/string.c.o:string.c:(.text+0x290): multiple definition of `memcmp'; build/obj/kernel/arch/x86_64/win32_msvcrt.c.o:win32_msvcrt.c:(.text+0x18a0): first defined here
/usr/x86_64-w64-mingw32/bin/ld: build/obj/kernel/lib/libc/string.c.o:string.c:(.text+0x2d0): multiple definition of `memmove'; build/obj/kernel/arch/x86_64/win32_msvcrt.c.o:win32_msvcrt.c:(.text+0x1840): first defined here
/usr/x86_64-w64-mingw32/bin/ld: build/obj/kernel/lib/libc/string.c.o:string.c:(.text+0x320): multiple definition of `strcat'; build/obj/kernel/arch/x86_64/win32_msvcrt.c.o:win32_msvcrt.c:(.text+0x1070): first defined here
/usr/x86_64-w64-mingw32/bin/ld: build/obj/kernel/lib/libc/string.c.o:string.c:(.text+0x390): multiple definition of `strcpy'; build/obj/kernel/arch/x86_64/win32_msvcrt.c.o:win32_msvcrt.c:(.text+0xe70): first defined here
/usr/x86_64-w64-mingw32/bin/ld: build/obj/kernel/lib/libc/string.c.o:string.c:(.text+0x4b0): multiple definition of `strchr'; build/obj/kernel/arch/x86_64/win32_msvcrt.c.o:win32_msvcrt.c:(.text+0x1130): first defined here
/usr/x86_64-w64-mingw32/bin/ld: build/obj/kernel/lib/libc/string.c.o:string.c:(.text+0x4f0): multiple definition of `strrchr'; build/obj/kernel/arch/x86_64/win32_msvcrt.c.o:win32_msvcrt.c:(.text+0x1170): first defined here
/usr/x86_64-w64-mingw32/bin/ld: build/obj/kernel/lib/libc/string.c.o:string.c:(.text+0x520): multiple definition of `strncmp'; build/obj/kernel/arch/x86_64/win32_msvcrt.c.o:win32_msvcrt.c:(.text+0x1020): first defined here
/usr/x86_64-w64-mingw32/bin/ld: build/obj/kernel/lib/libc/string.c.o:string.c:(.text+0x560): multiple definition of `strncat'; build/obj/kernel/arch/x86_64/win32_msvcrt.c.o:win32_msvcrt.c:(.text+0x10c0): first defined here
/usr/x86_64-w64-mingw32/bin/ld: build/obj/kernel/lib/libc/string.c.o:string.c:(.text+0x5f0): multiple definition of `strstr'; build/obj/kernel/arch/x86_64/win32_msvcrt.c.o:win32_msvcrt.c:(.text+0x11b0): first defined here
/usr/x86_64-w64-mingw32/bin/ld: build/obj/kernel/lib/libc/string.c.o:string.c:(.text+0x670): multiple definition of `strtok'; build/obj/kernel/arch/x86_64/win32_msvcrt.c.o:win32_msvcrt.c:(.text+0x1360): first defined here
/usr/x86_64-w64-mingw32/bin/ld: build/obj/kernel/lib/libc/unistd.c.o:unistd.c:(.text+0x270): multiple definition of `rename'; build/obj/kernel/arch/x86_64/win32_msvcrt.c.o:win32_msvcrt.c:(.text+0x2410): first defined here
/usr/x86_64-w64-mingw32/bin/ld: build/obj/kernel/lib/libc/unistd.c.o:unistd.c:(.text+0x350): multiple definition of `getenv'; build/obj/kernel/arch/x86_64/win32_msvcrt.c.o:win32_msvcrt.c:(.text+0x2870): first defined here
/usr/x86_64-w64-mingw32/bin/ld: build/obj/kernel/lib/libc/unistd.c.o:unistd.c:(.text+0x680): multiple definition of `system'; build/obj/kernel/arch/x86_64/win32_msvcrt.c.o:win32_msvcrt.c:(.text+0x28c0): first defined here
/usr/x86_64-w64-mingw32/bin/ld: build/obj/kernel/lib/libc/unistd.c.o:unistd.c:(.text+0x740): multiple definition of `_exit'; build/obj/kernel/arch/x86_64/win32_msvcrt.c.o:win32_msvcrt.c:(.text+0x2820): first defined here
/usr/x86_64-w64-mingw32/bin/ld: build/obj/kernel/lib/libc/vsprintf.c.o:vsprintf.c:(.text+0x0): multiple definition of `vsprintf'; build/obj/kernel/arch/x86_64/win32_msvcrt.c.o:win32_msvcrt.c:(.text+0x1970): first defined here
/usr/x86_64-w64-mingw32/bin/ld: build/obj/kernel/lib/libc/vsprintf.c.o:vsprintf.c:(.text+0x2a0): multiple definition of `vsnprintf'; build/obj/kernel/arch/x86_64/win32_msvcrt.c.o:win32_msvcrt.c:(.text+0x1990): first defined here
/usr/x86_64-w64-mingw32/bin/ld: build/obj/kernel/api/kapi_init.c.o:kapi_init.c:(.rdata$.refptr.kapi_inotify_init_module[.refptr.kapi_inotify_init_module]+0x0): undefined reference to `kapi_inotify_init_module'
/usr/x86_64-w64-mingw32/bin/ld: build/obj/kernel/api/kapi_init.c.o:kapi_init.c:(.rdata$.refptr.kapi_eventfd_init[.refptr.kapi_eventfd_init]+0x0): undefined reference to `kapi_eventfd_init'
/usr/x86_64-w64-mingw32/bin/ld: build/obj/kernel/api/kapi_init.c.o:kapi_init.c:(.rdata$.refptr.kapi_timerfd_init[.refptr.kapi_timerfd_init]+0x0): undefined reference to `kapi_timerfd_init'
/usr/x86_64-w64-mingw32/bin/ld: build/obj/kernel/api/kapi_init.c.o:kapi_init.c:(.rdata$.refptr.kapi_signalfd_init[.refptr.kapi_signalfd_init]+0x0): undefined reference to `kapi_signalfd_init'
/usr/x86_64-w64-mingw32/bin/ld: build/obj/kernel/api/kapi_init.c.o:kapi_init.c:(.rdata$.refptr.kapi_poll_init[.refptr.kapi_poll_init]+0x0): undefined reference to `kapi_poll_init'
/usr/x86_64-w64-mingw32/bin/ld: build/obj/kernel/api/kapi_init.c.o:kapi_init.c:(.rdata$.refptr.kapi_epoll_init[.refptr.kapi_epoll_init]+0x0): undefined reference to `kapi_epoll_init'
/usr/x86_64-w64-mingw32/bin/ld: build/obj/kernel/api/kapi_init.c.o:kapi_init.c:(.rdata$.refptr.kapi_wireless_init[.refptr.kapi_wireless_init]+0x0): undefined reference to `kapi_wireless_init'
/usr/x86_64-w64-mingw32/bin/ld: build/obj/kernel/api/kapi_init.c.o:kapi_init.c:(.rdata$.refptr.kapi_window_init[.refptr.kapi_window_init]+0x0): undefined reference to `kapi_window_init'
/usr/x86_64-w64-mingw32/bin/ld: build/obj/kernel/api/kapi_init.c.o:kapi_init.c:(.rdata$.refptr.kapi_input_init[.refptr.kapi_input_init]+0x0): undefined reference to `kapi_input_init'
/usr/x86_64-w64-mingw32/bin/ld: build/obj/kernel/api/kapi_init.c.o:kapi_init.c:(.rdata$.refptr.kapi_graphics2d_init[.refptr.kapi_graphics2d_init]+0x0): undefined reference to `kapi_graphics2d_init'
/usr/x86_64-w64-mingw32/bin/ld: build/obj/kernel/api/kapi_init.c.o:kapi_init.c:(.rdata$.refptr.kapi_profiler_init[.refptr.kapi_profiler_init]+0x0): undefined reference to `kapi_profiler_init'
/usr/x86_64-w64-mingw32/bin/ld: build/obj/kernel/api/kapi_init.c.o:kapi_init.c:(.rdata$.refptr.kapi_memleak_init[.refptr.kapi_memleak_init]+0x0): undefined reference to `kapi_memleak_init'
/usr/x86_64-w64-mingw32/bin/ld: build/obj/kernel/api/kapi_init.c.o:kapi_init.c:(.rdata$.refptr.kapi_logging_init[.refptr.kapi_logging_init]+0x0): undefined reference to `kapi_logging_init'
/usr/x86_64-w64-mingw32/bin/ld: build/obj/kernel/api/kapi_init.c.o:kapi_init.c:(.rdata$.refptr.kapi_trace_init[.refptr.kapi_trace_init]+0x0): undefined reference to `kapi_trace_init'
/usr/x86_64-w64-mingw32/bin/ld: build/obj/kernel/api/kapi_init.c.o:kapi_init.c:(.rdata$.refptr.kapi_memory_ext_init[.refptr.kapi_memory_ext_init]+0x0): undefined reference to `kapi_memory_ext_init'
/usr/x86_64-w64-mingw32/bin/ld: build/obj/kernel/api/kapi_init.c.o:kapi_init.c:(.rdata$.refptr.kapi_device_manager_init[.refptr.kapi_device_manager_init]+0x0): undefined reference to `kapi_device_manager_init'
/usr/x86_64-w64-mingw32/bin/ld: build/obj/kernel/api/kapi_syscall.c.o:kapi_syscall.c:(.rdata$.refptr.kapi_lseek[.refptr.kapi_lseek]+0x0): undefined reference to `kapi_lseek'
/usr/x86_64-w64-mingw32/bin/ld: build/obj/kernel/arch/x86_64/acpi_pm.c.o:acpi_pm.c:(.rdata$.refptr.system_sound_play_shutdown[.refptr.system_sound_play_shutdown]+0x0): undefined reference to `system_sound_play_shutdown'
/usr/x86_64-w64-mingw32/bin/ld: build/obj/kernel/arch/x86_64/ext4.c.o:ext4.c:(.rdata$.refptr.ext3_free_block[.refptr.ext3_free_block]+0x0): undefined reference to `ext3_free_block'
/usr/x86_64-w64-mingw32/bin/ld: build/obj/kernel/arch/x86_64/ext4.c.o:ext4.c:(.rdata$.refptr.ext3_alloc_block[.refptr.ext3_alloc_block]+0x0): undefined reference to `ext3_alloc_block'
/usr/x86_64-w64-mingw32/bin/ld: build/obj/kernel/arch/x86_64/ext4.c.o:ext4.c:(.rdata$.refptr.ext3_free_inode[.refptr.ext3_free_inode]+0x0): undefined reference to `ext3_free_inode'
/usr/x86_64-w64-mingw32/bin/ld: build/obj/kernel/arch/x86_64/ext4.c.o:ext4.c:(.rdata$.refptr.ext3_alloc_inode[.refptr.ext3_alloc_inode]+0x0): undefined reference to `ext3_alloc_inode'
/usr/x86_64-w64-mingw32/bin/ld: build/obj/kernel/arch/x86_64/ext4.c.o:ext4.c:(.rdata$.refptr.ext3_write_inode_data[.refptr.ext3_write_inode_data]+0x0): undefined reference to `ext3_write_inode_data'
/usr/x86_64-w64-mingw32/bin/ld: build/obj/kernel/arch/x86_64/ext4.c.o:ext4.c:(.rdata$.refptr.ext3_read_inode_data[.refptr.ext3_read_inode_data]+0x0): undefined reference to `ext3_read_inode_data'
/usr/x86_64-w64-mingw32/bin/ld: build/obj/kernel/arch/x86_64/ext4.c.o:ext4.c:(.rdata$.refptr.ext3_mount[.refptr.ext3_mount]+0x0): undefined reference to `ext3_mount'
/usr/x86_64-w64-mingw32/bin/ld: build/obj/kernel/arch/x86_64/ext4.c.o:ext4.c:(.rdata$.refptr.ext3_read_block[.refptr.ext3_read_block]+0x0): undefined reference to `ext3_read_block'
/usr/x86_64-w64-mingw32/bin/ld: build/obj/kernel/arch/x86_64/ext4.c.o:ext4.c:(.rdata$.refptr.ext3_get_inode[.refptr.ext3_get_inode]+0x0): undefined reference to `ext3_get_inode'
/usr/x86_64-w64-mingw32/bin/ld: build/obj/kernel/arch/x86_64/sound.c.o:sound.c:(.rdata$.refptr.pcspk_play_tone[.refptr.pcspk_play_tone]+0x0): undefined reference to `pcspk_play_tone'
/usr/x86_64-w64-mingw32/bin/ld: build/obj/kernel/arch/x86_64/sound.c.o:sound.c:(.rdata$.refptr.pcspk_init[.refptr.pcspk_init]+0x0): undefined reference to `pcspk_init'
/usr/x86_64-w64-mingw32/bin/ld: build/obj/kernel/arch/x86_64/usermode.c.o:usermode.c:(.text+0x6d9): undefined reference to `syscall_entry_trampoline'
/usr/x86_64-w64-mingw32/bin/ld: build/obj/kernel/gui/src/font_ttf.c.o:font_ttf.c:(.rdata$.refptr.kenux_font_cjk_ttf_end[.refptr.kenux_font_cjk_ttf_end]+0x0): undefined reference to `kenux_font_cjk_ttf_end'
/usr/x86_64-w64-mingw32/bin/ld: build/obj/kernel/gui/src/font_ttf.c.o:font_ttf.c:(.rdata$.refptr.kenux_font_cjk_ttf[.refptr.kenux_font_cjk_ttf]+0x0): undefined reference to `kenux_font_cjk_ttf'
/usr/x86_64-w64-mingw32/bin/ld: build/obj/kernel/gui/src/font_ttf.c.o:font_ttf.c:(.rdata$.refptr.kenux_font_latin_ttf_end[.refptr.kenux_font_latin_ttf_end]+0x0): undefined reference to `kenux_font_latin_ttf_end'
/usr/x86_64-w64-mingw32/bin/ld: build/obj/kernel/gui/src/font_ttf.c.o:font_ttf.c:(.rdata$.refptr.kenux_font_latin_ttf[.refptr.kenux_font_latin_ttf]+0x0): undefined reference to `kenux_font_latin_ttf'
/usr/x86_64-w64-mingw32/bin/ld: build/obj/kernel/gui/src/kanvas_animator.c.o:kanvas_animator.c:(.rdata$.refptr.cosf[.refptr.cosf]+0x0): undefined reference to `cosf'
/usr/x86_64-w64-mingw32/bin/ld: build/obj/kernel/gui/src/kanvas_boot_splash.c.o:kanvas_boot_splash.c:(.rdata$.refptr.kui_draw_text[.refptr.kui_draw_text]+0x0): undefined reference to `kui_draw_text'
/usr/x86_64-w64-mingw32/bin/ld: build/obj/kernel/gui/src/kanvas_boot_splash.c.o:kanvas_boot_splash.c:(.rdata$.refptr.sincosf[.refptr.sincosf]+0x0): undefined reference to `sincosf'
/usr/x86_64-w64-mingw32/bin/ld: build/obj/kernel/gui/src/kanvas_boot_splash.c.o:kanvas_boot_splash.c:(.rdata$.refptr.sqrtf[.refptr.sqrtf]+0x0): undefined reference to `sqrtf'
/usr/x86_64-w64-mingw32/bin/ld: build/obj/kernel/gui/src/kanvas_start_menu.c.o:kanvas_start_menu.c:(.rdata$.refptr.kui_draw_icon[.refptr.kui_draw_icon]+0x0): undefined reference to `kui_draw_icon'
/usr/x86_64-w64-mingw32/bin/ld: build/obj/kernel/gui/src/kanvas_start_menu.c.o:kanvas_start_menu.c:(.rdata$.refptr.kui_draw_rounded_rect[.refptr.kui_draw_rounded_rect]+0x0): undefined reference to `kui_draw_rounded_rect'
/usr/x86_64-w64-mingw32/bin/ld: build/obj/kernel/gui/src/kanvas_taskbar.c.o:kanvas_taskbar.c:(.rdata$.refptr.kui_draw_filled_rect[.refptr.kui_draw_filled_rect]+0x0): undefined reference to `kui_draw_filled_rect'
/usr/x86_64-w64-mingw32/bin/ld: build/obj/kernel/kernel/fs.c.o:fs.c:(.rdata$.refptr.ext4_init[.refptr.ext4_init]+0x0): undefined reference to `ext4_init'
/usr/x86_64-w64-mingw32/bin/ld: build/obj/kernel/kernel/kernel.c.o:kernel.c:(.rdata$.refptr.perf_init[.refptr.perf_init]+0x0): undefined reference to `perf_init'
/usr/x86_64-w64-mingw32/bin/ld: build/obj/kernel/kernel/kernel.c.o:kernel.c:(.rdata$.refptr.gpu_init[.refptr.gpu_init]+0x0): undefined reference to `gpu_init'
collect2: error: ld 返回 1
FAILED TASK run all: command failed with exit 1: x86_64-w64-mingw32-gcc -m64 -T kernel/arch/x86_64/boot/linker.ld -nostdlib -nodefaultlibs -nostartfiles -Wl,-e,_start -no-pie -o img/boot/kernel.elf.pe build/obj/kernel/arch/x86_64/boot/start64.s.o build/obj/apps/container-os/src/container.c.o build/obj/apps/container-os/src/image.c.o build/obj/apps/container-os/src/manager.c.o build/obj/apps/container-os/src/volume.c.o build/obj/kal/adapters/custom_adapter.c.o build/obj/kal/adapters/kal_builtins.c.o build/obj/kal/adapters/kenux_adapter.c.o build/obj/kal/adapters/linuxlike_adapter.c.o build/obj/kal/adapters/microkernel_adapter.c.o build/obj/kal/src/kal_capability.c.o build/obj/kal/src/kal_dispatcher.c.o build/obj/kal/src/kal_errno.c.o build/obj/kal/src/kal_governance.c.o build/obj/kal/src/kal_marshalling.c.o build/obj/kal/src/kal_registry.c.o build/obj/kal/src/kal_ssi.c.o build/obj/kernel/api/kapi_atomic.c.o build/obj/kernel/api/kapi_bitmap.c.o build/obj/kernel/api/kapi_blkdev.c.o build/obj/kernel/api/kapi_cdev.c.o build/obj/kernel/api/kapi_completion.c.o build/obj/kernel/api/kapi_container.c.o build/obj/kernel/api/kapi_cpufreq.c.o build/obj/kernel/api/kapi_cpumask.c.o build/obj/kernel/api/kapi_crc.c.o build/obj/kernel/api/kapi_crypto_fs.c.o build/obj/kernel/api/kapi_debugfs.c.o build/obj/kernel/api/kapi_device.c.o build/obj/kernel/api/kapi_dma.c.o build/obj/kernel/api/kapi_ebpf.c.o build/obj/kernel/api/kapi_fs.c.o build/obj/kernel/api/kapi_ftrace.c.o build/obj/kernel/api/kapi_full_disk_encryption.c.o build/obj/kernel/api/kapi_hash.c.o build/obj/kernel/api/kapi_idr.c.o build/obj/kernel/api/kapi_init.c.o build/obj/kernel/api/kapi_io.c.o build/obj/kernel/api/kapi_iommu.c.o build/obj/kernel/api/kapi_irq.c.o build/obj/kernel/api/kapi_kfifo.c.o build/obj/kernel/api/kapi_kobject.c.o build/obj/kernel/api/kapi_kprobe.c.o build/obj/kernel/api/kapi_kthread.c.o build/obj/kernel/api/kapi_list.c.o build/obj/kernel/api/kapi_lvm.c.o build/obj/kernel/api/kapi_memory.c.o build/obj/kernel/api/kapi_mempool.c.o build/obj/kernel/api/kapi_module.c.o build/obj/kernel/api/kapi_mutex.c.o build/obj/kernel/api/kapi_namespace.c.o build/obj/kernel/api/kapi_netdevice.c.o build/obj/kernel/api/kapi_netlink.c.o build/obj/kernel/api/kapi_netstat.c.o build/obj/kernel/api/kapi_notifier.c.o build/obj/kernel/api/kapi_params.c.o build/obj/kernel/api/kapi_pci.c.o build/obj/kernel/api/kapi_process.c.o build/obj/kernel/api/kapi_raid.c.o build/obj/kernel/api/kapi_random.c.o build/obj/kernel/api/kapi_rbtree.c.o build/obj/kernel/api/kapi_rcu.c.o build/obj/kernel/api/kapi_sched.c.o build/obj/kernel/api/kapi_security.c.o build/obj/kernel/api/kapi_seq_file.c.o build/obj/kernel/api/kapi_skbuff.c.o build/obj/kernel/api/kapi_smp.c.o build/obj/kernel/api/kapi_socket.c.o build/obj/kernel/api/kapi_sort.c.o build/obj/kernel/api/kapi_string.c.o build/obj/kernel/api/kapi_syscall.c.o build/obj/kernel/api/kapi_time.c.o build/obj/kernel/api/kapi_vfs.c.o build/obj/kernel/api/kapi_vpn.c.o build/obj/kernel/api/kapi_wait.c.o build/obj/kernel/api/kapi_wireless.c.o build/obj/kernel/arch/x86_64/ac97.c.o build/obj/kernel/arch/x86_64/acpi.c.o build/obj/kernel/arch/x86_64/acpi_madt.c.o build/obj/kernel/arch/x86_64/acpi_pm.c.o build/obj/kernel/arch/x86_64/ahci.c.o build/obj/kernel/arch/x86_64/apic.c.o build/obj/kernel/arch/x86_64/bpf.c.o build/obj/kernel/arch/x86_64/buddy.c.o build/obj/kernel/arch/x86_64/cfs.c.o build/obj/kernel/arch/x86_64/conntrack.c.o build/obj/kernel/arch/x86_64/cpufreq.c.o build/obj/kernel/arch/x86_64/cpuidle.c.o build/obj/kernel/arch/x86_64/dns.c.o build/obj/kernel/arch/x86_64/efi.c.o build/obj/kernel/arch/x86_64/efi_entry.c.o build/obj/kernel/arch/x86_64/efi_runtime.c.o build/obj/kernel/arch/x86_64/ehci.c.o build/obj/kernel/arch/x86_64/elf.c.o build/obj/kernel/arch/x86_64/ext2.c.o build/obj/kernel/arch/x86_64/ext4.c.o build/obj/kernel/arch/x86_64/framebuffer.c.o build/obj/kernel/arch/x86_64/gdt.c.o build/obj/kernel/arch/x86_64/hda.c.o build/obj/kernel/arch/x86_64/hpet.c.o build/obj/kernel/arch/x86_64/i2c.c.o build/obj/kernel/arch/x86_64/idt.c.o build/obj/kernel/arch/x86_64/ioapic.c.o build/obj/kernel/arch/x86_64/jbd2.c.o build/obj/kernel/arch/x86_64/keyboard.c.o build/obj/kernel/arch/x86_64/kvm.c.o build/obj/kernel/arch/x86_64/ldso.c.o build/obj/kernel/arch/x86_64/lsm.c.o build/obj/kernel/arch/x86_64/memory.c.o build/obj/kernel/arch/x86_64/mmap.c.o build/obj/kernel/arch/x86_64/mouse.c.o build/obj/kernel/arch/x86_64/net.c.o build/obj/kernel/arch/x86_64/netfilter.c.o build/obj/kernel/arch/x86_64/ntfs.c.o build/obj/kernel/arch/x86_64/nvme.c.o build/obj/kernel/arch/x86_64/pagecache.c.o build/obj/kernel/arch/x86_64/pagefault.c.o build/obj/kernel/arch/x86_64/pci.c.o build/obj/kernel/arch/x86_64/pe.c.o build/obj/kernel/arch/x86_64/pic.c.o build/obj/kernel/arch/x86_64/pit.c.o build/obj/kernel/arch/x86_64/pnp.c.o build/obj/kernel/arch/x86_64/procfs.c.o build/obj/kernel/arch/x86_64/registry.c.o build/obj/kernel/arch/x86_64/route.c.o build/obj/kernel/arch/x86_64/rtc.c.o build/obj/kernel/arch/x86_64/sata.c.o build/obj/kernel/arch/x86_64/scm.c.o build/obj/kernel/arch/x86_64/security.c.o build/obj/kernel/arch/x86_64/selinux.c.o build/obj/kernel/arch/x86_64/slab.c.o build/obj/kernel/arch/x86_64/smbios.c.o build/obj/kernel/arch/x86_64/smp.c.o build/obj/kernel/arch/x86_64/sound.c.o build/obj/kernel/arch/x86_64/spi.c.o build/obj/kernel/arch/x86_64/swap.c.o build/obj/kernel/arch/x86_64/tcp_bbr.c.o build/obj/kernel/arch/x86_64/tcp_cong.c.o build/obj/kernel/arch/x86_64/thermal.c.o build/obj/kernel/arch/x86_64/tmpfs.c.o build/obj/kernel/arch/x86_64/uart.c.o build/obj/kernel/arch/x86_64/usb_hid.c.o build/obj/kernel/arch/x86_64/usermode.c.o build/obj/kernel/arch/x86_64/vga.c.o build/obj/kernel/arch/x86_64/virtio.c.o build/obj/kernel/arch/x86_64/vlan.c.o build/obj/kernel/arch/x86_64/watchdog.c.o build/obj/kernel/arch/x86_64/win32_advapi32.c.o build/obj/kernel/arch/x86_64/win32_gdi_and_msg.c.o build/obj/kernel/arch/x86_64/win32_kernel32.c.o build/obj/kernel/arch/x86_64/win32_msvcrt.c.o build/obj/kernel/arch/x86_64/win32_ntdll.c.o build/obj/kernel/arch/x86_64/win32_process.c.o build/obj/kernel/arch/x86_64/win32_security.c.o build/obj/kernel/arch/x86_64/win32_shell.c.o build/obj/kernel/arch/x86_64/win32_stubs.c.o build/obj/kernel/arch/x86_64/wmi.c.o build/obj/kernel/arch/x86_64/xhci.c.o build/obj/kernel/compat/leonos_compat.c.o build/obj/kernel/gui/src/browser.c.o build/obj/kernel/gui/src/cjk_font.c.o build/obj/kernel/gui/src/color.c.o build/obj/kernel/gui/src/compat_center.c.o build/obj/kernel/gui/src/cursor_data.c.o build/obj/kernel/gui/src/desktop.c.o build/obj/kernel/gui/src/emoji_font.c.o build/obj/kernel/gui/src/filemgr.c.o build/obj/kernel/gui/src/font.c.o build/obj/kernel/gui/src/font_data.c.o build/obj/kernel/gui/src/font_ttf.c.o build/obj/kernel/gui/src/framebuffer.c.o build/obj/kernel/gui/src/graphics.c.o build/obj/kernel/gui/src/icon.c.o build/obj/kernel/gui/src/icon_data.c.o build/obj/kernel/gui/src/icon_registry.c.o build/obj/kernel/gui/src/kanvas_animator.c.o build/obj/kernel/gui/src/kanvas_boot_splash.c.o build/obj/kernel/gui/src/kanvas_desktop.c.o build/obj/kernel/gui/src/kanvas_file_manager.c.o build/obj/kernel/gui/src/kanvas_gui.c.o build/obj/kernel/gui/src/kanvas_kex_runner.c.o build/obj/kernel/gui/src/kanvas_start_menu.c.o build/obj/kernel/gui/src/kanvas_system_tray.c.o build/obj/kernel/gui/src/kanvas_task_manager.c.o build/obj/kernel/gui/src/kanvas_taskbar.c.o build/obj/kernel/gui/src/kanvas_terminal.c.o build/obj/kernel/gui/src/kanvas_window.c.o build/obj/kernel/gui/src/kapi_curvo_icons.c.o build/obj/kernel/gui/src/kenux_asset_file.c.o build/obj/kernel/gui/src/kenux_asset_folder.c.o build/obj/kernel/gui/src/kenux_render.c.o build/obj/kernel/gui/src/kenux_ui.c.o build/obj/kernel/gui/src/logo_data.c.o build/obj/kernel/gui/src/main.c.o build/obj/kernel/gui/src/msf.c.o build/obj/kernel/gui/src/psf.c.o build/obj/kernel/gui/src/sysinfo.c.o build/obj/kernel/gui/src/taskmgr.c.o build/obj/kernel/gui/src/terminal.c.o build/obj/kernel/gui/src/textedit.c.o build/obj/kernel/gui/src/thispc.c.o build/obj/kernel/gui/src/wallpaper_data.c.o build/obj/kernel/gui/src/widget.c.o build/obj/kernel/gui/src/window.c.o build/obj/kernel/gui/src/window_manager.c.o build/obj/kernel/kernel/cgroup.c.o build/obj/kernel/kernel/devtmpfs.c.o build/obj/kernel/kernel/drivers.c.o build/obj/kernel/kernel/epoll.c.o build/obj/kernel/kernel/fifo.c.o build/obj/kernel/kernel/fs.c.o build/obj/kernel/kernel/gdb_stub.c.o build/obj/kernel/kernel/interrupt.c.o build/obj/kernel/kernel/ipc.c.o build/obj/kernel/kernel/kernel.c.o build/obj/kernel/kernel/kthread.c.o build/obj/kernel/kernel/module.c.o build/obj/kernel/kernel/printk.c.o build/obj/kernel/kernel/process.c.o build/obj/kernel/kernel/rcu.c.o build/obj/kernel/kernel/shell_enhanced.c.o build/obj/kernel/kernel/signal.c.o build/obj/kernel/kernel/stacktrace.c.o build/obj/kernel/kernel/sync.c.o build/obj/kernel/kernel/syscall.c.o build/obj/kernel/kernel/sysfs.c.o build/obj/kernel/kernel/timer.c.o build/obj/kernel/kernel/unixsock.c.o build/obj/kernel/kernel/wait.c.o build/obj/kernel/kernel/workqueue.c.o build/obj/kernel/lib/libc/errno.c.o build/obj/kernel/lib/libc/math.c.o build/obj/kernel/lib/libc/setjmp.c.o build/obj/kernel/lib/libc/signal.c.o build/obj/kernel/lib/libc/stdio.c.o build/obj/kernel/lib/libc/stdlib.c.o build/obj/kernel/lib/libc/string.c.o build/obj/kernel/lib/libc/time.c.o build/obj/kernel/lib/libc/unistd.c.o build/obj/kernel/lib/libc/vsprintf.c.o build/obj/kernel/systemd/automount.c.o build/obj/kernel/systemd/device.c.o build/obj/kernel/systemd/fstab.c.o build/obj/kernel/systemd/journal.c.o build/obj/kernel/systemd/journalctl.c.o build/obj/kernel/systemd/mount.c.o build/obj/kernel/systemd/path.c.o build/obj/kernel/systemd/service.c.o build/obj/kernel/systemd/slice.c.o build/obj/kernel/systemd/socket.c.o build/obj/kernel/systemd/swap.c.o build/obj/kernel/systemd/systemctl.c.o build/obj/kernel/systemd/systemd.c.o build/obj/kernel/systemd/target.c.o build/obj/kernel/systemd/timer.c.o build/obj/kernel/systemd/udev.c.o build/obj/kernel/systemd/util.c.o build/obj/kernel/arch/x86_64/interrupt.S.o -o img/boot/kernel.elf.pe
