-- Start building task run all -- (649489229)
-- Start building task all -- (0)
-- Start building task kernel -- (1)
-- Enter folder kernel/api --
<1> Building kernel/api/kapi_fs.c
kernel/api/kapi_fs.c: 在函数‘kapi_open’中:
kernel/api/kapi_fs.c:77:37: warning: 未使用的参数‘flags’ [-Wunused-parameter]
   77 | int kapi_open(const char* path, int flags)
      |                                 ~~~~^~~~~
kernel/api/kapi_fs.c: 在函数‘kapi_creat’中:
kernel/api/kapi_fs.c:118:45: warning: 未使用的参数‘mode’ [-Wunused-parameter]
  118 | int kapi_creat(const char* pathname, mode_t mode)
      |                                      ~~~~~~~^~~~
kernel/api/kapi_fs.c: 在函数‘kapi_stat’中:
kernel/api/kapi_fs.c:157:21: warning: ‘kapi_off_t’ {或称 ‘long long int’}转换自‘uint64_t’ {或称 ‘long long unsigned int’}时可能会改变结果的符号 [-Wsign-conversion]
  157 |     stat->st_size = node->size;
      |                     ^~~~
kernel/api/kapi_fs.c:158:22: warning: ‘int64_t’ {或称 ‘long long int’}转换自‘uint64_t’ {或称 ‘long long unsigned int’}时可能会改变结果的符号 [-Wsign-conversion]
  158 |     stat->st_atime = node->atime;
      |                      ^~~~
kernel/api/kapi_fs.c:159:22: warning: ‘int64_t’ {或称 ‘long long int’}转换自‘uint64_t’ {或称 ‘long long unsigned int’}时可能会改变结果的符号 [-Wsign-conversion]
  159 |     stat->st_mtime = node->mtime;
      |                      ^~~~
kernel/api/kapi_fs.c:160:22: warning: ‘int64_t’ {或称 ‘long long int’}转换自‘uint64_t’ {或称 ‘long long unsigned int’}时可能会改变结果的符号 [-Wsign-conversion]
  160 |     stat->st_ctime = node->ctime;
      |                      ^~~~
kernel/api/kapi_fs.c:161:23: warning: ‘int64_t’ {或称 ‘long long int’}转换自‘uint64_t’ {或称 ‘long long unsigned int’}时可能会改变结果的符号 [-Wsign-conversion]
  161 |     stat->st_blocks = node->blocks;
      |                       ^~~~
kernel/api/kapi_fs.c: 在函数‘kapi_readdir’中:
kernel/api/kapi_fs.c:322:24: warning: ‘kapi_off_t’ {或称 ‘long long int’}转换自‘uint64_t’ {或称 ‘long long unsigned int’}时可能会改变结果的符号 [-Wsign-conversion]
  322 |         entry.d_size = child->size;
      |                        ^~~~~
-- Enter folder img/boot --
<0> Building img/boot/kernel.elf.pe
/usr/x86_64-w64-mingw32/bin/ld: build/obj/kernel/api/kapi_init.c.o:kapi_init.c:(.rdata$.refptr.kapi_inotify_init_module[.refptr.kapi_inotify_init_module]+0x0): undefined reference to `kapi_inotify_init_module'
/usr/x86_64-w64-mingw32/bin/ld: build/obj/kernel/api/kapi_init.c.o:kapi_init.c:(.rdata$.refptr.kapi_eventfd_init[.refptr.kapi_eventfd_init]+0x0): undefined reference to `kapi_eventfd_init'
/usr/x86_64-w64-mingw32/bin/ld: build/obj/kernel/api/kapi_init.c.o:kapi_init.c:(.rdata$.refptr.kapi_timerfd_init[.refptr.kapi_timerfd_init]+0x0): undefined reference to `kapi_timerfd_init'
/usr/x86_64-w64-mingw32/bin/ld: build/obj/kernel/api/kapi_init.c.o:kapi_init.c:(.rdata$.refptr.kapi_signalfd_init[.refptr.kapi_signalfd_init]+0x0): undefined reference to `kapi_signalfd_init'
/usr/x86_64-w64-mingw32/bin/ld: build/obj/kernel/api/kapi_init.c.o:kapi_init.c:(.rdata$.refptr.kapi_poll_init[.refptr.kapi_poll_init]+0x0): undefined reference to `kapi_poll_init'
/usr/x86_64-w64-mingw32/bin/ld: build/obj/kernel/api/kapi_init.c.o:kapi_init.c:(.rdata$.refptr.kapi_epoll_init[.refptr.kapi_epoll_init]+0x0): undefined reference to `kapi_epoll_init'
/usr/x86_64-w64-mingw32/bin/ld: build/obj/kernel/api/kapi_init.c.o:kapi_init.c:(.rdata$.refptr.kapi_wireless_init[.refptr.kapi_wireless_init]+0x0): undefined reference to `kapi_wireless_init'
/usr/x86_64-w64-mingw32/bin/ld: build/obj/kernel/api/kapi_init.c.o:kapi_init.c:(.rdata$.refptr.kapi_window_init[.refptr.kapi_window_init]+0x0): undefined reference to `kapi_window_init'
/usr/x86_64-w64-mingw32/bin/ld: build/obj/kernel/api/kapi_init.c.o:kapi_init.c:(.rdata$.refptr.kapi_input_init[.refptr.kapi_input_init]+0x0): undefined reference to `kapi_input_init'
/usr/x86_64-w64-mingw32/bin/ld: build/obj/kernel/api/kapi_init.c.o:kapi_init.c:(.rdata$.refptr.kapi_graphics2d_init[.refptr.kapi_graphics2d_init]+0x0): undefined reference to `kapi_graphics2d_init'
/usr/x86_64-w64-mingw32/bin/ld: build/obj/kernel/api/kapi_init.c.o:kapi_init.c:(.rdata$.refptr.kapi_profiler_init[.refptr.kapi_profiler_init]+0x0): undefined reference to `kapi_profiler_init'
/usr/x86_64-w64-mingw32/bin/ld: build/obj/kernel/api/kapi_init.c.o:kapi_init.c:(.rdata$.refptr.kapi_memleak_init[.refptr.kapi_memleak_init]+0x0): undefined reference to `kapi_memleak_init'
/usr/x86_64-w64-mingw32/bin/ld: build/obj/kernel/api/kapi_init.c.o:kapi_init.c:(.rdata$.refptr.kapi_logging_init[.refptr.kapi_logging_init]+0x0): undefined reference to `kapi_logging_init'
/usr/x86_64-w64-mingw32/bin/ld: build/obj/kernel/api/kapi_init.c.o:kapi_init.c:(.rdata$.refptr.kapi_trace_init[.refptr.kapi_trace_init]+0x0): undefined reference to `kapi_trace_init'
/usr/x86_64-w64-mingw32/bin/ld: build/obj/kernel/api/kapi_init.c.o:kapi_init.c:(.rdata$.refptr.kapi_memory_ext_init[.refptr.kapi_memory_ext_init]+0x0): undefined reference to `kapi_memory_ext_init'
/usr/x86_64-w64-mingw32/bin/ld: build/obj/kernel/api/kapi_init.c.o:kapi_init.c:(.rdata$.refptr.kapi_device_manager_init[.refptr.kapi_device_manager_init]+0x0): undefined reference to `kapi_device_manager_init'
/usr/x86_64-w64-mingw32/bin/ld: build/obj/kernel/api/kapi_syscall.c.o:kapi_syscall.c:(.rdata$.refptr.kapi_lseek[.refptr.kapi_lseek]+0x0): undefined reference to `kapi_lseek'
/usr/x86_64-w64-mingw32/bin/ld: build/obj/kernel/arch/x86_64/acpi_pm.c.o:acpi_pm.c:(.rdata$.refptr.system_sound_play_shutdown[.refptr.system_sound_play_shutdown]+0x0): undefined reference to `system_sound_play_shutdown'
/usr/x86_64-w64-mingw32/bin/ld: build/obj/kernel/arch/x86_64/ext4.c.o:ext4.c:(.rdata$.refptr.ext3_free_block[.refptr.ext3_free_block]+0x0): undefined reference to `ext3_free_block'
/usr/x86_64-w64-mingw32/bin/ld: build/obj/kernel/arch/x86_64/ext4.c.o:ext4.c:(.rdata$.refptr.ext3_alloc_block[.refptr.ext3_alloc_block]+0x0): undefined reference to `ext3_alloc_block'
/usr/x86_64-w64-mingw32/bin/ld: build/obj/kernel/arch/x86_64/ext4.c.o:ext4.c:(.rdata$.refptr.ext3_free_inode[.refptr.ext3_free_inode]+0x0): undefined reference to `ext3_free_inode'
/usr/x86_64-w64-mingw32/bin/ld: build/obj/kernel/arch/x86_64/ext4.c.o:ext4.c:(.rdata$.refptr.ext3_alloc_inode[.refptr.ext3_alloc_inode]+0x0): undefined reference to `ext3_alloc_inode'
/usr/x86_64-w64-mingw32/bin/ld: build/obj/kernel/arch/x86_64/ext4.c.o:ext4.c:(.rdata$.refptr.ext3_write_inode_data[.refptr.ext3_write_inode_data]+0x0): undefined reference to `ext3_write_inode_data'
/usr/x86_64-w64-mingw32/bin/ld: build/obj/kernel/arch/x86_64/ext4.c.o:ext4.c:(.rdata$.refptr.ext3_read_inode_data[.refptr.ext3_read_inode_data]+0x0): undefined reference to `ext3_read_inode_data'
/usr/x86_64-w64-mingw32/bin/ld: build/obj/kernel/arch/x86_64/ext4.c.o:ext4.c:(.rdata$.refptr.ext3_mount[.refptr.ext3_mount]+0x0): undefined reference to `ext3_mount'
/usr/x86_64-w64-mingw32/bin/ld: build/obj/kernel/arch/x86_64/ext4.c.o:ext4.c:(.rdata$.refptr.ext3_read_block[.refptr.ext3_read_block]+0x0): undefined reference to `ext3_read_block'
/usr/x86_64-w64-mingw32/bin/ld: build/obj/kernel/arch/x86_64/ext4.c.o:ext4.c:(.rdata$.refptr.ext3_get_inode[.refptr.ext3_get_inode]+0x0): undefined reference to `ext3_get_inode'
/usr/x86_64-w64-mingw32/bin/ld: build/obj/kernel/arch/x86_64/sound.c.o:sound.c:(.rdata$.refptr.pcspk_play_tone[.refptr.pcspk_play_tone]+0x0): undefined reference to `pcspk_play_tone'
/usr/x86_64-w64-mingw32/bin/ld: build/obj/kernel/arch/x86_64/sound.c.o:sound.c:(.rdata$.refptr.pcspk_init[.refptr.pcspk_init]+0x0): undefined reference to `pcspk_init'
/usr/x86_64-w64-mingw32/bin/ld: build/obj/kernel/arch/x86_64/usermode.c.o:usermode.c:(.text+0x6d9): undefined reference to `syscall_entry_trampoline'
/usr/x86_64-w64-mingw32/bin/ld: build/obj/kernel/gui/src/font_ttf.c.o:font_ttf.c:(.rdata$.refptr.kenux_font_cjk_ttf_end[.refptr.kenux_font_cjk_ttf_end]+0x0): undefined reference to `kenux_font_cjk_ttf_end'
/usr/x86_64-w64-mingw32/bin/ld: build/obj/kernel/gui/src/font_ttf.c.o:font_ttf.c:(.rdata$.refptr.kenux_font_cjk_ttf[.refptr.kenux_font_cjk_ttf]+0x0): undefined reference to `kenux_font_cjk_ttf'
/usr/x86_64-w64-mingw32/bin/ld: build/obj/kernel/gui/src/font_ttf.c.o:font_ttf.c:(.rdata$.refptr.kenux_font_latin_ttf_end[.refptr.kenux_font_latin_ttf_end]+0x0): undefined reference to `kenux_font_latin_ttf_end'
/usr/x86_64-w64-mingw32/bin/ld: build/obj/kernel/gui/src/font_ttf.c.o:font_ttf.c:(.rdata$.refptr.kenux_font_latin_ttf[.refptr.kenux_font_latin_ttf]+0x0): undefined reference to `kenux_font_latin_ttf'
/usr/x86_64-w64-mingw32/bin/ld: build/obj/kernel/gui/src/kanvas_animator.c.o:kanvas_animator.c:(.rdata$.refptr.cosf[.refptr.cosf]+0x0): undefined reference to `cosf'
/usr/x86_64-w64-mingw32/bin/ld: build/obj/kernel/gui/src/kanvas_boot_splash.c.o:kanvas_boot_splash.c:(.rdata$.refptr.kui_draw_text[.refptr.kui_draw_text]+0x0): undefined reference to `kui_draw_text'
/usr/x86_64-w64-mingw32/bin/ld: build/obj/kernel/gui/src/kanvas_boot_splash.c.o:kanvas_boot_splash.c:(.rdata$.refptr.sincosf[.refptr.sincosf]+0x0): undefined reference to `sincosf'
/usr/x86_64-w64-mingw32/bin/ld: build/obj/kernel/gui/src/kanvas_boot_splash.c.o:kanvas_boot_splash.c:(.rdata$.refptr.sqrtf[.refptr.sqrtf]+0x0): undefined reference to `sqrtf'
/usr/x86_64-w64-mingw32/bin/ld: build/obj/kernel/gui/src/kanvas_start_menu.c.o:kanvas_start_menu.c:(.rdata$.refptr.kui_draw_icon[.refptr.kui_draw_icon]+0x0): undefined reference to `kui_draw_icon'
/usr/x86_64-w64-mingw32/bin/ld: build/obj/kernel/gui/src/kanvas_start_menu.c.o:kanvas_start_menu.c:(.rdata$.refptr.kui_draw_rounded_rect[.refptr.kui_draw_rounded_rect]+0x0): undefined reference to `kui_draw_rounded_rect'
/usr/x86_64-w64-mingw32/bin/ld: build/obj/kernel/gui/src/kanvas_taskbar.c.o:kanvas_taskbar.c:(.rdata$.refptr.kui_draw_filled_rect[.refptr.kui_draw_filled_rect]+0x0): undefined reference to `kui_draw_filled_rect'
/usr/x86_64-w64-mingw32/bin/ld: build/obj/kernel/kernel/fs.c.o:fs.c:(.rdata$.refptr.ext4_init[.refptr.ext4_init]+0x0): undefined reference to `ext4_init'
/usr/x86_64-w64-mingw32/bin/ld: build/obj/kernel/kernel/kernel.c.o:kernel.c:(.rdata$.refptr.perf_init[.refptr.perf_init]+0x0): undefined reference to `perf_init'
/usr/x86_64-w64-mingw32/bin/ld: build/obj/kernel/kernel/kernel.c.o:kernel.c:(.rdata$.refptr.gpu_init[.refptr.gpu_init]+0x0): undefined reference to `gpu_init'
collect2: error: ld 返回 1
FAILED TASK run all: command failed with exit 1: x86_64-w64-mingw32-gcc -m64 -T kernel/arch/x86_64/boot/linker.ld -nostdlib -nodefaultlibs -nostartfiles -Wl,-e,_start -no-pie -Wl,--allow-multiple-definition -o img/boot/kernel.elf.pe build/obj/kernel/arch/x86_64/boot/start64.s.o build/obj/apps/container-os/src/container.c.o build/obj/apps/container-os/src/image.c.o build/obj/apps/container-os/src/manager.c.o build/obj/apps/container-os/src/volume.c.o build/obj/kal/adapters/custom_adapter.c.o build/obj/kal/adapters/kal_builtins.c.o build/obj/kal/adapters/kenux_adapter.c.o build/obj/kal/adapters/linuxlike_adapter.c.o build/obj/kal/adapters/microkernel_adapter.c.o build/obj/kal/src/kal_capability.c.o build/obj/kal/src/kal_dispatcher.c.o build/obj/kal/src/kal_errno.c.o build/obj/kal/src/kal_governance.c.o build/obj/kal/src/kal_marshalling.c.o build/obj/kal/src/kal_registry.c.o build/obj/kal/src/kal_ssi.c.o build/obj/kernel/api/kapi_atomic.c.o build/obj/kernel/api/kapi_bitmap.c.o build/obj/kernel/api/kapi_blkdev.c.o build/obj/kernel/api/kapi_cdev.c.o build/obj/kernel/api/kapi_completion.c.o build/obj/kernel/api/kapi_container.c.o build/obj/kernel/api/kapi_cpufreq.c.o build/obj/kernel/api/kapi_cpumask.c.o build/obj/kernel/api/kapi_crc.c.o build/obj/kernel/api/kapi_crypto_fs.c.o build/obj/kernel/api/kapi_debugfs.c.o build/obj/kernel/api/kapi_device.c.o build/obj/kernel/api/kapi_dma.c.o build/obj/kernel/api/kapi_ebpf.c.o build/obj/kernel/api/kapi_fs.c.o build/obj/kernel/api/kapi_ftrace.c.o build/obj/kernel/api/kapi_full_disk_encryption.c.o build/obj/kernel/api/kapi_hash.c.o build/obj/kernel/api/kapi_idr.c.o build/obj/kernel/api/kapi_init.c.o build/obj/kernel/api/kapi_io.c.o build/obj/kernel/api/kapi_iommu.c.o build/obj/kernel/api/kapi_irq.c.o build/obj/kernel/api/kapi_kfifo.c.o build/obj/kernel/api/kapi_kobject.c.o build/obj/kernel/api/kapi_kprobe.c.o build/obj/kernel/api/kapi_kthread.c.o build/obj/kernel/api/kapi_list.c.o build/obj/kernel/api/kapi_lvm.c.o build/obj/kernel/api/kapi_memory.c.o build/obj/kernel/api/kapi_mempool.c.o build/obj/kernel/api/kapi_module.c.o build/obj/kernel/api/kapi_mutex.c.o build/obj/kernel/api/kapi_namespace.c.o build/obj/kernel/api/kapi_netdevice.c.o build/obj/kernel/api/kapi_netlink.c.o build/obj/kernel/api/kapi_netstat.c.o build/obj/kernel/api/kapi_notifier.c.o build/obj/kernel/api/kapi_params.c.o build/obj/kernel/api/kapi_pci.c.o build/obj/kernel/api/kapi_process.c.o build/obj/kernel/api/kapi_raid.c.o build/obj/kernel/api/kapi_random.c.o build/obj/kernel/api/kapi_rbtree.c.o build/obj/kernel/api/kapi_rcu.c.o build/obj/kernel/api/kapi_sched.c.o build/obj/kernel/api/kapi_security.c.o build/obj/kernel/api/kapi_seq_file.c.o build/obj/kernel/api/kapi_skbuff.c.o build/obj/kernel/api/kapi_smp.c.o build/obj/kernel/api/kapi_socket.c.o build/obj/kernel/api/kapi_sort.c.o build/obj/kernel/api/kapi_string.c.o build/obj/kernel/api/kapi_syscall.c.o build/obj/kernel/api/kapi_time.c.o build/obj/kernel/api/kapi_vfs.c.o build/obj/kernel/api/kapi_vpn.c.o build/obj/kernel/api/kapi_wait.c.o build/obj/kernel/api/kapi_wireless.c.o build/obj/kernel/arch/x86_64/ac97.c.o build/obj/kernel/arch/x86_64/acpi.c.o build/obj/kernel/arch/x86_64/acpi_madt.c.o build/obj/kernel/arch/x86_64/acpi_pm.c.o build/obj/kernel/arch/x86_64/ahci.c.o build/obj/kernel/arch/x86_64/apic.c.o build/obj/kernel/arch/x86_64/bpf.c.o build/obj/kernel/arch/x86_64/buddy.c.o build/obj/kernel/arch/x86_64/cfs.c.o build/obj/kernel/arch/x86_64/conntrack.c.o build/obj/kernel/arch/x86_64/cpufreq.c.o build/obj/kernel/arch/x86_64/cpuidle.c.o build/obj/kernel/arch/x86_64/dns.c.o build/obj/kernel/arch/x86_64/efi.c.o build/obj/kernel/arch/x86_64/efi_entry.c.o build/obj/kernel/arch/x86_64/efi_runtime.c.o build/obj/kernel/arch/x86_64/ehci.c.o build/obj/kernel/arch/x86_64/elf.c.o build/obj/kernel/arch/x86_64/ext2.c.o build/obj/kernel/arch/x86_64/ext4.c.o build/obj/kernel/arch/x86_64/framebuffer.c.o build/obj/kernel/arch/x86_64/gdt.c.o build/obj/kernel/arch/x86_64/hda.c.o build/obj/kernel/arch/x86_64/hpet.c.o build/obj/kernel/arch/x86_64/i2c.c.o build/obj/kernel/arch/x86_64/idt.c.o build/obj/kernel/arch/x86_64/ioapic.c.o build/obj/kernel/arch/x86_64/jbd2.c.o build/obj/kernel/arch/x86_64/keyboard.c.o build/obj/kernel/arch/x86_64/kvm.c.o build/obj/kernel/arch/x86_64/ldso.c.o build/obj/kernel/arch/x86_64/lsm.c.o build/obj/kernel/arch/x86_64/memory.c.o build/obj/kernel/arch/x86_64/mmap.c.o build/obj/kernel/arch/x86_64/mouse.c.o build/obj/kernel/arch/x86_64/net.c.o build/obj/kernel/arch/x86_64/netfilter.c.o build/obj/kernel/arch/x86_64/ntfs.c.o build/obj/kernel/arch/x86_64/nvme.c.o build/obj/kernel/arch/x86_64/pagecache.c.o build/obj/kernel/arch/x86_64/pagefault.c.o build/obj/kernel/arch/x86_64/pci.c.o build/obj/kernel/arch/x86_64/pe.c.o build/obj/kernel/arch/x86_64/pic.c.o build/obj/kernel/arch/x86_64/pit.c.o build/obj/kernel/arch/x86_64/pnp.c.o build/obj/kernel/arch/x86_64/procfs.c.o build/obj/kernel/arch/x86_64/registry.c.o build/obj/kernel/arch/x86_64/route.c.o build/obj/kernel/arch/x86_64/rtc.c.o build/obj/kernel/arch/x86_64/sata.c.o build/obj/kernel/arch/x86_64/scm.c.o build/obj/kernel/arch/x86_64/security.c.o build/obj/kernel/arch/x86_64/selinux.c.o build/obj/kernel/arch/x86_64/slab.c.o build/obj/kernel/arch/x86_64/smbios.c.o build/obj/kernel/arch/x86_64/smp.c.o build/obj/kernel/arch/x86_64/sound.c.o build/obj/kernel/arch/x86_64/spi.c.o build/obj/kernel/arch/x86_64/swap.c.o build/obj/kernel/arch/x86_64/tcp_bbr.c.o build/obj/kernel/arch/x86_64/tcp_cong.c.o build/obj/kernel/arch/x86_64/thermal.c.o build/obj/kernel/arch/x86_64/tmpfs.c.o build/obj/kernel/arch/x86_64/uart.c.o build/obj/kernel/arch/x86_64/usb_hid.c.o build/obj/kernel/arch/x86_64/usermode.c.o build/obj/kernel/arch/x86_64/vga.c.o build/obj/kernel/arch/x86_64/virtio.c.o build/obj/kernel/arch/x86_64/vlan.c.o build/obj/kernel/arch/x86_64/watchdog.c.o build/obj/kernel/arch/x86_64/win32_advapi32.c.o build/obj/kernel/arch/x86_64/win32_gdi_and_msg.c.o build/obj/kernel/arch/x86_64/win32_kernel32.c.o build/obj/kernel/arch/x86_64/win32_msvcrt.c.o build/obj/kernel/arch/x86_64/win32_ntdll.c.o build/obj/kernel/arch/x86_64/win32_process.c.o build/obj/kernel/arch/x86_64/win32_security.c.o build/obj/kernel/arch/x86_64/win32_shell.c.o build/obj/kernel/arch/x86_64/win32_stubs.c.o build/obj/kernel/arch/x86_64/wmi.c.o build/obj/kernel/arch/x86_64/xhci.c.o build/obj/kernel/compat/leonos_compat.c.o build/obj/kernel/gui/src/browser.c.o build/obj/kernel/gui/src/cjk_font.c.o build/obj/kernel/gui/src/color.c.o build/obj/kernel/gui/src/compat_center.c.o build/obj/kernel/gui/src/cursor_data.c.o build/obj/kernel/gui/src/desktop.c.o build/obj/kernel/gui/src/emoji_font.c.o build/obj/kernel/gui/src/filemgr.c.o build/obj/kernel/gui/src/font.c.o build/obj/kernel/gui/src/font_data.c.o build/obj/kernel/gui/src/font_ttf.c.o build/obj/kernel/gui/src/framebuffer.c.o build/obj/kernel/gui/src/graphics.c.o build/obj/kernel/gui/src/icon.c.o build/obj/kernel/gui/src/icon_data.c.o build/obj/kernel/gui/src/icon_registry.c.o build/obj/kernel/gui/src/kanvas_animator.c.o build/obj/kernel/gui/src/kanvas_boot_splash.c.o build/obj/kernel/gui/src/kanvas_desktop.c.o build/obj/kernel/gui/src/kanvas_file_manager.c.o build/obj/kernel/gui/src/kanvas_gui.c.o build/obj/kernel/gui/src/kanvas_kex_runner.c.o build/obj/kernel/gui/src/kanvas_start_menu.c.o build/obj/kernel/gui/src/kanvas_system_tray.c.o build/obj/kernel/gui/src/kanvas_task_manager.c.o build/obj/kernel/gui/src/kanvas_taskbar.c.o build/obj/kernel/gui/src/kanvas_terminal.c.o build/obj/kernel/gui/src/kanvas_window.c.o build/obj/kernel/gui/src/kapi_curvo_icons.c.o build/obj/kernel/gui/src/kenux_asset_file.c.o build/obj/kernel/gui/src/kenux_asset_folder.c.o build/obj/kernel/gui/src/kenux_render.c.o build/obj/kernel/gui/src/kenux_ui.c.o build/obj/kernel/gui/src/logo_data.c.o build/obj/kernel/gui/src/main.c.o build/obj/kernel/gui/src/msf.c.o build/obj/kernel/gui/src/psf.c.o build/obj/kernel/gui/src/sysinfo.c.o build/obj/kernel/gui/src/taskmgr.c.o build/obj/kernel/gui/src/terminal.c.o build/obj/kernel/gui/src/textedit.c.o build/obj/kernel/gui/src/thispc.c.o build/obj/kernel/gui/src/wallpaper_data.c.o build/obj/kernel/gui/src/widget.c.o build/obj/kernel/gui/src/window.c.o build/obj/kernel/gui/src/window_manager.c.o build/obj/kernel/kernel/cgroup.c.o build/obj/kernel/kernel/devtmpfs.c.o build/obj/kernel/kernel/drivers.c.o build/obj/kernel/kernel/epoll.c.o build/obj/kernel/kernel/fifo.c.o build/obj/kernel/kernel/fs.c.o build/obj/kernel/kernel/gdb_stub.c.o build/obj/kernel/kernel/interrupt.c.o build/obj/kernel/kernel/ipc.c.o build/obj/kernel/kernel/kernel.c.o build/obj/kernel/kernel/kthread.c.o build/obj/kernel/kernel/module.c.o build/obj/kernel/kernel/printk.c.o build/obj/kernel/kernel/process.c.o build/obj/kernel/kernel/rcu.c.o build/obj/kernel/kernel/shell_enhanced.c.o build/obj/kernel/kernel/signal.c.o build/obj/kernel/kernel/stacktrace.c.o build/obj/kernel/kernel/sync.c.o build/obj/kernel/kernel/syscall.c.o build/obj/kernel/kernel/sysfs.c.o build/obj/kernel/kernel/timer.c.o build/obj/kernel/kernel/unixsock.c.o build/obj/kernel/kernel/wait.c.o build/obj/kernel/kernel/workqueue.c.o build/obj/kernel/lib/libc/errno.c.o build/obj/kernel/lib/libc/math.c.o build/obj/kernel/lib/libc/setjmp.c.o build/obj/kernel/lib/libc/signal.c.o build/obj/kernel/lib/libc/stdio.c.o build/obj/kernel/lib/libc/stdlib.c.o build/obj/kernel/lib/libc/string.c.o build/obj/kernel/lib/libc/time.c.o build/obj/kernel/lib/libc/unistd.c.o build/obj/kernel/lib/libc/vsprintf.c.o build/obj/kernel/systemd/automount.c.o build/obj/kernel/systemd/device.c.o build/obj/kernel/systemd/fstab.c.o build/obj/kernel/systemd/journal.c.o build/obj/kernel/systemd/journalctl.c.o build/obj/kernel/systemd/mount.c.o build/obj/kernel/systemd/path.c.o build/obj/kernel/systemd/service.c.o build/obj/kernel/systemd/slice.c.o build/obj/kernel/systemd/socket.c.o build/obj/kernel/systemd/swap.c.o build/obj/kernel/systemd/systemctl.c.o build/obj/kernel/systemd/systemd.c.o build/obj/kernel/systemd/target.c.o build/obj/kernel/systemd/timer.c.o build/obj/kernel/systemd/udev.c.o build/obj/kernel/systemd/util.c.o build/obj/kernel/arch/x86_64/interrupt.S.o -o img/boot/kernel.elf.pe
