-- Start building task run kernel -- (651148487)
-- Start building task kernel -- (0)
-- Enter folder kernel/arch/x86_64 --
<0> Building kernel/arch/x86_64/pnp.c
<1> Building kernel/arch/x86_64/pci.c
<2> Building kernel/arch/x86_64/pe.c
<3> Building kernel/arch/x86_64/pagefault.c
kernel/arch/x86_64/pagefault.c: In function 'stack_expand':
kernel/arch/x86_64/pagefault.c:157:37: warning: unsigned conversion from 'int' to 'uint64_t' {aka 'long long unsigned int'} changes value from '-4096' to '18446744073709547520' [-Wsign-conversion]
  157 |     uint64_t page_addr = fault_addr & ~(PAGE_SIZE - 1);
      |                                     ^
kernel/arch/x86_64/pagefault.c: In function 'pagefault_handler':
kernel/arch/x86_64/pagefault.c:230:48: warning: unsigned conversion from 'int' to 'uint64_t' {aka 'long long unsigned int'} changes value from '-4096' to '18446744073709547520' [-Wsign-conversion]
  230 |                 if (demand_page_alloc(cr3, cr2 & ~(PAGE_SIZE - 1),
      |                                                ^
kernel/arch/x86_64/pagefault.c:243:56: warning: unsigned conversion from 'int' to 'uint64_t' {aka 'long long unsigned int'} changes value from '-4096' to '18446744073709547520' [-Wsign-conversion]
  243 |                         proc->stack_base = (void*)(cr2 & ~(PAGE_SIZE - 1));
      |                                                        ^
kernel/arch/x86_64/pagefault.c: At top level:
kernel/arch/x86_64/pagefault.c:27:13: warning: 'pf_log_buf' defined but not used [-Wunused-variable]
   27 | static char pf_log_buf[PF_LOG_BUF_SIZE];
      |             ^~~~~~~~~~
kernel/arch/x86_64/pnp.c: In function 'add_pnp_root':
kernel/arch/x86_64/pnp.c:218:23: warning: multi-character character constant [-Wmultichar]
  218 |     node->signature = 'PnPD';
      |                       ^~~~~~
kernel/arch/x86_64/pnp.c: In function 'pnp_init':
kernel/arch/x86_64/pnp.c:263:9: error: implicit declaration of function 'sprintf' [-Wimplicit-function-declaration]
  263 |         sprintf(tmp, "PCIROOT(0)#PCI(0000)");
      |         ^~~~~~~
kernel/arch/x86_64/pnp.c:5:1: note: 'sprintf' is defined in header '<stdio.h>'; this is probably fixable by adding '#include <stdio.h>'
    4 | #include <string.h>
  +++ |+#include <stdio.h>
    5 | extern void* memory_alloc(uint64_t size);
kernel/arch/x86_64/pnp.c:324:39: warning: multi-character character constant [-Wmultichar]
  324 |                 dev_node->signature = 'PnPD';
      |                                       ^~~~~~
kernel/arch/x86_64/pci.c: In function 'pci_read_config':
kernel/arch/x86_64/pci.c:28:34: warning: unsigned conversion from 'int' to 'unsigned int' changes value from '-2147483648' to '2147483648' [-Wsign-conversion]
   28 |     uint32_t address = (1 << 31) |
      |                                  ^
kernel/arch/x86_64/pci.c: In function 'pci_write_config':
kernel/arch/x86_64/pci.c:47:34: warning: unsigned conversion from 'int' to 'unsigned int' changes value from '-2147483648' to '2147483648' [-Wsign-conversion]
   47 |     uint32_t address = (1 << 31) |
      |                                  ^
kernel/arch/x86_64/pci.c: In function 'pci_write_config_byte':
kernel/arch/x86_64/pci.c:82:21: warning: conversion to 'uint32_t' {aka 'unsigned int'} from 'int' may change the sign of the result [-Wsign-conversion]
   82 |     uint32_t mask = ~(0xFF << shift);
      |                     ^
kernel/arch/x86_64/pe.c: In function 'pe_get_nt_headers':
kernel/arch/x86_64/pci.c: In function 'pci_write_config_word':
kernel/arch/x86_64/pci.c:91:21: warning: conversion to 'uint32_t' {aka 'unsigned int'} from 'int' may change the sign of the result [-Wsign-conversion]
   91 |     uint32_t mask = ~(0xFFFF << shift);
      |                     ^
kernel/arch/x86_64/pci.c: In function 'pci_find_class':
kernel/arch/x86_64/pci.c:107:59: warning: conversion from 'int' to 'uint8_t' {aka 'unsigned char'} may change value [-Wconversion]
kernel/arch/x86_64/pe.c:9:59: error: 'gt' undeclared (first use in this function)
  107 |                 uint32_t class_code_reg = pci_read_config(b, d, f, 0x08);
    9 |     return (IMAGE_NT_HEADERS64*)(buffer + (uintptr_t)dos-&gt;e_lfanew);
      |                                                           ^
      |                                                           ^~
kernel/arch/x86_64/pci.c:107:62: warning: conversion from 'int' to 'uint8_t' {aka 'unsigned char'} may change value [-Wconversion]
kernel/arch/x86_64/pe.c:9:59: note: each undeclared identifier is reported only once for each function it appears in
  107 |                 uint32_t class_code_reg = pci_read_config(b, d, f, 0x08);
kernel/arch/x86_64/pe.c:9:61: error: expected ')' before ';' token
      |                                                              ^
    9 |     return (IMAGE_NT_HEADERS64*)(buffer + (uintptr_t)dos-&gt;e_lfanew);
      |                                 ~                           ^
kernel/arch/x86_64/pci.c:107:65: warning: conversion from 'int' to 'uint8_t' {aka 'unsigned char'} may change value [-Wconversion]
      |                                                             )
  107 |                 uint32_t class_code_reg = pci_read_config(b, d, f, 0x08);
kernel/arch/x86_64/pe.c: In function 'pe_validate':
      |                                                                 ^
kernel/arch/x86_64/pe.c:14:15: error: 'lt' undeclared (first use in this function)
   14 |     if (size &lt; (uint64_t)sizeof(IMAGE_DOS_HEADER)) {
      |               ^~
kernel/arch/x86_64/pe.c:14:17: error: expected ')' before ';' token
   14 |     if (size &lt; (uint64_t)sizeof(IMAGE_DOS_HEADER)) {
      |        ~        ^
      |                 )
kernel/arch/x86_64/pci.c:111:46: warning: conversion from 'uint32_t' {aka 'unsigned int'} to 'uint8_t' {aka 'unsigned char'} may change value [-Wconversion]
  111 |                 uint8_t class_code_current = (class_code_reg >> 24) & 0xFF;
kernel/arch/x86_64/pe.c:19:14: error: 'gt' undeclared (first use in this function)
      |                                              ^
   19 |     if (dos-&gt;e_magic != (uint16_t)IMAGE_DOS_SIGNATURE) {
      |              ^~
kernel/arch/x86_64/pe.c:19:16: error: expected ')' before ';' token
   19 |     if (dos-&gt;e_magic != (uint16_t)IMAGE_DOS_SIGNATURE) {
      |        ~       ^
      |                )
kernel/arch/x86_64/pe.c:23:26: error: expected ')' before ';' token
   23 |     if ((uint64_t)dos-&gt;e_lfanew + (uint64_t)sizeof(IMAGE_NT_HEADERS64) &gt; size) {
      |        ~                 ^
      |                          )
kernel/arch/x86_64/pe.c:27:91: error: expected ')' before ';' token
   27 |     const IMAGE_NT_HEADERS64* nt = (const IMAGE_NT_HEADERS64*)(buffer + (uintptr_t)dos-&gt;e_lfanew);
      |                                                               ~                           ^
      |                                                                                           )
kernel/arch/x86_64/pci.c:114:37: warning: conversion from 'int' to 'uint8_t' {aka 'unsigned char'} may change value [-Wconversion]
  114 |                     if (bus) *bus = b;
      |                                     ^
kernel/arch/x86_64/pci.c:115:43: warning: conversion from 'int' to 'uint8_t' {aka 'unsigned char'} may change value [-Wconversion]
  115 |                     if (device) *device = d;
      |                                           ^
kernel/arch/x86_64/pci.c:116:47: warning: conversion from 'int' to 'uint8_t' {aka 'unsigned char'} may change value [-Wconversion]
  116 |                     if (function) *function = f;
      |                                               ^
kernel/arch/x86_64/pe.c:28:15: error: expected ')' before ';' token
   28 |     if (nt-&gt;Signature != (uint32_t)IMAGE_NT_SIGNATURE) {
      |        ~      ^
      |               )
kernel/arch/x86_64/pci.c: In function 'pci_find_device':
kernel/arch/x86_64/pci.c:130:51: warning: conversion from 'int' to 'uint8_t' {aka 'unsigned char'} may change value [-Wconversion]
  130 |                 uint32_t id_reg = pci_read_config(b, d, f, 0x00);
      |                                                   ^
kernel/arch/x86_64/pci.c:130:54: warning: conversion from 'int' to 'uint8_t' {aka 'unsigned char'} may change value [-Wconversion]
  130 |                 uint32_t id_reg = pci_read_config(b, d, f, 0x00);
      |                                                      ^
kernel/arch/x86_64/pci.c:130:57: warning: conversion from 'int' to 'uint8_t' {aka 'unsigned char'} may change value [-Wconversion]
  130 |                 uint32_t id_reg = pci_read_config(b, d, f, 0x00);
      |                                                         ^
kernel/arch/x86_64/pci.c:135:32: warning: conversion from 'uint32_t' {aka 'unsigned int'} to 'uint16_t' {aka 'short unsigned int'} may change value [-Wconversion]
  135 |                 uint16_t did = (id_reg >> 16) & 0xFFFF;
      |                                ^
kernel/arch/x86_64/pci.c:137:37: warning: conversion from 'int' to 'uint8_t' {aka 'unsigned char'} may change value [-Wconversion]
kernel/arch/x86_64/pe.c:32:15: error: expected ')' before ';' token
  137 |                     if (bus) *bus = b;
   32 |     if (nt-&gt;OptionalHeader.Magic != (uint16_t)IMAGE_NT_OPTIONAL_HDR64_MAGIC) {
      |                                     ^
      |        ~      ^
kernel/arch/x86_64/pci.c:138:43: warning: conversion from 'int' to 'uint8_t' {aka 'unsigned char'} may change value [-Wconversion]
      |               )
  138 |                     if (device) *device = d;
kernel/arch/x86_64/pe.c:36:15: error: expected ')' before ';' token
      |                                           ^
   36 |     if (nt-&gt;FileHeader.Machine != (uint16_t)IMAGE_FILE_MACHINE_AMD64) {
kernel/arch/x86_64/pci.c:139:47: warning: conversion from 'int' to 'uint8_t' {aka 'unsigned char'} may change value [-Wconversion]
      |        ~      ^
  139 |                     if (function) *function = f;
      |               )
      |                                               ^
kernel/arch/x86_64/pe.c: In function 'pe_get_entry_point':
kernel/arch/x86_64/pe.c:46:37: error: 'gt' undeclared (first use in this function); did you mean 'nt'?
   46 |     return (uint64_t)((uint64_t)nt-&gt;OptionalHeader.AddressOfEntryPoint + nt-&gt;OptionalHeader.ImageBase);
      |                                     ^~
      |                                     nt
kernel/arch/x86_64/pe.c:46:39: error: expected ')' before ';' token
   46 |     return (uint64_t)((uint64_t)nt-&gt;OptionalHeader.AddressOfEntryPoint + nt-&gt;OptionalHeader.ImageBase);
      |                      ~                ^
      |                                       )
kernel/arch/x86_64/pe.c: In function 'pe_get_image_base':
kernel/arch/x86_64/pe.c:52:16: error: 'gt' undeclared (first use in this function); did you mean 'nt'?
   52 |     return nt-&gt;OptionalHeader.ImageBase;
      |                ^~
      |                nt
kernel/arch/x86_64/pe.c:52:19: error: 'OptionalHeader' undeclared (first use in this function)
   52 |     return nt-&gt;OptionalHeader.ImageBase;
      |                   ^~~~~~~~~~~~~~
kernel/arch/x86_64/pci.c: In function 'pci_find_ext_capability':
kernel/arch/x86_64/pci.c:201:65: warning: conversion from 'uint32_t' {aka 'unsigned int'} to 'uint8_t' {aka 'unsigned char'} may change value [-Wconversion]
  201 |         uint32_t header = pci_read_config_dword(bus, dev, func, ecap_offset);
      |                                                                 ^~~~~~~~~~~
kernel/arch/x86_64/pci.c:203:25: warning: conversion from 'uint32_t' {aka 'unsigned int'} to 'uint16_t' {aka 'short unsigned int'} may change value [-Wconversion]
  203 |         uint16_t next = (header >> 20) & 0xFFF;
      |                         ^
kernel/arch/x86_64/pe.c: In function 'pe_get_image_size':
kernel/arch/x86_64/pe.c:58:16: error: 'gt' undeclared (first use in this function); did you mean 'nt'?
   58 |     return nt-&gt;OptionalHeader.SizeOfImage;
      |                ^~
      |                nt
kernel/arch/x86_64/pe.c:58:19: error: 'OptionalHeader' undeclared (first use in this function)
   58 |     return nt-&gt;OptionalHeader.SizeOfImage;
      |                   ^~~~~~~~~~~~~~
kernel/arch/x86_64/pe.c: In function 'pe_get_rva':
kernel/arch/x86_64/pe.c:64:40: error: 'amp' undeclared (first use in this function)
   64 |     const IMAGE_DATA_DIRECTORY* dir = &amp;nt-&gt;OptionalHeader.DataDirectory[directory_index];
      |                                        ^~~
kernel/arch/x86_64/pe.c:64:48: error: 'gt' undeclared (first use in this function); did you mean 'nt'?
   64 |     const IMAGE_DATA_DIRECTORY* dir = &amp;nt-&gt;OptionalHeader.DataDirectory[directory_index];
      |                                                ^~
      |                                                nt
kernel/arch/x86_64/pci.c: In function 'pci_enable_msix':
kernel/arch/x86_64/pci.c:263:67: warning: conversion from 'int' to 'uint8_t' {aka 'unsigned char'} may change value [-Wconversion]
  263 |     uint32_t bar_val = pci_read_config_dword(bus, dev, func, 0x10 + table_bir * 4);
      |                                                              ~~~~~^~~~~~~~~~~~~~~
kernel/arch/x86_64/pe.c:64:51: error: 'OptionalHeader' undeclared (first use in this function)
   64 |     const IMAGE_DATA_DIRECTORY* dir = &amp;nt-&gt;OptionalHeader.DataDirectory[directory_index];
      |                                                   ^~~~~~~~~~~~~~
kernel/arch/x86_64/pci.c:264:51: warning: unsigned conversion from 'int' to 'uint32_t' {aka 'unsigned int'} changes value from '-16' to '4294967280' [-Wsign-conversion]
  264 |     void* table_base = (void*)(uintptr_t)(bar_val & ~0xF) + table_offset;
      |                                                   ^
kernel/arch/x86_64/pci.c:264:59: warning: pointer of type 'void *' used in arithmetic [-Wpointer-arith]
  264 |     void* table_base = (void*)(uintptr_t)(bar_val & ~0xF) + table_offset;
      |                                                           ^
kernel/arch/x86_64/pe.c:66:29: error: 'Size' undeclared (first use in this function)
kernel/arch/x86_64/pci.c:275:18: warning: unsigned conversion from 'int' to 'uint16_t' {aka 'short unsigned int'} changes the value of '-16385' [-Wsign-conversion]
   66 |         *out_size = dir-&gt;Size;
  275 |     msix_ctrl &= ~PCI_MSIX_CTRL_MASKALL;
      |                             ^~~~
      |                  ^
kernel/arch/x86_64/pci.c: In function 'pci_disable_msix':
kernel/arch/x86_64/pci.c:292:18: warning: unsigned conversion from 'int' to 'uint16_t' {aka 'short unsigned int'} changes the value of '-32769' [-Wsign-conversion]
  292 |     msix_ctrl &= ~PCI_MSIX_CTRL_ENABLE;
      |                  ^
kernel/arch/x86_64/pci.c: In function 'pci_set_bus_master':
kernel/arch/x86_64/pci.c:304:16: warning: unsigned conversion from 'int' to 'uint16_t' {aka 'short unsigned int'} changes the value of '-5' [-Wsign-conversion]
  304 |         cmd &= ~PCI_COMMAND_BUS_MASTER;
      |                ^
kernel/arch/x86_64/pe.c:68:30: error: 'VirtualAddress' undeclared (first use in this function)
kernel/arch/x86_64/pci.c: In function 'pci_request_irq':
   68 |     return (uint64_t)dir-&gt;VirtualAddress;
      |                              ^~~~~~~~~~~~~~
kernel/arch/x86_64/pci.c:316:13: warning: unused variable 'slot' [-Wunused-variable]
kernel/arch/x86_64/pe.c:61:48: warning: parameter 'directory_index' set but not used [-Wunused-but-set-parameter=]
  316 |     uint8_t slot = dev;
   61 | uint64_t pe_get_rva(const uint8_t* buffer, int directory_index, uint32_t* out_size)
      |             ^~~~
      |                                            ~~~~^~~~~~~~~~~~~~~
kernel/arch/x86_64/pe.c: In function 'pe_load_sections':
kernel/arch/x86_64/pe.c:74:39: error: 'gt' undeclared (first use in this function); did you mean 'nt'?
   74 |     const uint16_t num_sections = nt-&gt;FileHeader.NumberOfSections;
      |                                       ^~
      |                                       nt
kernel/arch/x86_64/pci.c: In function 'pci_read_bar':
kernel/arch/x86_64/pci.c:346:55: warning: conversion from 'int' to 'uint8_t' {aka 'unsigned char'} may change value [-Wconversion]
  346 |     return pci_read_config_dword(bus, dev, func, 0x10 + bar_num * 4);
      |                                                  ~~~~~^~~~~~~~~~~~~
kernel/arch/x86_64/pci.c: In function 'pci_get_bar_size':
kernel/arch/x86_64/pci.c:354:63: warning: conversion from 'int' to 'uint8_t' {aka 'unsigned char'} may change value [-Wconversion]
  354 |     uint32_t orig_val = pci_read_config_dword(bus, dev, func, bar_offset);
      |                                                               ^~~~~~~~~~
kernel/arch/x86_64/pci.c:355:44: warning: conversion from 'int' to 'uint8_t' {aka 'unsigned char'} may change value [-Wconversion]
  355 |     pci_write_config_dword(bus, dev, func, bar_offset, 0xFFFFFFFF);
      |                                            ^~~~~~~~~~
kernel/arch/x86_64/pci.c:356:63: warning: conversion from 'int' to 'uint8_t' {aka 'unsigned char'} may change value [-Wconversion]
  356 |     uint32_t size_val = pci_read_config_dword(bus, dev, func, bar_offset);
      |                                                               ^~~~~~~~~~
kernel/arch/x86_64/pci.c:357:44: warning: conversion from 'int' to 'uint8_t' {aka 'unsigned char'} may change value [-Wconversion]
  357 |     pci_write_config_dword(bus, dev, func, bar_offset, orig_val);
      |                                            ^~~~~~~~~~
kernel/arch/x86_64/pe.c:74:42: error: 'FileHeader' undeclared (first use in this function)
   74 |     const uint16_t num_sections = nt-&gt;FileHeader.NumberOfSections;
      |                                          ^~~~~~~~~~
kernel/arch/x86_64/pe.c:76:26: error: 'amp' undeclared (first use in this function)
   76 |         (const uint8_t*)&amp;nt-&gt;OptionalHeader + (uintptr_t)nt-&gt;FileHeader.SizeOfOptionalHeader);
      |                          ^~~
kernel/arch/x86_64/pe.c:76:29: error: expected ')' before ';' token
   76 |         (const uint8_t*)&amp;nt-&gt;OptionalHeader + (uintptr_t)nt-&gt;FileHeader.SizeOfOptionalHeader);
      |                             ^
      |                             )
kernel/arch/x86_64/pe.c:75:68: note: to match this '('
   75 |     const IMAGE_SECTION_HEADER* sec = (const IMAGE_SECTION_HEADER*)(
      |                                                                    ^
kernel/arch/x86_64/pe.c:78:29: error: 'lt' undeclared (first use in this function); did you mean 'nt'?
   78 |     for (uint16_t i = 0; i &lt; num_sections; i++) {
      |                             ^~
      |                             nt
kernel/arch/x86_64/pe.c:78:33: warning: statement with no effect [-Wunused-value]
   78 |     for (uint16_t i = 0; i &lt; num_sections; i++) {
      |                                 ^~~~~~~~~~~~
kernel/arch/x86_64/pe.c:78:45: error: expected ')' before ';' token
   78 |     for (uint16_t i = 0; i &lt; num_sections; i++) {
      |         ~                                   ^
      |                                             )
kernel/arch/x86_64/pe.c:85:48: error: expected ')' before ';' token
   85 |         uint32_t clear_size = (virtual_size &gt; raw_size) ? virtual_size : raw_size;
      |                               ~                ^
      |                                                )
kernel/arch/x86_64/pe.c:90:25: error: expected ')' before ';' token
   90 |         if (raw_size &gt; 0U) {
      |            ~            ^
      |                         )
kernel/arch/x86_64/pe.c: In function 'pe_apply_relocations':
kernel/arch/x86_64/pe.c:108:87: error: 'amp' undeclared (first use in this function)
  108 |     const uint64_t reloc_rva = pe_get_rva(file_buf, IMAGE_DIRECTORY_ENTRY_BASERELOC, &amp;reloc_size);
      |                                                                                       ^~~
kernel/arch/x86_64/pe.c:108:90: error: expected ')' before ';' token
  108 |     const uint64_t reloc_rva = pe_get_rva(file_buf, IMAGE_DIRECTORY_ENTRY_BASERELOC, &amp;reloc_size);
      |                                          ~                                               ^
      |                                                                                          )
kernel/arch/x86_64/pe.c:114:19: error: 'gt' undeclared (first use in this function)
  114 |     while (block-&gt;VirtualAddress != 0U &amp;&amp; block-&gt;SizeOfBlock != 0U) {
      |                   ^~
kernel/arch/x86_64/pe.c:114:21: error: expected ')' before ';' token
  114 |     while (block-&gt;VirtualAddress != 0U &amp;&amp; block-&gt;SizeOfBlock != 0U) {
      |           ~         ^
      |                     )
kernel/arch/x86_64/pe.c:115:53: error: expected ')' before ';' token
  115 |         const uint32_t count = (uint32_t)((block-&gt;SizeOfBlock - 8U) / 2U);
      |                                           ~         ^
      |                                                     )
kernel/arch/x86_64/pe.c:118:34: error: 'lt' undeclared (first use in this function)
  118 |         for (uint32_t i = 0U; i &lt; count; i++) {
      |                                  ^~
kernel/arch/x86_64/pe.c:118:38: warning: statement with no effect [-Wunused-value]
  118 |         for (uint32_t i = 0U; i &lt; count; i++) {
      |                                      ^~~~~
kernel/arch/x86_64/pe.c:118:43: error: expected ')' before ';' token
  118 |         for (uint32_t i = 0U; i &lt; count; i++) {
      |             ~                             ^
      |                                           )
kernel/arch/x86_64/pe.c:120:37: error: expected ')' before ';' token
  120 |             if ((uint16_t)(entry &gt;&gt; 12) == (uint16_t)IMAGE_REL_BASED_DIR64) {
      |                           ~         ^
      |                                     )
kernel/arch/x86_64/pe.c:121:62: error: expected ')' before ';' token
  121 |                 const uint32_t offset = (uint32_t)(entry &amp; 0xFFFU);
      |                                                   ~          ^
      |                                                              )
kernel/arch/x86_64/pe.c:122:85: error: expected ')' before ';' token
  122 |                 uint64_t* fixup_addr = (uint64_t*)(image_base + (uintptr_t)block-&gt;VirtualAddress + (uintptr_t)offset);
      |                                                   ~                                 ^
      |                                                                                     )
kernel/arch/x86_64/pe.c:121:32: warning: unused variable 'offset' [-Wunused-variable]
  121 |                 const uint32_t offset = (uint32_t)(entry &amp; 0xFFFU);
      |                                ^~~~~~
kernel/arch/x86_64/pe.c:127:80: error: expected ')' before ';' token
  127 |         block = (IMAGE_BASE_RELOCATION*)((uint8_t*)block + (uintptr_t)block-&gt;SizeOfBlock);
      |                                         ~                                      ^
      |                                                                                )
kernel/arch/x86_64/pe.c:107:14: warning: unused variable 'reloc_size' [-Wunused-variable]
  107 |     uint32_t reloc_size = 0U;
      |              ^~~~~~~~~~
kernel/arch/x86_64/pe.c: In function 'pe_resolve_imports':
kernel/arch/x86_64/pe.c:137:85: error: 'amp' undeclared (first use in this function)
  137 |     const uint64_t import_rva = pe_get_rva(file_buf, IMAGE_DIRECTORY_ENTRY_IMPORT, &amp;import_size);
      |                                                                                     ^~~
kernel/arch/x86_64/pe.c:137:88: error: expected ')' before ';' token
  137 |     const uint64_t import_rva = pe_get_rva(file_buf, IMAGE_DIRECTORY_ENTRY_IMPORT, &amp;import_size);
      |                                           ~                                            ^
      |                                                                                        )
kernel/arch/x86_64/pe.c:143:25: error: 'gt' undeclared (first use in this function)
  143 |     while (import_desc-&gt;Name != 0U) {
      |                         ^~
kernel/arch/x86_64/pe.c:143:27: error: expected ')' before ';' token
  143 |     while (import_desc-&gt;Name != 0U) {
      |           ~               ^
      |                           )
kernel/arch/x86_64/pe.c:144:85: error: expected ')' before ';' token
  144 |         const char* dll_name = (const char*)(image_base + (uintptr_t)import_desc-&gt;Name);
      |                                             ~                                       ^
      |                                                                                     )
kernel/arch/x86_64/pe.c:147:28: error: expected ')' before ';' token
  147 |         if (import_desc-&gt;u.OriginalFirstThunk != 0U) {
      |            ~               ^
      |                            )
kernel/arch/x86_64/pe.c:148:51: error: 'u' undeclared (first use in this function); did you mean 'u8'?
  148 |             thunk_rva = (uint64_t)import_desc-&gt;u.OriginalFirstThunk;
      |                                                   ^
      |                                                   u8
kernel/arch/x86_64/pe.c:150:51: error: 'FirstThunk' undeclared (first use in this function)
  150 |             thunk_rva = (uint64_t)import_desc-&gt;FirstThunk;
      |                                                   ^~~~~~~~~~
kernel/arch/x86_64/pe.c:154:76: error: expected ')' before ';' token
  154 |         uint64_t* iat = (uint64_t*)(image_base + (uintptr_t)import_desc-&gt;FirstThunk);
      |                                    ~                                       ^
      |                                                                            )
kernel/arch/x86_64/pnp.c: At top level:
kernel/arch/x86_64/pnp.c:705:14: warning: 'find_hdevinfo' defined but not used [-Wunused-function]
  705 | static void* find_hdevinfo(void* h) {
      |              ^~~~~~~~~~~~~
kernel/arch/x86_64/pe.c:156:25: error: expected ')' before ';' token
  156 |         while (thunk-&gt;u1.AddressOfData != 0ULL) {
      |               ~         ^
      |                         )
kernel/arch/x86_64/pe.c:157:27: error: expected ')' before ';' token
  157 |             if ((thunk-&gt;u1.Ordinal &amp; IMAGE_ORDINAL_FLAG64) != 0ULL) {
      |                 ~         ^
      |                           )
kernel/arch/x86_64/pe.c:158:58: error: expected ')' before ';' token
  158 |                 const uint16_t ord = (uint16_t)(thunk-&gt;u1.Ordinal &amp; 0xFFFFULL);
      |                                                ~         ^
      |                                                          )
kernel/arch/x86_64/pe.c:161:90: error: expected ')' before ';' token
  161 |                 const char* import_name = (const char*)(image_base + (uintptr_t)thunk-&gt;u1.AddressOfData + 2U);
      |                                                        ~                                 ^
      |                                                                                          )
kernel/arch/x86_64/pe.c:136:14: warning: unused variable 'import_size' [-Wunused-variable]
  136 |     uint32_t import_size = 0U;
      |              ^~~~~~~~~~~
kernel/arch/x86_64/pe.c: In function 'pe_run_tls_callbacks':
kernel/arch/x86_64/pe.c:180:79: error: 'amp' undeclared (first use in this function)
  180 |     const uint64_t tls_rva = pe_get_rva(file_buf, IMAGE_DIRECTORY_ENTRY_TLS, &amp;tls_size);
      |                                                                               ^~~
kernel/arch/x86_64/pe.c:180:82: error: expected ')' before ';' token
  180 |     const uint64_t tls_rva = pe_get_rva(file_buf, IMAGE_DIRECTORY_ENTRY_TLS, &amp;tls_size);
      |                                        ~                                         ^
      |                                                                                  )
kernel/arch/x86_64/pe.c:186:14: error: 'gt' undeclared (first use in this function)
  186 |     if (tls-&gt;AddressOfCallBacks == 0ULL) {
      |              ^~
kernel/arch/x86_64/pe.c:186:16: error: expected ')' before ';' token
  186 |     if (tls-&gt;AddressOfCallBacks == 0ULL) {
      |        ~       ^
      |                )
kernel/arch/x86_64/pe.c:191:44: error: 'AddressOfCallBacks' undeclared (first use in this function)
  191 |     const uint64_t callbacks_rva = tls-&gt;AddressOfCallBacks - preferred_base;
      |                                            ^~~~~~~~~~~~~~~~~~
<2> Building kernel/arch/x86_64/pagecache.c
kernel/arch/x86_64/pagecache.c: In function 'pagecache_clear_dirty':
kernel/arch/x86_64/pagecache.c:133:22: warning: unsigned conversion from 'int' to 'uint32_t' {aka 'unsigned int'} changes value from '-3' to '4294967293' [-Wsign-conversion]
  133 |         entry->flags &= ~PCACHE_DIRTY;
      |                      ^~
kernel/arch/x86_64/pagecache.c: In function 'pagecache_sync_node':
kernel/arch/x86_64/pagecache.c:178:30: warning: unsigned conversion from 'int' to 'uint32_t' {aka 'unsigned int'} changes value from '-11' to '4294967285' [-Wsign-conversion]
  178 |                 entry->flags &= ~(PCACHE_DIRTY | PCACHE_WRITEBACK);
      |                              ^~
kernel/arch/x86_64/pagecache.c: In function 'pagecache_sync_all':
kernel/arch/x86_64/pagecache.c:206:30: warning: unsigned conversion from 'int' to 'uint32_t' {aka 'unsigned int'} changes value from '-11' to '4294967285' [-Wsign-conversion]
  206 |                 entry->flags &= ~(PCACHE_DIRTY | PCACHE_WRITEBACK);
      |                              ^~
FAILED TASK run kernel: 
