-- Start building task run all -- (878278343)
-- Start building task all -- (0)
-- Start building task kernel -- (1)
-- Enter folder img/boot --
<3> Building img/boot/kernel.elf.pe
/usr/x86_64-w64-mingw32/bin/ld: build/obj/kernel/arch/x86_64/ioapic.c.o:ioapic.c:(.text+0xa0): multiple definition of `ioapic_init'; build/obj/kernel/arch/x86_64/apic.c.o:apic.c:(.text+0x4b0): first defined here
/usr/x86_64-w64-mingw32/bin/ld: build/obj/kernel/arch/x86_64/slab.c.o:slab.c:(.text+0x8b0): multiple definition of `kmalloc'; build/obj/kernel/arch/x86_64/memory.c.o:memory.c:(.text+0x90): first defined here
/usr/x86_64-w64-mingw32/bin/ld: build/obj/kernel/arch/x86_64/slab.c.o:slab.c:(.text+0x960): multiple definition of `kzalloc'; build/obj/kernel/arch/x86_64/memory.c.o:memory.c:(.text+0x1a0): first defined here
/usr/x86_64-w64-mingw32/bin/ld: build/obj/kernel/arch/x86_64/slab.c.o:slab.c:(.text+0x9a0): multiple definition of `kfree'; build/obj/kernel/arch/x86_64/memory.c.o:memory.c:(.text+0x140): first defined here
/usr/x86_64-w64-mingw32/bin/ld: build/obj/kernel/arch/x86_64/win32_advapi32.c.o:win32_advapi32.c:(.text+0xcc0): multiple definition of `ChangeServiceConfigA'; build/obj/kernel/arch/x86_64/scm.c.o:scm.c:(.text+0x1210): first defined here
/usr/x86_64-w64-mingw32/bin/ld: build/obj/kernel/arch/x86_64/win32_kernel32.c.o:win32_kernel32.c:(.text+0x5f0): multiple definition of `GetSystemMetrics'; build/obj/kernel/arch/x86_64/win32_gdi_and_msg.c.o:win32_gdi_and_msg.c:(.text+0x710): first defined here
/usr/x86_64-w64-mingw32/bin/ld: build/obj/kernel/arch/x86_64/win32_process.c.o:win32_process.c:(.text+0x1270): multiple definition of `NtClose'; build/obj/kernel/arch/x86_64/win32_ntdll.c.o:win32_ntdll.c:(.text+0xbc0): first defined here
/usr/x86_64-w64-mingw32/bin/ld: build/obj/kernel/arch/x86_64/win32_process.c.o:win32_process.c:(.text+0x1290): multiple definition of `NtAllocateVirtualMemory'; build/obj/kernel/arch/x86_64/win32_ntdll.c.o:win32_ntdll.c:(.text+0xd50): first defined here
/usr/x86_64-w64-mingw32/bin/ld: build/obj/kernel/arch/x86_64/win32_process.c.o:win32_process.c:(.text+0x1300): multiple definition of `NtFreeVirtualMemory'; build/obj/kernel/arch/x86_64/win32_ntdll.c.o:win32_ntdll.c:(.text+0xdc0): first defined here
/usr/x86_64-w64-mingw32/bin/ld: build/obj/kernel/arch/x86_64/win32_process.c.o:win32_process.c:(.text+0x1340): multiple definition of `NtQueryInformationProcess'; build/obj/kernel/arch/x86_64/win32_ntdll.c.o:win32_ntdll.c:(.text+0xfb0): first defined here
/usr/x86_64-w64-mingw32/bin/ld: build/obj/kernel/arch/x86_64/win32_process.c.o:win32_process.c:(.text+0x13a0): multiple definition of `NtQueryInformationThread'; build/obj/kernel/arch/x86_64/win32_ntdll.c.o:win32_ntdll.c:(.text+0x1020): first defined here
/usr/x86_64-w64-mingw32/bin/ld: build/obj/kernel/arch/x86_64/win32_process.c.o:win32_process.c:(.text+0x1400): multiple definition of `NtCreateFile'; build/obj/kernel/arch/x86_64/win32_ntdll.c.o:win32_ntdll.c:(.text+0xae0): first defined here
/usr/x86_64-w64-mingw32/bin/ld: build/obj/kernel/arch/x86_64/win32_process.c.o:win32_process.c:(.text+0x1440): multiple definition of `NtReadFile'; build/obj/kernel/arch/x86_64/win32_ntdll.c.o:win32_ntdll.c:(.text+0xb00): first defined here
/usr/x86_64-w64-mingw32/bin/ld: build/obj/kernel/arch/x86_64/win32_process.c.o:win32_process.c:(.text+0x14b0): multiple definition of `NtWriteFile'; build/obj/kernel/arch/x86_64/win32_ntdll.c.o:win32_ntdll.c:(.text+0xb70): first defined here
/usr/x86_64-w64-mingw32/bin/ld: build/obj/kernel/arch/x86_64/win32_security.c.o:win32_security.c:(.text+0x1050): multiple definition of `OpenProcessToken'; build/obj/kernel/arch/x86_64/win32_advapi32.c.o:win32_advapi32.c:(.text+0x3760): first defined here
/usr/x86_64-w64-mingw32/bin/ld: build/obj/kernel/arch/x86_64/win32_security.c.o:win32_security.c:(.text+0x10c0): multiple definition of `OpenThreadToken'; build/obj/kernel/arch/x86_64/win32_advapi32.c.o:win32_advapi32.c:(.text+0x3830): first defined here
/usr/x86_64-w64-mingw32/bin/ld: build/obj/kernel/arch/x86_64/win32_security.c.o:win32_security.c:(.text+0x1150): multiple definition of `LookupPrivilegeValueA'; build/obj/kernel/arch/x86_64/win32_advapi32.c.o:win32_advapi32.c:(.text+0x3fa0): first defined here
/usr/x86_64-w64-mingw32/bin/ld: build/obj/kernel/arch/x86_64/win32_security.c.o:win32_security.c:(.text+0x1220): multiple definition of `LookupAccountSidA'; build/obj/kernel/arch/x86_64/win32_advapi32.c.o:win32_advapi32.c:(.text+0x44a0): first defined here
/usr/x86_64-w64-mingw32/bin/ld: build/obj/kernel/arch/x86_64/win32_security.c.o:win32_security.c:(.text+0x1470): multiple definition of `LookupAccountNameA'; build/obj/kernel/arch/x86_64/win32_advapi32.c.o:win32_advapi32.c:(.text+0x41c0): first defined here
/usr/x86_64-w64-mingw32/bin/ld: build/obj/kernel/arch/x86_64/win32_shell.c.o:win32_shell.c:(.text+0x5ae0): multiple definition of `CreateProcessA'; build/obj/kernel/arch/x86_64/win32_kernel32.c.o:win32_kernel32.c:(.text+0x47b0): first defined here
/usr/x86_64-w64-mingw32/bin/ld: build/obj/kernel/arch/x86_64/win32_shell.c.o:win32_shell.c:(.text+0x8470): multiple definition of `TerminateProcess'; build/obj/kernel/arch/x86_64/win32_kernel32.c.o:win32_kernel32.c:(.text+0x4790): first defined here
/usr/x86_64-w64-mingw32/bin/ld: build/obj/kernel/arch/x86_64/win32_shell.c.o:win32_shell.c:(.text+0x8520): multiple definition of `GetExitCodeProcess'; build/obj/kernel/arch/x86_64/win32_kernel32.c.o:win32_kernel32.c:(.text+0x70): first defined here
/usr/x86_64-w64-mingw32/bin/ld: build/obj/kernel/arch/x86_64/win32_shell.c.o:win32_shell.c:(.text+0x8710): multiple definition of `CreatePipe'; build/obj/kernel/arch/x86_64/win32_kernel32.c.o:win32_kernel32.c:(.text+0x4b70): first defined here
/usr/x86_64-w64-mingw32/bin/ld: build/obj/kernel/kernel/fs.c.o:fs.c:(.text+0xa10): multiple definition of `vfs_find_path'; build/obj/kernel/api/kapi_fs.c.o:kapi_fs.c:(.text+0x190): first defined here
/usr/x86_64-w64-mingw32/bin/ld: build/obj/kernel/lib/libc/stdio.c.o:stdio.c:(.text+0x0): multiple definition of `sprintf'; build/obj/kernel/arch/x86_64/win32_msvcrt.c.o:win32_msvcrt.c:(.text+0x1a10): first defined here
/usr/x86_64-w64-mingw32/bin/ld: build/obj/kernel/lib/libc/stdio.c.o:stdio.c:(.text+0x30): multiple definition of `snprintf'; build/obj/kernel/arch/x86_64/win32_msvcrt.c.o:win32_msvcrt.c:(.text+0x1a40): first defined here
/usr/x86_64-w64-mingw32/bin/ld: build/obj/kernel/lib/libc/stdio.c.o:stdio.c:(.text+0x50): multiple definition of `printf'; build/obj/kernel/arch/x86_64/win32_msvcrt.c.o:win32_msvcrt.c:(.text+0x19a0): first defined here
/usr/x86_64-w64-mingw32/bin/ld: build/obj/kernel/lib/libc/stdio.c.o:stdio.c:(.text+0xa0): multiple definition of `puts'; build/obj/kernel/arch/x86_64/win32_msvcrt.c.o:win32_msvcrt.c:(.text+0x1b50): first defined here
/usr/x86_64-w64-mingw32/bin/ld: build/obj/kernel/lib/libc/stdio.c.o:stdio.c:(.text+0xd0): multiple definition of `putchar'; build/obj/kernel/arch/x86_64/win32_msvcrt.c.o:win32_msvcrt.c:(.text+0x1cf0): first defined here
/usr/x86_64-w64-mingw32/bin/ld: build/obj/kernel/lib/libc/stdlib.c.o:stdlib.c:(.text+0x0): multiple definition of `malloc'; build/obj/kernel/arch/x86_64/win32_msvcrt.c.o:win32_msvcrt.c:(.text+0xd00): first defined here
/usr/x86_64-w64-mingw32/bin/ld: build/obj/kernel/lib/libc/stdlib.c.o:stdlib.c:(.text+0x150): multiple definition of `free'; build/obj/kernel/arch/x86_64/win32_msvcrt.c.o:win32_msvcrt.c:(.text+0xde0): first defined here
/usr/x86_64-w64-mingw32/bin/ld: build/obj/kernel/lib/libc/stdlib.c.o:stdlib.c:(.text+0x270): multiple definition of `calloc'; build/obj/kernel/arch/x86_64/win32_msvcrt.c.o:win32_msvcrt.c:(.text+0xd20): first defined here
/usr/x86_64-w64-mingw32/bin/ld: build/obj/kernel/lib/libc/stdlib.c.o:stdlib.c:(.text+0x2b0): multiple definition of `realloc'; build/obj/kernel/arch/x86_64/win32_msvcrt.c.o:win32_msvcrt.c:(.text+0xd40): first defined here
/usr/x86_64-w64-mingw32/bin/ld: build/obj/kernel/lib/libc/stdlib.c.o:stdlib.c:(.text+0x3b0): multiple definition of `atexit'; build/obj/kernel/arch/x86_64/win32_msvcrt.c.o:win32_msvcrt.c:(.text+0x2830): first defined here
/usr/x86_64-w64-mingw32/bin/ld: build/obj/kernel/lib/libc/stdlib.c.o:stdlib.c:(.text+0x3f0): multiple definition of `exit'; build/obj/kernel/arch/x86_64/win32_msvcrt.c.o:win32_msvcrt.c:(.text+0x27c0): first defined here
/usr/x86_64-w64-mingw32/bin/ld: build/obj/kernel/lib/libc/stdlib.c.o:stdlib.c:(.text+0x480): multiple definition of `abort'; build/obj/kernel/arch/x86_64/win32_msvcrt.c.o:win32_msvcrt.c:(.text+0x27b0): first defined here
/usr/x86_64-w64-mingw32/bin/ld: build/obj/kernel/lib/libc/stdlib.c.o:stdlib.c:(.text+0x490): multiple definition of `atoi'; build/obj/kernel/arch/x86_64/win32_msvcrt.c.o:win32_msvcrt.c:(.text+0x14b0): first defined here
/usr/x86_64-w64-mingw32/bin/ld: build/obj/kernel/lib/libc/stdlib.c.o:stdlib.c:(.text+0x520): multiple definition of `atol'; build/obj/kernel/arch/x86_64/win32_msvcrt.c.o:win32_msvcrt.c:(.text+0x14d0): first defined here
/usr/x86_64-w64-mingw32/bin/ld: build/obj/kernel/lib/libc/stdlib.c.o:stdlib.c:(.text+0x530): multiple definition of `atoll'; build/obj/kernel/arch/x86_64/win32_msvcrt.c.o:win32_msvcrt.c:(.text+0x14f0): first defined here
/usr/x86_64-w64-mingw32/bin/ld: build/obj/kernel/lib/libc/stdlib.c.o:stdlib.c:(.text+0x730): multiple definition of `rand'; build/obj/kernel/arch/x86_64/win32_msvcrt.c.o:win32_msvcrt.c:(.text+0x2530): first defined here
/usr/x86_64-w64-mingw32/bin/ld: build/obj/kernel/lib/libc/stdlib.c.o:stdlib.c:(.text+0x750): multiple definition of `srand'; build/obj/kernel/arch/x86_64/win32_msvcrt.c.o:win32_msvcrt.c:(.text+0x2550): first defined here
/usr/x86_64-w64-mingw32/bin/ld: build/obj/kernel/lib/libc/string.c.o:string.c:(.text+0x0): multiple definition of `memset'; build/obj/kernel/arch/x86_64/win32_msvcrt.c.o:win32_msvcrt.c:(.text+0x1730): first defined here
/usr/x86_64-w64-mingw32/bin/ld: build/obj/kernel/lib/libc/string.c.o:string.c:(.text+0xc0): multiple definition of `memcpy'; build/obj/kernel/arch/x86_64/win32_msvcrt.c.o:win32_msvcrt.c:(.text+0x1800): first defined here
/usr/x86_64-w64-mingw32/bin/ld: build/obj/kernel/lib/libc/string.c.o:string.c:(.text+0x100): multiple definition of `strlen'; build/obj/kernel/arch/x86_64/win32_msvcrt.c.o:win32_msvcrt.c:(.text+0xe40): first defined here
/usr/x86_64-w64-mingw32/bin/ld: build/obj/kernel/lib/libc/string.c.o:string.c:(.text+0x130): multiple definition of `strcmp'; build/obj/kernel/arch/x86_64/win32_msvcrt.c.o:win32_msvcrt.c:(.text+0xfc0): first defined here
/usr/x86_64-w64-mingw32/bin/ld: build/obj/kernel/lib/libc/string.c.o:string.c:(.text+0x160): multiple definition of `strncpy'; build/obj/kernel/arch/x86_64/win32_msvcrt.c.o:win32_msvcrt.c:(.text+0xea0): first defined here
/usr/x86_64-w64-mingw32/bin/ld: build/obj/kernel/lib/libc/string.c.o:string.c:(.text+0x260): multiple definition of `memchr'; build/obj/kernel/arch/x86_64/win32_msvcrt.c.o:win32_msvcrt.c:(.text+0x18f0): first defined here
/usr/x86_64-w64-mingw32/bin/ld: build/obj/kernel/lib/libc/string.c.o:string.c:(.text+0x290): multiple definition of `memcmp'; build/obj/kernel/arch/x86_64/win32_msvcrt.c.o:win32_msvcrt.c:(.text+0x18a0): first defined here
/usr/x86_64-w64-mingw32/bin/ld: build/obj/kernel/lib/libc/string.c.o:string.c:(.text+0x2d0): multiple definition of `memmove'; build/obj/kernel/arch/x86_64/win32_msvcrt.c.o:win32_msvcrt.c:(.text+0x1840): first defined here
/usr/x86_64-w64-mingw32/bin/ld: build/obj/kernel/lib/libc/string.c.o:string.c:(.text+0x320): multiple definition of `strcat'; build/obj/kernel/arch/x86_64/win32_msvcrt.c.o:win32_msvcrt.c:(.text+0x1070): first defined here
/usr/x86_64-w64-mingw32/bin/ld: build/obj/kernel/lib/libc/string.c.o:string.c:(.text+0x390): multiple definition of `strcpy'; build/obj/kernel/arch/x86_64/win32_msvcrt.c.o:win32_msvcrt.c:(.text+0xe70): first defined here
/usr/x86_64-w64-mingw32/bin/ld: build/obj/kernel/lib/libc/string.c.o:string.c:(.text+0x4b0): multiple definition of `strchr'; build/obj/kernel/arch/x86_64/win32_msvcrt.c.o:win32_msvcrt.c:(.text+0x1130): first defined here
/usr/x86_64-w64-mingw32/bin/ld: build/obj/kernel/lib/libc/string.c.o:string.c:(.text+0x4f0): multiple definition of `strrchr'; build/obj/kernel/arch/x86_64/win32_msvcrt.c.o:win32_msvcrt.c:(.text+0x1170): first defined here
/usr/x86_64-w64-mingw32/bin/ld: build/obj/kernel/lib/libc/string.c.o:string.c:(.text+0x520): multiple definition of `strncmp'; build/obj/kernel/arch/x86_64/win32_msvcrt.c.o:win32_msvcrt.c:(.text+0x1020): first defined here
/usr/x86_64-w64-mingw32/bin/ld: build/obj/kernel/lib/libc/string.c.o:string.c:(.text+0x560): multiple definition of `strncat'; build/obj/kernel/arch/x86_64/win32_msvcrt.c.o:win32_msvcrt.c:(.text+0x10c0): first defined here
/usr/x86_64-w64-mingw32/bin/ld: build/obj/kernel/lib/libc/string.c.o:string.c:(.text+0x5f0): multiple definition of `strstr'; build/obj/kernel/arch/x86_64/win32_msvcrt.c.o:win32_msvcrt.c:(.text+0x11b0): first defined here
/usr/x86_64-w64-mingw32/bin/ld: build/obj/kernel/lib/libc/string.c.o:string.c:(.text+0x670): multiple definition of `strtok'; build/obj/kernel/arch/x86_64/win32_msvcrt.c.o:win32_msvcrt.c:(.text+0x1360): first defined here
/usr/x86_64-w64-mingw32/bin/ld: build/obj/kernel/lib/libc/unistd.c.o:unistd.c:(.text+0x270): multiple definition of `rename'; build/obj/kernel/arch/x86_64/win32_msvcrt.c.o:win32_msvcrt.c:(.text+0x2410): first defined here
/usr/x86_64-w64-mingw32/bin/ld: build/obj/kernel/lib/libc/unistd.c.o:unistd.c:(.text+0x350): multiple definition of `getenv'; build/obj/kernel/arch/x86_64/win32_msvcrt.c.o:win32_msvcrt.c:(.text+0x2870): first defined here
/usr/x86_64-w64-mingw32/bin/ld: build/obj/kernel/lib/libc/unistd.c.o:unistd.c:(.text+0x680): multiple definition of `system'; build/obj/kernel/arch/x86_64/win32_msvcrt.c.o:win32_msvcrt.c:(.text+0x28c0): first defined here
/usr/x86_64-w64-mingw32/bin/ld: build/obj/kernel/lib/libc/unistd.c.o:unistd.c:(.text+0x740): multiple definition of `_exit'; build/obj/kernel/arch/x86_64/win32_msvcrt.c.o:win32_msvcrt.c:(.text+0x2820): first defined here
/usr/x86_64-w64-mingw32/bin/ld: build/obj/kernel/lib/libc/vsprintf.c.o:vsprintf.c:(.text+0x0): multiple definition of `vsprintf'; build/obj/kernel/arch/x86_64/win32_msvcrt.c.o:win32_msvcrt.c:(.text+0x1970): first defined here
/usr/x86_64-w64-mingw32/bin/ld: build/obj/kernel/lib/libc/vsprintf.c.o:vsprintf.c:(.text+0x2a0): multiple definition of `vsnprintf'; build/obj/kernel/arch/x86_64/win32_msvcrt.c.o:win32_msvcrt.c:(.text+0x1990): first defined here
/usr/x86_64-w64-mingw32/bin/ld: build/obj/kernel/api/kapi_init.c.o:kapi_init.c:(.rdata$.refptr.kapi_inotify_init_module[.refptr.kapi_inotify_init_module]+0x0): undefined reference to `kapi_inotify_init_module'
/usr/x86_64-w64-mingw32/bin/ld: build/obj/kernel/api/kapi_init.c.o:kapi_init.c:(.rdata$.refptr.kapi_eventfd_init[.refptr.kapi_eventfd_init]+0x0): undefined reference to `kapi_eventfd_init'
/usr/x86_64-w64-mingw32/bin/ld: build/obj/kernel/api/kapi_init.c.o:kapi_init.c:(.rdata$.refptr.kapi_timerfd_init[.refptr.kapi_timerfd_init]+0x0): undefined reference to `kapi_timerfd_init'
/usr/x86_64-w64-mingw32/bin/ld: build/obj/kernel/api/kapi_init.c.o:kapi_init.c:(.rdata$.refptr.kapi_signalfd_init[.refptr.kapi_signalfd_init]+0x0): undefined reference to `kapi_signalfd_init'
/usr/x86_64-w64-mingw32/bin/ld: build/obj/kernel/api/kapi_init.c.o:kapi_init.c:(.rdata$.refptr.kapi_poll_init[.refptr.kapi_poll_init]+0x0): undefined reference to `kapi_poll_init'
/usr/x86_64-w64-mingw32/bin/ld: build/obj/kernel/api/kapi_init.c.o:kapi_init.c:(.rdata$.refptr.kapi_epoll_init[.refptr.kapi_epoll_init]+0x0): undefined reference to `kapi_epoll_init'
/usr/x86_64-w64-mingw32/bin/ld: build/obj/kernel/api/kapi_init.c.o:kapi_init.c:(.rdata$.refptr.kapi_wireless_init[.refptr.kapi_wireless_init]+0x0): undefined reference to `kapi_wireless_init'
/usr/x86_64-w64-mingw32/bin/ld: build/obj/kernel/api/kapi_init.c.o:kapi_init.c:(.rdata$.refptr.kapi_window_init[.refptr.kapi_window_init]+0x0): undefined reference to `kapi_window_init'
/usr/x86_64-w64-mingw32/bin/ld: build/obj/kernel/api/kapi_init.c.o:kapi_init.c:(.rdata$.refptr.kapi_input_init[.refptr.kapi_input_init]+0x0): undefined reference to `kapi_input_init'
/usr/x86_64-w64-mingw32/bin/ld: build/obj/kernel/api/kapi_init.c.o:kapi_init.c:(.rdata$.refptr.kapi_graphics2d_init[.refptr.kapi_graphics2d_init]+0x0): undefined reference to `kapi_graphics2d_init'
/usr/x86_64-w64-mingw32/bin/ld: build/obj/kernel/api/kapi_init.c.o:kapi_init.c:(.rdata$.refptr.kapi_profiler_init[.refptr.kapi_profiler_init]+0x0): undefined reference to `kapi_profiler_init'
/usr/x86_64-w64-mingw32/bin/ld: build/obj/kernel/api/kapi_init.c.o:kapi_init.c:(.rdata$.refptr.kapi_memleak_init[.refptr.kapi_memleak_init]+0x0): undefined reference to `kapi_memleak_init'
/usr/x86_64-w64-mingw32/bin/ld: build/obj/kernel/api/kapi_init.c.o:kapi_init.c:(.rdata$.refptr.kapi_logging_init[.refptr.kapi_logging_init]+0x0): undefined reference to `kapi_logging_init'
/usr/x86_64-w64-mingw32/bin/ld: build/obj/kernel/api/kapi_init.c.o:kapi_init.c:(.rdata$.refptr.kapi_trace_init[.refptr.kapi_trace_init]+0x0): undefined reference to `kapi_trace_init'
/usr/x86_64-w64-mingw32/bin/ld: build/obj/kernel/api/kapi_init.c.o:kapi_init.c:(.rdata$.refptr.kapi_memory_ext_init[.refptr.kapi_memory_ext_init]+0x0): undefined reference to `kapi_memory_ext_init'
/usr/x86_64-w64-mingw32/bin/ld: build/obj/kernel/api/kapi_init.c.o:kapi_init.c:(.rdata$.refptr.kapi_device_manager_init[.refptr.kapi_device_manager_init]+0x0): undefined reference to `kapi_device_manager_init'
/usr/x86_64-w64-mingw32/bin/ld: build/obj/kernel/api/kapi_syscall.c.o:kapi_syscall.c:(.rdata$.refptr.kapi_lseek[.refptr.kapi_lseek]+0x0): undefined reference to `kapi_lseek'
FAILED TASK run all: [Errno 32] Broken pipe
