-- Start building task run kernel -- (928363765)
-- Start building task kernel -- (0)
-- Enter folder kernel/arch/x86_64 --
<3> Building kernel/arch/x86_64/scm.c
-- Enter folder kernel/api --
In file included from kernel/arch/x86_64/scm.c:2:
<2> Building kernel/api/kapi_syscall.c
kernel/arch/x86_64/include/arch/registry.h:144:17: warning: invalid use of structure with flexible array member [-Wpedantic]
<0> Building kernel/api/kapi_device.c
  144 |     lf_entry_t  entries[];
In file included from kernel/api/kapi_syscall.c:3:
      |                 ^~~~~~~
include/kapi_syscall.h: In function 'sys_read':
kernel/arch/x86_64/include/arch/registry.h:157:17: warning: invalid use of structure with flexible array member [-Wpedantic]
include/kapi_syscall.h:494:38: warning: cast from pointer to integer of different size [-Wpointer-to-int-cast]
  494 | { return kapi_syscall3(SYS_read, fd, (long)buf, count); }
      |                                      ^
  157 |     lh_entry_t  entries[];
include/kapi_syscall.h:494:49: warning: conversion from 'size_t' {aka 'long long unsigned int'} to 'long int' may change value [-Wconversion]
      |                 ^~~~~~~
  494 | { return kapi_syscall3(SYS_read, fd, (long)buf, count); }
      |                                                 ^~~~~
include/kapi_syscall.h: In function 'sys_write':
include/kapi_syscall.h:497:39: warning: cast from pointer to integer of different size [-Wpointer-to-int-cast]
  497 | { return kapi_syscall3(SYS_write, fd, (long)buf, count); }
      |                                       ^
include/kapi_syscall.h:497:50: warning: conversion from 'size_t' {aka 'long long unsigned int'} to 'long int' may change value [-Wconversion]
  497 | { return kapi_syscall3(SYS_write, fd, (long)buf, count); }
      |                                                  ^~~~~
include/kapi_syscall.h: In function 'sys_open':
include/kapi_syscall.h:500:34: warning: cast from pointer to integer of different size [-Wpointer-to-int-cast]
  500 | { return kapi_syscall3(SYS_open, (long)pathname, flags, mode); }
      |                                  ^
include/kapi_syscall.h: In function 'sys_mmap':
include/kapi_syscall.h:509:34: warning: cast from pointer to integer of different size [-Wpointer-to-int-cast]
  509 | { return kapi_syscall6(SYS_mmap, (long)addr, length, prot, flags, fd, offset); }
      |                                  ^
include/kapi_syscall.h:509:46: warning: conversion from 'size_t' {aka 'long long unsigned int'} to 'long int' may change value [-Wconversion]
  509 | { return kapi_syscall6(SYS_mmap, (long)addr, length, prot, flags, fd, offset); }
      |                                              ^~~~~~
include/kapi_syscall.h: In function 'sys_munmap':
include/kapi_syscall.h:512:36: warning: cast from pointer to integer of different size [-Wpointer-to-int-cast]
  512 | { return kapi_syscall2(SYS_munmap, (long)addr, length); }
      |                                    ^
include/kapi_syscall.h:512:48: warning: conversion from 'size_t' {aka 'long long unsigned int'} to 'long int' may change value [-Wconversion]
  512 | { return kapi_syscall2(SYS_munmap, (long)addr, length); }
      |                                                ^~~~~~
include/kapi_syscall.h: In function 'sys_mprotect':
include/kapi_syscall.h:515:38: warning: cast from pointer to integer of different size [-Wpointer-to-int-cast]
  515 | { return kapi_syscall3(SYS_mprotect, (long)addr, len, prot); }
      |                                      ^
include/kapi_syscall.h:515:50: warning: conversion from 'size_t' {aka 'long long unsigned int'} to 'long int' may change value [-Wconversion]
  515 | { return kapi_syscall3(SYS_mprotect, (long)addr, len, prot); }
      |                                                  ^~~
include/kapi_syscall.h: In function 'sys_brk':
include/kapi_syscall.h:518:33: warning: cast from pointer to integer of different size [-Wpointer-to-int-cast]
  518 | { return kapi_syscall1(SYS_brk, (long)addr); }
      |                                 ^
include/kapi_syscall.h: In function 'sys_clone':
include/kapi_syscall.h:527:42: warning: cast from pointer to integer of different size [-Wpointer-to-int-cast]
  527 | { return kapi_syscall5(SYS_clone, flags, (long)stack, (long)ptid, (long)ctid, tls); }
      |                                          ^
include/kapi_syscall.h:527:55: warning: cast from pointer to integer of different size [-Wpointer-to-int-cast]
  527 | { return kapi_syscall5(SYS_clone, flags, (long)stack, (long)ptid, (long)ctid, tls); }
      |                                                       ^
include/kapi_syscall.h:527:67: warning: cast from pointer to integer of different size [-Wpointer-to-int-cast]
  527 | { return kapi_syscall5(SYS_clone, flags, (long)stack, (long)ptid, (long)ctid, tls); }
      |                                                                   ^
include/kapi_syscall.h:527:35: warning: conversion to 'long int' from 'long unsigned int' may change the sign of the result [-Wsign-conversion]
  527 | { return kapi_syscall5(SYS_clone, flags, (long)stack, (long)ptid, (long)ctid, tls); }
      |                                   ^~~~~
include/kapi_syscall.h:527:79: warning: conversion to 'long int' from 'long unsigned int' may change the sign of the result [-Wsign-conversion]
  527 | { return kapi_syscall5(SYS_clone, flags, (long)stack, (long)ptid, (long)ctid, tls); }
      |                                                                               ^~~
include/kapi_syscall.h: In function 'sys_execve':
include/kapi_syscall.h:530:36: warning: cast from pointer to integer of different size [-Wpointer-to-int-cast]
  530 | { return kapi_syscall3(SYS_execve, (long)filename, (long)argv, (long)envp); }
      |                                    ^
include/kapi_syscall.h:530:52: warning: cast from pointer to integer of different size [-Wpointer-to-int-cast]
  530 | { return kapi_syscall3(SYS_execve, (long)filename, (long)argv, (long)envp); }
      |                                                    ^
include/kapi_syscall.h:530:64: warning: cast from pointer to integer of different size [-Wpointer-to-int-cast]
  530 | { return kapi_syscall3(SYS_execve, (long)filename, (long)argv, (long)envp); }
      |                                                                ^
include/kapi_syscall.h: In function 'sys_wait4':
include/kapi_syscall.h:539:40: warning: cast from pointer to integer of different size [-Wpointer-to-int-cast]
  539 | { return kapi_syscall4(SYS_wait4, pid, (long)wstatus, options, (long)rusage); }
      |                                        ^
include/kapi_syscall.h:539:64: warning: cast from pointer to integer of different size [-Wpointer-to-int-cast]
  539 | { return kapi_syscall4(SYS_wait4, pid, (long)wstatus, options, (long)rusage); }
      |                                                                ^
include/kapi_syscall.h: In function 'sys_stat':
include/kapi_syscall.h:554:34: warning: cast from pointer to integer of different size [-Wpointer-to-int-cast]
  554 | { return kapi_syscall2(SYS_stat, (long)pathname, (long)statbuf); }
      |                                  ^
include/kapi_syscall.h:554:50: warning: cast from pointer to integer of different size [-Wpointer-to-int-cast]
  554 | { return kapi_syscall2(SYS_stat, (long)pathname, (long)statbuf); }
      |                                                  ^
include/kapi_syscall.h: In function 'sys_fstat':
include/kapi_syscall.h:557:39: warning: cast from pointer to integer of different size [-Wpointer-to-int-cast]
  557 | { return kapi_syscall2(SYS_fstat, fd, (long)statbuf); }
      |                                       ^
include/kapi_syscall.h: In function 'sys_lstat':
include/kapi_syscall.h:560:35: warning: cast from pointer to integer of different size [-Wpointer-to-int-cast]
  560 | { return kapi_syscall2(SYS_lstat, (long)pathname, (long)statbuf); }
      |                                   ^
include/kapi_syscall.h:560:51: warning: cast from pointer to integer of different size [-Wpointer-to-int-cast]
  560 | { return kapi_syscall2(SYS_lstat, (long)pathname, (long)statbuf); }
      |                                                   ^
include/kapi_syscall.h: In function 'sys_access':
include/kapi_syscall.h:563:36: warning: cast from pointer to integer of different size [-Wpointer-to-int-cast]
  563 | { return kapi_syscall2(SYS_access, (long)pathname, mode); }
      |                                    ^
include/kapi_syscall.h: In function 'sys_chdir':
include/kapi_syscall.h:566:35: warning: cast from pointer to integer of different size [-Wpointer-to-int-cast]
  566 | { return kapi_syscall1(SYS_chdir, (long)path); }
      |                                   ^
include/kapi_syscall.h: In function 'sys_getcwd':
include/kapi_syscall.h:569:36: warning: cast from pointer to integer of different size [-Wpointer-to-int-cast]
  569 | { return kapi_syscall2(SYS_getcwd, (long)buf, size); }
      |                                    ^
include/kapi_syscall.h:569:47: warning: conversion from 'size_t' {aka 'long long unsigned int'} to 'long int' may change value [-Wconversion]
  569 | { return kapi_syscall2(SYS_getcwd, (long)buf, size); }
      |                                               ^~~~
In file included from include/kapi.h:23,
include/kapi_syscall.h: In function 'sys_mkdir':
                 from kernel/api/kapi_device.c:4:
include/kapi_syscall.h:572:35: warning: cast from pointer to integer of different size [-Wpointer-to-int-cast]
include/kapi_bitmap.h: In function 'kapi_bitmap_set_all':
  572 | { return kapi_syscall2(SYS_mkdir, (long)pathname, mode); }
include/kapi_bitmap.h:33:26: warning: conversion from 'long long unsigned int' to 'unsigned int' may change value [-Wconversion]
      |                                   ^
   33 |     unsigned int longs = (nbits + KAPI_BITS_PER_LONG - 1) / KAPI_BITS_PER_LONG;
include/kapi_syscall.h: In function 'sys_rmdir':
      |                          ^
include/kapi_bitmap.h: In function 'kapi_bitmap_clear_all':
include/kapi_syscall.h:575:35: warning: cast from pointer to integer of different size [-Wpointer-to-int-cast]
include/kapi_bitmap.h:41:26: warning: conversion from 'long long unsigned int' to 'unsigned int' may change value [-Wconversion]
  575 | { return kapi_syscall1(SYS_rmdir, (long)pathname); }
   41 |     unsigned int longs = (nbits + KAPI_BITS_PER_LONG - 1) / KAPI_BITS_PER_LONG;
      |                                   ^
      |                          ^
include/kapi_bitmap.h: In function 'kapi_bitmap_find_first':
include/kapi_bitmap.h:49:26: warning: conversion from 'long long unsigned int' to 'unsigned int' may change value [-Wconversion]
   49 |     unsigned int longs = (nbits + KAPI_BITS_PER_LONG - 1) / KAPI_BITS_PER_LONG;
include/kapi_syscall.h: In function 'sys_unlink':
      |                          ^
include/kapi_bitmap.h:56:35: warning: conversion to 'int' from 'unsigned int' may change the sign of the result [-Wsign-conversion]
include/kapi_syscall.h:578:36: warning: cast from pointer to integer of different size [-Wpointer-to-int-cast]
   56 |                     return offset + j;
      |                            ~~~~~~~^~~
include/kapi_bitmap.h: In function 'kapi_bitmap_find_first_zero':
include/kapi_bitmap.h:66:26: warning: conversion from 'long long unsigned int' to 'unsigned int' may change value [-Wconversion]
  578 | { return kapi_syscall1(SYS_unlink, (long)pathname); }
   66 |     unsigned int longs = (nbits + KAPI_BITS_PER_LONG - 1) / KAPI_BITS_PER_LONG;
      |                                    ^
      |                          ^
include/kapi_bitmap.h:73:35: warning: conversion to 'int' from 'unsigned int' may change the sign of the result [-Wsign-conversion]
include/kapi_syscall.h: In function 'sys_rename':
   73 |                     return offset + j;
      |                            ~~~~~~~^~~
include/kapi_bitmap.h: In function 'kapi_bitmap_count':
include/kapi_bitmap.h:84:26: warning: conversion from 'long long unsigned int' to 'unsigned int' may change value [-Wconversion]
include/kapi_syscall.h:581:36: warning: cast from pointer to integer of different size [-Wpointer-to-int-cast]
   84 |     unsigned int longs = (nbits + KAPI_BITS_PER_LONG - 1) / KAPI_BITS_PER_LONG;
  581 | { return kapi_syscall2(SYS_rename, (long)oldpath, (long)newpath); }
      |                          ^
      |                                    ^
include/kapi_syscall.h:581:51: warning: cast from pointer to integer of different size [-Wpointer-to-int-cast]
  581 | { return kapi_syscall2(SYS_rename, (long)oldpath, (long)newpath); }
      |                                                   ^
include/kapi_syscall.h: In function 'sys_creat':
include/kapi_syscall.h:584:35: warning: cast from pointer to integer of different size [-Wpointer-to-int-cast]
  584 | { return kapi_syscall2(SYS_creat, (long)pathname, mode); }
      |                                   ^
include/kapi_syscall.h: In function 'sys_link':
include/kapi_syscall.h:587:34: warning: cast from pointer to integer of different size [-Wpointer-to-int-cast]
  587 | { return kapi_syscall2(SYS_link, (long)oldpath, (long)newpath); }
      |                                  ^
include/kapi_syscall.h:587:49: warning: cast from pointer to integer of different size [-Wpointer-to-int-cast]
  587 | { return kapi_syscall2(SYS_link, (long)oldpath, (long)newpath); }
      |                                                 ^
include/kapi_syscall.h: In function 'sys_symlink':
include/kapi_syscall.h:590:37: warning: cast from pointer to integer of different size [-Wpointer-to-int-cast]
  590 | { return kapi_syscall2(SYS_symlink, (long)target, (long)linkpath); }
      |                                     ^
include/kapi_syscall.h:590:51: warning: cast from pointer to integer of different size [-Wpointer-to-int-cast]
  590 | { return kapi_syscall2(SYS_symlink, (long)target, (long)linkpath); }
      |                                                   ^
In file included from include/kapi.h:59:
include/kapi_syscall.h: In function 'sys_readlink':
include/kapi_netlink.h: In function 'kapi_nlmsg_next':
include/kapi_syscall.h:593:38: warning: cast from pointer to integer of different size [-Wpointer-to-int-cast]
include/kapi_netlink.h:19:37: warning: conversion to 'int' from 'uint32_t' {aka 'unsigned int'} may change the sign of the result [-Wsign-conversion]
  593 | { return kapi_syscall3(SYS_readlink, (long)pathname, (long)buf, bufsiz); }
   19 | #define KAPI_NLMSG_ALIGNTO          4
      |                                     ^
include/kapi_netlink.h:75:18: note: in expansion of macro 'KAPI_NLMSG_ALIGNTO'
   75 |     int totlen = KAPI_NLMSG_ALIGNTO * ((nlh->nlmsg_len + KAPI_NLMSG_ALIGNTO - 1) / KAPI_NLMSG_ALIGNTO);
      |                                      ^
      |                  ^~~~~~~~~~~~~~~~~~
include/kapi_syscall.h:593:54: warning: cast from pointer to integer of different size [-Wpointer-to-int-cast]
  593 | { return kapi_syscall3(SYS_readlink, (long)pathname, (long)buf, bufsiz); }
      |                                                      ^
include/kapi_syscall.h:593:65: warning: conversion from 'size_t' {aka 'long long unsigned int'} to 'long int' may change value [-Wconversion]
  593 | { return kapi_syscall3(SYS_readlink, (long)pathname, (long)buf, bufsiz); }
      |                                                                 ^~~~~~
include/kapi_syscall.h: In function 'sys_chmod':
include/kapi_syscall.h:596:35: warning: cast from pointer to integer of different size [-Wpointer-to-int-cast]
  596 | { return kapi_syscall2(SYS_chmod, (long)pathname, mode); }
      |                                   ^
include/kapi_syscall.h: In function 'sys_chown':
include/kapi_syscall.h:599:35: warning: cast from pointer to integer of different size [-Wpointer-to-int-cast]
  599 | { return kapi_syscall3(SYS_chown, (long)pathname, owner, group); }
      |                                   ^
include/kapi_syscall.h: In function 'sys_truncate':
include/kapi_syscall.h:602:38: warning: cast from pointer to integer of different size [-Wpointer-to-int-cast]
  602 | { return kapi_syscall2(SYS_truncate, (long)path, length); }
      |                                      ^
include/kapi_syscall.h: In function 'sys_pipe':
include/kapi_syscall.h:626:34: warning: cast from pointer to integer of different size [-Wpointer-to-int-cast]
  626 | { return kapi_syscall1(SYS_pipe, (long)pipefd); }
      |                                  ^
include/kapi_syscall.h: In function 'sys_pipe2':
include/kapi_syscall.h:629:35: warning: cast from pointer to integer of different size [-Wpointer-to-int-cast]
  629 | { return kapi_syscall2(SYS_pipe2, (long)pipefd, flags); }
      |                                   ^
include/kapi_syscall.h: In function 'sys_mount':
include/kapi_syscall.h:634:35: warning: cast from pointer to integer of different size [-Wpointer-to-int-cast]
  634 | { return kapi_syscall5(SYS_mount, (long)source, (long)target, (long)filesystemtype, mountflags, (long)data); }
      |                                   ^
include/kapi_syscall.h:634:49: warning: cast from pointer to integer of different size [-Wpointer-to-int-cast]
  634 | { return kapi_syscall5(SYS_mount, (long)source, (long)target, (long)filesystemtype, mountflags, (long)data); }
      |                                                 ^
include/kapi_syscall.h:634:63: warning: cast from pointer to integer of different size [-Wpointer-to-int-cast]
  634 | { return kapi_syscall5(SYS_mount, (long)source, (long)target, (long)filesystemtype, mountflags, (long)data); }
      |                                                               ^
include/kapi_syscall.h:634:97: warning: cast from pointer to integer of different size [-Wpointer-to-int-cast]
  634 | { return kapi_syscall5(SYS_mount, (long)source, (long)target, (long)filesystemtype, mountflags, (long)data); }
      |                                                                                                 ^
include/kapi_syscall.h:634:85: warning: conversion to 'long int' from 'long unsigned int' may change the sign of the result [-Wsign-conversion]
  634 | { return kapi_syscall5(SYS_mount, (long)source, (long)target, (long)filesystemtype, mountflags, (long)data); }
      |                                                                                     ^~~~~~~~~~
include/kapi_syscall.h: In function 'sys_umount2':
include/kapi_syscall.h:637:37: warning: cast from pointer to integer of different size [-Wpointer-to-int-cast]
  637 | { return kapi_syscall2(SYS_umount2, (long)target, flags); }
kernel/api/kapi_device.c: In function 'kapi_dev_open':
      |                                     ^
kernel/api/kapi_device.c:134:48: warning: unused parameter 'mode' [-Wunused-parameter]
  134 | kapi_dev_t kapi_dev_open(const char* name, int mode)
include/kapi_syscall.h: In function 'sys_swapon':
      |                                            ~~~~^~~~
kernel/api/kapi_device.c: In function 'kapi_dev_ioctl':
include/kapi_syscall.h:640:36: warning: cast from pointer to integer of different size [-Wpointer-to-int-cast]
kernel/api/kapi_device.c:282:45: warning: unused parameter 'cmd' [-Wunused-parameter]
  282 | int kapi_dev_ioctl(kapi_dev_t dev, uint32_t cmd, void* arg)
      |                                    ~~~~~~~~~^~~
kernel/api/kapi_device.c:282:56: warning: unused parameter 'arg' [-Wunused-parameter]
  640 | { return kapi_syscall2(SYS_swapon, (long)path, swapflags); }
  282 | int kapi_dev_ioctl(kapi_dev_t dev, uint32_t cmd, void* arg)
      |                                    ^
      |                                                  ~~~~~~^~~
kernel/api/kapi_device.c: In function 'kapi_dma_wait':
kernel/api/kapi_device.c:366:28: warning: unused parameter 'timeout_ms' [-Wunused-parameter]
  366 | int kapi_dma_wait(uint64_t timeout_ms)
include/kapi_syscall.h: In function 'sys_swapoff':
      |                   ~~~~~~~~~^~~~~~~~~~
include/kapi_syscall.h:643:37: warning: cast from pointer to integer of different size [-Wpointer-to-int-cast]
  643 | { return kapi_syscall1(SYS_swapoff, (long)path); }
      |                                     ^
include/kapi_syscall.h: In function 'sys_nanosleep':
include/kapi_syscall.h:646:39: warning: cast from pointer to integer of different size [-Wpointer-to-int-cast]
  646 | { return kapi_syscall2(SYS_nanosleep, (long)req, (long)rem); }
      |                                       ^
include/kapi_syscall.h:646:50: warning: cast from pointer to integer of different size [-Wpointer-to-int-cast]
  646 | { return kapi_syscall2(SYS_nanosleep, (long)req, (long)rem); }
      |                                                  ^
include/kapi_syscall.h: In function 'sys_gettimeofday':
include/kapi_syscall.h:649:42: warning: cast from pointer to integer of different size [-Wpointer-to-int-cast]
  649 | { return kapi_syscall2(SYS_gettimeofday, (long)tv, (long)tz); }
      |                                          ^
include/kapi_syscall.h:649:52: warning: cast from pointer to integer of different size [-Wpointer-to-int-cast]
  649 | { return kapi_syscall2(SYS_gettimeofday, (long)tv, (long)tz); }
      |                                                    ^
include/kapi_syscall.h: In function 'sys_settimeofday':
include/kapi_syscall.h:652:42: warning: cast from pointer to integer of different size [-Wpointer-to-int-cast]
  652 | { return kapi_syscall2(SYS_settimeofday, (long)tv, (long)tz); }
      |                                          ^
include/kapi_syscall.h:652:52: warning: cast from pointer to integer of different size [-Wpointer-to-int-cast]
  652 | { return kapi_syscall2(SYS_settimeofday, (long)tv, (long)tz); }
      |                                                    ^
include/kapi_syscall.h: In function 'sys_time':
include/kapi_syscall.h:655:34: warning: cast from pointer to integer of different size [-Wpointer-to-int-cast]
  655 | { return kapi_syscall1(SYS_time, (long)tloc); }
      |                                  ^
include/kapi_syscall.h: In function 'sys_clock_gettime':
include/kapi_syscall.h:658:51: warning: cast from pointer to integer of different size [-Wpointer-to-int-cast]
  658 | { return kapi_syscall2(SYS_clock_gettime, clk_id, (long)tp); }
      |                                                   ^
include/kapi_syscall.h: In function 'sys_clock_settime':
include/kapi_syscall.h:661:51: warning: cast from pointer to integer of different size [-Wpointer-to-int-cast]
  661 | { return kapi_syscall2(SYS_clock_settime, clk_id, (long)tp); }
      |                                                   ^
include/kapi_syscall.h: In function 'sys_clock_nanosleep':
include/kapi_syscall.h:664:60: warning: cast from pointer to integer of different size [-Wpointer-to-int-cast]
  664 | { return kapi_syscall4(SYS_clock_nanosleep, clk_id, flags, (long)req, (long)rem); }
      |                                                            ^
include/kapi_syscall.h:664:71: warning: cast from pointer to integer of different size [-Wpointer-to-int-cast]
  664 | { return kapi_syscall4(SYS_clock_nanosleep, clk_id, flags, (long)req, (long)rem); }
      |                                                                       ^
include/kapi_syscall.h: In function 'sys_rt_sigaction':
include/kapi_syscall.h:667:47: warning: cast from pointer to integer of different size [-Wpointer-to-int-cast]
  667 | { return kapi_syscall4(SYS_rt_sigaction, sig, (long)act, (long)oact, sigsetsize); }
      |                                               ^
include/kapi_syscall.h:667:58: warning: cast from pointer to integer of different size [-Wpointer-to-int-cast]
  667 | { return kapi_syscall4(SYS_rt_sigaction, sig, (long)act, (long)oact, sigsetsize); }
      |                                                          ^
include/kapi_syscall.h:667:70: warning: conversion from 'size_t' {aka 'long long unsigned int'} to 'long int' may change value [-Wconversion]
  667 | { return kapi_syscall4(SYS_rt_sigaction, sig, (long)act, (long)oact, sigsetsize); }
      |                                                                      ^~~~~~~~~~
include/kapi_syscall.h: In function 'sys_rt_sigprocmask':
include/kapi_syscall.h:670:49: warning: cast from pointer to integer of different size [-Wpointer-to-int-cast]
  670 | { return kapi_syscall4(SYS_rt_sigprocmask, how, (long)set, (long)oldset, sigsetsize); }
      |                                                 ^
include/kapi_syscall.h:670:60: warning: cast from pointer to integer of different size [-Wpointer-to-int-cast]
  670 | { return kapi_syscall4(SYS_rt_sigprocmask, how, (long)set, (long)oldset, sigsetsize); }
      |                                                            ^
include/kapi_syscall.h:670:74: warning: conversion from 'size_t' {aka 'long long unsigned int'} to 'long int' may change value [-Wconversion]
  670 | { return kapi_syscall4(SYS_rt_sigprocmask, how, (long)set, (long)oldset, sigsetsize); }
      |                                                                          ^~~~~~~~~~
include/kapi_syscall.h: In function 'sys_ioctl':
include/kapi_syscall.h:679:39: warning: conversion to 'long int' from 'long unsigned int' may change the sign of the result [-Wsign-conversion]
  679 | { return kapi_syscall3(SYS_ioctl, fd, request, arg); }
      |                                       ^~~~~~~
include/kapi_syscall.h: In function 'sys_pread64':
include/kapi_syscall.h:682:41: warning: cast from pointer to integer of different size [-Wpointer-to-int-cast]
  682 | { return kapi_syscall4(SYS_pread64, fd, (long)buf, count, offset); }
      |                                         ^
include/kapi_syscall.h:682:52: warning: conversion from 'size_t' {aka 'long long unsigned int'} to 'long int' may change value [-Wconversion]
  682 | { return kapi_syscall4(SYS_pread64, fd, (long)buf, count, offset); }
      |                                                    ^~~~~
include/kapi_syscall.h: In function 'sys_pwrite64':
include/kapi_syscall.h:685:42: warning: cast from pointer to integer of different size [-Wpointer-to-int-cast]
  685 | { return kapi_syscall4(SYS_pwrite64, fd, (long)buf, count, offset); }
      |                                          ^
include/kapi_syscall.h:685:53: warning: conversion from 'size_t' {aka 'long long unsigned int'} to 'long int' may change value [-Wconversion]
  685 | { return kapi_syscall4(SYS_pwrite64, fd, (long)buf, count, offset); }
      |                                                     ^~~~~
include/kapi_syscall.h: In function 'sys_readv':
include/kapi_syscall.h:688:39: warning: cast from pointer to integer of different size [-Wpointer-to-int-cast]
  688 | { return kapi_syscall3(SYS_readv, fd, (long)iov, iovcnt); }
      |                                       ^
include/kapi_syscall.h: In function 'sys_writev':
include/kapi_syscall.h:691:40: warning: cast from pointer to integer of different size [-Wpointer-to-int-cast]
  691 | { return kapi_syscall3(SYS_writev, fd, (long)iov, iovcnt); }
      |                                        ^
include/kapi_syscall.h: In function 'sys_getdents':
include/kapi_syscall.h:694:42: warning: cast from pointer to integer of different size [-Wpointer-to-int-cast]
  694 | { return kapi_syscall3(SYS_getdents, fd, (long)dirp, count); }
      |                                          ^
include/kapi_syscall.h:694:54: warning: conversion to 'long int' from 'unsigned int' may change the sign of the result [-Wsign-conversion]
  694 | { return kapi_syscall3(SYS_getdents, fd, (long)dirp, count); }
      |                                                      ^~~~~
include/kapi_syscall.h: In function 'sys_getdents64':
include/kapi_syscall.h:697:44: warning: cast from pointer to integer of different size [-Wpointer-to-int-cast]
  697 | { return kapi_syscall3(SYS_getdents64, fd, (long)dirp, count); }
      |                                            ^
include/kapi_syscall.h:697:56: warning: conversion to 'long int' from 'unsigned int' may change the sign of the result [-Wsign-conversion]
  697 | { return kapi_syscall3(SYS_getdents64, fd, (long)dirp, count); }
      |                                                        ^~~~~
include/kapi_syscall.h: In function 'sys_getgroups':
include/kapi_syscall.h:718:45: warning: cast from pointer to integer of different size [-Wpointer-to-int-cast]
  718 | { return kapi_syscall2(SYS_getgroups, size, (long)list); }
      |                                             ^
include/kapi_syscall.h: In function 'sys_setgroups':
include/kapi_syscall.h:721:45: warning: cast from pointer to integer of different size [-Wpointer-to-int-cast]
  721 | { return kapi_syscall2(SYS_setgroups, size, (long)list); }
      |                                             ^
include/kapi_syscall.h: In function 'sys_uname':
include/kapi_syscall.h:724:35: warning: cast from pointer to integer of different size [-Wpointer-to-int-cast]
  724 | { return kapi_syscall1(SYS_uname, (long)buf); }
      |                                   ^
include/kapi_syscall.h: In function 'sys_sysinfo':
include/kapi_syscall.h:727:37: warning: cast from pointer to integer of different size [-Wpointer-to-int-cast]
  727 | { return kapi_syscall1(SYS_sysinfo, (long)info); }
      |                                     ^
include/kapi_syscall.h: In function 'sys_getrlimit':
include/kapi_syscall.h:730:49: warning: cast from pointer to integer of different size [-Wpointer-to-int-cast]
  730 | { return kapi_syscall2(SYS_getrlimit, resource, (long)rlim); }
      |                                                 ^
include/kapi_syscall.h: In function 'sys_setrlimit':
include/kapi_syscall.h:733:49: warning: cast from pointer to integer of different size [-Wpointer-to-int-cast]
  733 | { return kapi_syscall2(SYS_setrlimit, resource, (long)rlim); }
      |                                                 ^
include/kapi_syscall.h: In function 'sys_getrusage':
include/kapi_syscall.h:736:44: warning: cast from pointer to integer of different size [-Wpointer-to-int-cast]
  736 | { return kapi_syscall2(SYS_getrusage, who, (long)usage); }
      |                                            ^
include/kapi_syscall.h: In function 'sys_times':
include/kapi_syscall.h:739:35: warning: cast from pointer to integer of different size [-Wpointer-to-int-cast]
  739 | { return kapi_syscall1(SYS_times, (long)tbuf); }
      |                                   ^
include/kapi_syscall.h: In function 'sys_reboot':
include/kapi_syscall.h:754:57: warning: cast from pointer to integer of different size [-Wpointer-to-int-cast]
  754 | { return kapi_syscall4(SYS_reboot, magic1, magic2, cmd, (long)arg); }
      |                                                         ^
include/kapi_syscall.h: In function 'sys_chroot':
include/kapi_syscall.h:757:36: warning: cast from pointer to integer of different size [-Wpointer-to-int-cast]
  757 | { return kapi_syscall1(SYS_chroot, (long)path); }
      |                                    ^
include/kapi_syscall.h: In function 'sys_sethostname':
include/kapi_syscall.h:760:41: warning: cast from pointer to integer of different size [-Wpointer-to-int-cast]
  760 | { return kapi_syscall2(SYS_sethostname, (long)name, len); }
      |                                         ^
include/kapi_syscall.h: In function 'sys_setdomainname':
include/kapi_syscall.h:763:43: warning: cast from pointer to integer of different size [-Wpointer-to-int-cast]
  763 | { return kapi_syscall2(SYS_setdomainname, (long)name, len); }
      |                                           ^
include/kapi_syscall.h: In function 'sys_init_module':
include/kapi_syscall.h:766:41: warning: cast from pointer to integer of different size [-Wpointer-to-int-cast]
  766 | { return kapi_syscall3(SYS_init_module, (long)module_image, len, (long)param_values); }
      |                                         ^
include/kapi_syscall.h:766:66: warning: cast from pointer to integer of different size [-Wpointer-to-int-cast]
  766 | { return kapi_syscall3(SYS_init_module, (long)module_image, len, (long)param_values); }
      |                                                                  ^
include/kapi_syscall.h:766:61: warning: conversion to 'long int' from 'long unsigned int' may change the sign of the result [-Wsign-conversion]
  766 | { return kapi_syscall3(SYS_init_module, (long)module_image, len, (long)param_values); }
      |                                                             ^~~
include/kapi_syscall.h: In function 'sys_delete_module':
include/kapi_syscall.h:769:43: warning: cast from pointer to integer of different size [-Wpointer-to-int-cast]
  769 | { return kapi_syscall2(SYS_delete_module, (long)name, flags); }
      |                                           ^
include/kapi_syscall.h:769:55: warning: conversion to 'long int' from 'unsigned int' may change the sign of the result [-Wsign-conversion]
  769 | { return kapi_syscall2(SYS_delete_module, (long)name, flags); }
      |                                                       ^~~~~
include/kapi_syscall.h: In function 'sys_finit_module':
include/kapi_syscall.h:772:46: warning: cast from pointer to integer of different size [-Wpointer-to-int-cast]
  772 | { return kapi_syscall3(SYS_finit_module, fd, (long)param_values, flags); }
      |                                              ^
In file included from include/kapi.h:23,
                 from kernel/api/kapi_syscall.c:4:
include/kapi_bitmap.h: In function 'kapi_bitmap_set_all':
include/kapi_bitmap.h:33:26: warning: conversion from 'long long unsigned int' to 'unsigned int' may change value [-Wconversion]
   33 |     unsigned int longs = (nbits + KAPI_BITS_PER_LONG - 1) / KAPI_BITS_PER_LONG;
      |                          ^
include/kapi_bitmap.h: In function 'kapi_bitmap_clear_all':
include/kapi_bitmap.h:41:26: warning: conversion from 'long long unsigned int' to 'unsigned int' may change value [-Wconversion]
   41 |     unsigned int longs = (nbits + KAPI_BITS_PER_LONG - 1) / KAPI_BITS_PER_LONG;
      |                          ^
include/kapi_bitmap.h: In function 'kapi_bitmap_find_first':
include/kapi_bitmap.h:49:26: warning: conversion from 'long long unsigned int' to 'unsigned int' may change value [-Wconversion]
   49 |     unsigned int longs = (nbits + KAPI_BITS_PER_LONG - 1) / KAPI_BITS_PER_LONG;
      |                          ^
include/kapi_bitmap.h:56:35: warning: conversion to 'int' from 'unsigned int' may change the sign of the result [-Wsign-conversion]
   56 |                     return offset + j;
      |                            ~~~~~~~^~~
include/kapi_bitmap.h: In function 'kapi_bitmap_find_first_zero':
include/kapi_bitmap.h:66:26: warning: conversion from 'long long unsigned int' to 'unsigned int' may change value [-Wconversion]
   66 |     unsigned int longs = (nbits + KAPI_BITS_PER_LONG - 1) / KAPI_BITS_PER_LONG;
      |                          ^
include/kapi_bitmap.h:73:35: warning: conversion to 'int' from 'unsigned int' may change the sign of the result [-Wsign-conversion]
   73 |                     return offset + j;
      |                            ~~~~~~~^~~
include/kapi_bitmap.h: In function 'kapi_bitmap_count':
include/kapi_bitmap.h:84:26: warning: conversion from 'long long unsigned int' to 'unsigned int' may change value [-Wconversion]
   84 |     unsigned int longs = (nbits + KAPI_BITS_PER_LONG - 1) / KAPI_BITS_PER_LONG;
      |                          ^
In file included from include/kapi.h:59:
include/kapi_netlink.h: In function 'kapi_nlmsg_next':
include/kapi_netlink.h:19:37: warning: conversion to 'int' from 'uint32_t' {aka 'unsigned int'} may change the sign of the result [-Wsign-conversion]
   19 | #define KAPI_NLMSG_ALIGNTO          4
      |                                     ^
include/kapi_netlink.h:75:18: note: in expansion of macro 'KAPI_NLMSG_ALIGNTO'
   75 |     int totlen = KAPI_NLMSG_ALIGNTO * ((nlh->nlmsg_len + KAPI_NLMSG_ALIGNTO - 1) / KAPI_NLMSG_ALIGNTO);
      |                  ^~~~~~~~~~~~~~~~~~
kernel/api/kapi_syscall.c: In function 'sys_read_impl':
kernel/api/kapi_syscall.c:198:46: warning: cast to pointer from integer of different size [-Wint-to-pointer-cast]
  198 |             ret = kapi_read(entry->obj.file, (void*)buf, (size_t)count);
      |                                              ^
kernel/api/kapi_syscall.c:204:46: warning: cast to pointer from integer of different size [-Wint-to-pointer-cast]
  204 |             ret = fifo_read(entry->obj.pipe, (void*)buf, (uint64_t)count);
      |                                              ^
kernel/api/kapi_syscall.c:212:43: warning: conversion from 'int64_t' {aka 'long long int'} to 'long int' may change value [-Wconversion]
  212 |     return ret < 0 ? KENUX_ERR(KENUX_EIO) : ret;
      |            ~~~~~~~~~~~~~~~~~~~~~~~~~~~~~~~^~~~~
kernel/api/kapi_syscall.c: In function 'sys_write_impl':
kernel/api/kapi_syscall.c:224:21: warning: cast to pointer from integer of different size [-Wint-to-pointer-cast]
  224 |         memcpy(tmp, (void*)buf, to_write);
      |                     ^
kernel/api/kapi_syscall.c:239:47: warning: cast to pointer from integer of different size [-Wint-to-pointer-cast]
  239 |             ret = kapi_write(entry->obj.file, (void*)buf, (size_t)count);
      |                                               ^
kernel/api/kapi_syscall.c:245:47: warning: cast to pointer from integer of different size [-Wint-to-pointer-cast]
  245 |             ret = fifo_write(entry->obj.pipe, (void*)buf, (uint64_t)count);
      |                                               ^
kernel/api/kapi_syscall.c:253:43: warning: conversion from 'int64_t' {aka 'long long int'} to 'long int' may change value [-Wconversion]
  253 |     return ret < 0 ? KENUX_ERR(KENUX_EIO) : ret;
      |            ~~~~~~~~~~~~~~~~~~~~~~~~~~~~~~~^~~~~
kernel/api/kapi_syscall.c: In function 'sys_open_impl':
kernel/api/kapi_syscall.c:271:37: warning: cast to pointer from integer of different size [-Wint-to-pointer-cast]
  271 |         kapi_dir_t d = kapi_opendir((const char*)pathname);
      |                                     ^
kernel/api/kapi_syscall.c:285:31: warning: cast to pointer from integer of different size [-Wint-to-pointer-cast]
  285 |     kapi_file_t f = kapi_open((const char*)pathname, kflags, (int)mode);
      |                               ^
kernel/api/kapi_syscall.c: In function 'sys_stat_impl':
kernel/api/kapi_syscall.c:349:25: warning: cast to pointer from integer of different size [-Wint-to-pointer-cast]
  349 |     int ret = kapi_stat((const char*)pathname, &kst);
      |                         ^
kernel/api/kapi_syscall.c:352:65: warning: cast to pointer from integer of different size [-Wint-to-pointer-cast]
  352 |     struct { uint64_t st_dev, st_ino; uint32_t st_mode; } *st = (void*)statbuf;
      |                                                                 ^
kernel/api/kapi_syscall.c: In function 'sys_fstat_impl':
kernel/api/kapi_syscall.c:367:12: warning: cast to pointer from integer of different size [-Wint-to-pointer-cast]
  367 |     memset((void*)statbuf, 0, 128);
      |            ^
kernel/api/kapi_syscall.c: In function 'sys_lseek_impl':
kernel/api/kapi_syscall.c:381:45: warning: conversion from 'int64_t' {aka 'long long int'} to 'long int' may change value [-Wconversion]
  381 |     return ret < 0 ? KENUX_ERR(KENUX_EBADF) : ret;
      |            ~~~~~~~~~~~~~~~~~~~~~~~~~~~~~~~~~^~~~~
kernel/api/kapi_syscall.c: In function 'sys_rt_sigaction_impl':
kernel/api/kapi_syscall.c:458:42: warning: cast to pointer from integer of different size [-Wint-to-pointer-cast]
  458 |     int ret = signal_sigaction((int)sig, (const k_sigaction_t*)act, (k_sigaction_t*)oact);
      |                                          ^
kernel/api/kapi_syscall.c:458:69: warning: cast to pointer from integer of different size [-Wint-to-pointer-cast]
  458 |     int ret = signal_sigaction((int)sig, (const k_sigaction_t*)act, (k_sigaction_t*)oact);
      |                                                                     ^
kernel/api/kapi_syscall.c: In function 'sys_rt_sigprocmask_impl':
kernel/api/kapi_syscall.c:469:44: warning: cast to pointer from integer of different size [-Wint-to-pointer-cast]
  469 |     int ret = signal_sigprocmask((int)how, (const k_sigset_t*)set, (k_sigset_t*)oset);
      |                                            ^
kernel/api/kapi_syscall.c:469:68: warning: cast to pointer from integer of different size [-Wint-to-pointer-cast]
  469 |     int ret = signal_sigprocmask((int)how, (const k_sigset_t*)set, (k_sigset_t*)oset);
      |                                                                    ^
kernel/api/kapi_syscall.c: In function 'sys_ioctl_impl':
kernel/api/kapi_syscall.c:485:54: warning: cast to pointer from integer of different size [-Wint-to-pointer-cast]
  485 |     int ret = kapi_dev_ioctl(dev, (uint32_t)request, (void*)arg);
      |                                                      ^
kernel/api/kapi_syscall.c: In function 'sys_access_impl':
kernel/api/kapi_syscall.c:496:25: warning: cast to pointer from integer of different size [-Wint-to-pointer-cast]
  496 |     int ret = kapi_stat((const char*)pathname, &st);
      |                         ^
kernel/api/kapi_syscall.c: In function 'sys_pipe_impl':
kernel/api/kapi_syscall.c:530:16: warning: cast to pointer from integer of different size [-Wint-to-pointer-cast]
  530 |     int* fds = (int*)pipefd;
      |                ^
kernel/api/kapi_syscall.c: In function 'sys_nanosleep_impl':
kernel/api/kapi_syscall.c:576:49: warning: cast to pointer from integer of different size [-Wint-to-pointer-cast]
  576 |     struct { long tv_sec; long tv_nsec; } *ts = (void*)req;
      |                                                 ^
kernel/api/kapi_syscall.c: In function 'sys_execve_impl':
kernel/api/kapi_syscall.c:710:34: warning: cast to pointer from integer of different size [-Wint-to-pointer-cast]
  710 |     int ret = elf_load_from_file((const char*)filename, &info);
      |                                  ^
kernel/api/kapi_syscall.c:715:39: warning: cast to pointer from integer of different size [-Wint-to-pointer-cast]
  715 |         const char* dummy_argv[2] = { (const char*)filename, NULL };
      |                                       ^
kernel/api/kapi_syscall.c: In function 'sys_wait4_impl':
kernel/api/kapi_syscall.c:740:10: warning: cast to pointer from integer of different size [-Wint-to-pointer-cast]
  740 |         *(int*)wstatus = status;
      |          ^
kernel/api/kapi_syscall.c: In function 'sys_uname_impl':
kernel/api/kapi_syscall.c:771:12: warning: cast to pointer from integer of different size [-Wint-to-pointer-cast]
  771 |     } *u = (void*)buf;
      |            ^
kernel/api/kapi_syscall.c: In function 'sys_getcwd_impl':
kernel/api/kapi_syscall.c:813:29: warning: cast to pointer from integer of different size [-Wint-to-pointer-cast]
  813 |     char* ret = kapi_getcwd((char*)buf, (size_t)size);
      |                             ^
kernel/api/kapi_syscall.c: In function 'sys_chdir_impl':
kernel/api/kapi_syscall.c:821:26: warning: cast to pointer from integer of different size [-Wint-to-pointer-cast]
  821 |     int ret = kapi_chdir((const char*)path);
      |                          ^
kernel/api/kapi_syscall.c: In function 'sys_rename_impl':
kernel/api/kapi_syscall.c:829:27: warning: cast to pointer from integer of different size [-Wint-to-pointer-cast]
  829 |     int ret = kapi_rename((const char*)oldpath, (const char*)newpath);
      |                           ^
kernel/api/kapi_syscall.c:829:49: warning: cast to pointer from integer of different size [-Wint-to-pointer-cast]
  829 |     int ret = kapi_rename((const char*)oldpath, (const char*)newpath);
      |                                                 ^
kernel/api/kapi_syscall.c: In function 'sys_mkdir_impl':
kernel/api/kapi_syscall.c:837:26: warning: cast to pointer from integer of different size [-Wint-to-pointer-cast]
  837 |     int ret = kapi_mkdir((const char*)pathname, (int)mode);
      |                          ^
kernel/api/kapi_syscall.c: In function 'sys_rmdir_impl':
kernel/api/kapi_syscall.c:845:26: warning: cast to pointer from integer of different size [-Wint-to-pointer-cast]
  845 |     int ret = kapi_rmdir((const char*)pathname);
      |                          ^
kernel/api/kapi_syscall.c: In function 'sys_unlink_impl':
kernel/api/kapi_syscall.c:866:27: warning: cast to pointer from integer of different size [-Wint-to-pointer-cast]
  866 |     int ret = kapi_unlink((const char*)pathname);
      |                           ^
kernel/api/kapi_syscall.c: In function 'sys_chmod_impl':
kernel/api/kapi_syscall.c:889:46: warning: cast to pointer from integer of different size [-Wint-to-pointer-cast]
  889 |     vfs_node_t* node = syscall_vfs_find_path((const char*)pathname);
      |                                              ^
kernel/api/kapi_syscall.c: In function 'sys_chown_impl':
kernel/api/kapi_syscall.c:900:46: warning: cast to pointer from integer of different size [-Wint-to-pointer-cast]
  900 |     vfs_node_t* node = syscall_vfs_find_path((const char*)pathname);
      |                                              ^
kernel/api/kapi_syscall.c: In function 'sys_gettimeofday_impl':
kernel/api/kapi_syscall.c:923:52: warning: cast to pointer from integer of different size [-Wint-to-pointer-cast]
  923 |         struct { long tv_sec; long tv_usec; } *t = (void*)tv;
      |                                                    ^
kernel/api/kapi_syscall.c: In function 'sys_getrlimit_impl':
kernel/api/kapi_syscall.c:936:51: warning: cast to pointer from integer of different size [-Wint-to-pointer-cast]
  936 |     struct { long rlim_cur; long rlim_max; } *r = (void*)rlim;
      |                                                   ^
kernel/api/kapi_syscall.c: In function 'sys_getrusage_impl':
kernel/api/kapi_syscall.c:946:23: warning: cast to pointer from integer of different size [-Wint-to-pointer-cast]
  946 |     if (usage) memset((void*)usage, 0, 144);
      |                       ^
kernel/api/kapi_syscall.c: In function 'sys_sysinfo_impl':
kernel/api/kapi_syscall.c:969:13: warning: cast to pointer from integer of different size [-Wint-to-pointer-cast]
  969 |     } *si = (void*)info;
      |             ^
kernel/api/kapi_syscall.c: In function 'sys_times_impl':
kernel/api/kapi_syscall.c:985:22: warning: cast to pointer from integer of different size [-Wint-to-pointer-cast]
  985 |     if (tbuf) memset((void*)tbuf, 0, 32);
      |                      ^
kernel/api/kapi_syscall.c: In function 'sys_getdents64_impl':
kernel/api/kapi_syscall.c:1092:32: warning: cast to pointer from integer of different size [-Wint-to-pointer-cast]
 1092 |     struct linux_dirent64* d = (struct linux_dirent64*)dirp;
      |                                ^
kernel/api/kapi_syscall.c: In function 'sys_clock_gettime_impl':
kernel/api/kapi_syscall.c:1110:48: warning: cast to pointer from integer of different size [-Wint-to-pointer-cast]
 1110 |     struct { long tv_sec; long tv_nsec; } *t = (void*)tp;
      |                                                ^
kernel/api/kapi_syscall.c: In function 'sys_chroot_impl':
kernel/api/kapi_syscall.c:1161:46: warning: cast to pointer from integer of different size [-Wint-to-pointer-cast]
 1161 |     vfs_node_t* node = syscall_vfs_find_path((const char*)path);
      |                                              ^
kernel/api/kapi_syscall.c:1165:41: warning: cast to pointer from integer of different size [-Wint-to-pointer-cast]
 1165 |     strncpy(proc_root[current_process], (const char*)path, sizeof(proc_root[0]) - 1);
      |                                         ^
kernel/api/kapi_syscall.c: In function 'sys_sethostname_impl':
kernel/api/kapi_syscall.c:1178:28: warning: cast to pointer from integer of different size [-Wint-to-pointer-cast]
 1178 |     memcpy(kenux_hostname, (const void*)name, (size_t)len);
      |                            ^
kernel/api/kapi_syscall.c: In function 'sys_init_module_impl':
kernel/api/kapi_syscall.c:1190:27: warning: cast to pointer from integer of different size [-Wint-to-pointer-cast]
 1190 |     int ret = module_load((const void*)module_image, (uint64_t)len, "unknown");
      |                           ^
kernel/api/kapi_syscall.c: In function 'sys_delete_module_impl':
kernel/api/kapi_syscall.c:1201:29: warning: cast to pointer from integer of different size [-Wint-to-pointer-cast]
 1201 |     int ret = module_unload((const char*)name);
      |                             ^
kernel/api/kapi_syscall.c: In function 'sys_getrandom_impl':
kernel/api/kapi_syscall.c:1237:18: warning: cast to pointer from integer of different size [-Wint-to-pointer-cast]
 1237 |     uint8_t* p = (uint8_t*)buf;
      |                  ^
kernel/api/kapi_syscall.c: In function 'sys_kenux_info_impl':
kernel/api/kapi_syscall.c:1259:15: warning: cast to pointer from integer of different size [-Wint-to-pointer-cast]
 1259 |     } *info = (void*)buf;
      |               ^
kernel/api/kapi_syscall.c: In function 'sys_kenux_get_loadavg_impl':
kernel/api/kapi_syscall.c:1295:15: warning: cast to pointer from integer of different size [-Wint-to-pointer-cast]
 1295 |     long* l = (long*)loads;
      |               ^
kernel/api/kapi_syscall.c: In function 'sys_futex_impl':
kernel/api/kapi_syscall.c:1311:53: warning: cast to pointer from integer of different size [-Wint-to-pointer-cast]
 1311 |         struct { long tv_sec; long tv_nsec; } *ts = (void*)timeout;
      |                                                     ^
kernel/api/kapi_syscall.c:1319:34: warning: cast to pointer from integer of different size [-Wint-to-pointer-cast]
 1319 |             int ret = futex_wait((void*)uaddr, (uint32_t)val, timeout_ms);
      |                                  ^
kernel/api/kapi_syscall.c:1323:34: warning: cast to pointer from integer of different size [-Wint-to-pointer-cast]
 1323 |             int ret = futex_wake((void*)uaddr, (uint32_t)val);
      |                                  ^
kernel/api/kapi_syscall.c:1329:37: warning: cast to pointer from integer of different size [-Wint-to-pointer-cast]
 1329 |             int ret = futex_requeue((void*)uaddr, (void*)uaddr2, (uint32_t)val);
      |                                     ^
kernel/api/kapi_syscall.c:1329:51: warning: cast to pointer from integer of different size [-Wint-to-pointer-cast]
 1329 |             int ret = futex_requeue((void*)uaddr, (void*)uaddr2, (uint32_t)val);
      |                                                   ^
kernel/api/kapi_syscall.c:1304:47: warning: unused parameter 'val3' [-Wunused-parameter]
 1304 |                             long uaddr2, long val3)
      |                                          ~~~~~^~~~
kernel/api/kapi_syscall.c: In function 'sys_prctl_impl':
kernel/api/kapi_syscall.c:1345:25: warning: cast to pointer from integer of different size [-Wint-to-pointer-cast]
 1345 |                 strncpy((char*)arg2, processes[current_process].name, 15);
      |                         ^
kernel/api/kapi_syscall.c:1346:18: warning: cast to pointer from integer of different size [-Wint-to-pointer-cast]
 1346 |                 ((char*)arg2)[15] = '\0';
      |                  ^
kernel/api/kapi_syscall.c:1352:58: warning: cast to pointer from integer of different size [-Wint-to-pointer-cast]
 1352 |                 strncpy(processes[current_process].name, (const char*)arg2,
      |                                                          ^
kernel/api/kapi_syscall.c: In function 'sys_arch_prctl_impl':
kernel/api/kapi_syscall.c:1389:14: warning: cast to pointer from integer of different size [-Wint-to-pointer-cast]
 1389 |             *(uint64_t*)addr = current_process < PROCESS_MAX ?
      |              ^
kernel/api/kapi_syscall.c:1394:14: warning: cast to pointer from integer of different size [-Wint-to-pointer-cast]
 1394 |             *(uint64_t*)addr = current_process < PROCESS_MAX ?
      |              ^
kernel/api/kapi_syscall.c: In function 'sys_truncate_impl':
kernel/api/kapi_syscall.c:1516:46: warning: cast to pointer from integer of different size [-Wint-to-pointer-cast]
 1516 |     vfs_node_t* node = syscall_vfs_find_path((const char*)path);
      |                                              ^
kernel/api/kapi_syscall.c: In function 'sys_pread64_impl':
kernel/api/kapi_syscall.c:1586:46: warning: cast to pointer from integer of different size [-Wint-to-pointer-cast]
 1586 |     int64_t ret = kapi_read(entry->obj.file, (void*)buf, (size_t)count);
      |                                              ^
kernel/api/kapi_syscall.c:1588:43: warning: conversion from 'int64_t' {aka 'long long int'} to 'long int' may change value [-Wconversion]
 1588 |     return ret < 0 ? KENUX_ERR(KENUX_EIO) : ret;
      |            ~~~~~~~~~~~~~~~~~~~~~~~~~~~~~~~^~~~~
kernel/api/kapi_syscall.c: In function 'sys_pwrite64_impl':
kernel/api/kapi_syscall.c:1600:47: warning: cast to pointer from integer of different size [-Wint-to-pointer-cast]
 1600 |     int64_t ret = kapi_write(entry->obj.file, (void*)buf, (size_t)count);
      |                                               ^
kernel/api/kapi_syscall.c:1602:43: warning: conversion from 'int64_t' {aka 'long long int'} to 'long int' may change value [-Wconversion]
 1602 |     return ret < 0 ? KENUX_ERR(KENUX_EIO) : ret;
      |            ~~~~~~~~~~~~~~~~~~~~~~~~~~~~~~~^~~~~
kernel/api/kapi_syscall.c: In function 'sys_sendfile_impl':
kernel/api/kapi_syscall.c:1618:39: warning: cast from pointer to integer of different size [-Wpointer-to-int-cast]
 1618 |         long r = sys_read_impl(in_fd, (long)buf, n, 0, 0, 0);
      |                                       ^
kernel/api/kapi_syscall.c:1620:41: warning: cast from pointer to integer of different size [-Wpointer-to-int-cast]
 1620 |         long w = sys_write_impl(out_fd, (long)buf, r, 0, 0, 0);
      |                                         ^
kernel/api/kapi_syscall.c:1623:22: warning: cast to pointer from integer of different size [-Wint-to-pointer-cast]
 1623 |         if (offset) *(long*)offset += w;
      |                      ^
kernel/api/kapi_syscall.c: In function 'sys_time_impl':
kernel/api/kapi_syscall.c:1633:16: warning: cast to pointer from integer of different size [-Wint-to-pointer-cast]
 1633 |     if (tloc) *(long*)tloc = t;
      |                ^
kernel/api/kapi_syscall.c: In function 'sys_set_tid_address_impl':
kernel/api/kapi_syscall.c:1654:51: warning: cast to pointer from integer of different size [-Wint-to-pointer-cast]
 1654 |         processes[current_process].kthread_data = (void*)tidptr;
      |                                                   ^
kernel/api/kapi_syscall.c: At top level:
kernel/api/kapi_syscall.c:171:13: warning: 'sys_nosys' defined but not used [-Wunused-function]
  171 | static long sys_nosys(long a1, long a2, long a3, long a4, long a5, long a6)
      |             ^~~~~~~~~
-- Enter folder img/boot --
<1> Building img/boot/kernel.elf.pe
D:/mingw64/bin/../lib/gcc/x86_64-w64-mingw32/16.1.0/../../../../x86_64-w64-mingw32/bin/ld.exe: build/obj/kernel/arch/x86_64/win32_advapi32.c.o:win32_advapi32.c:(.text+0xcc0): multiple definition of `ChangeServiceConfigA'; build/obj/kernel/arch/x86_64/scm.c.o:scm.c:(.text+0x1210): first defined here
D:/mingw64/bin/../lib/gcc/x86_64-w64-mingw32/16.1.0/../../../../x86_64-w64-mingw32/bin/ld.exe: build/obj/kernel/arch/x86_64/win32_process.c.o:win32_process.c:(.text+0x1270): multiple definition of `NtClose'; build/obj/kernel/arch/x86_64/win32_ntdll.c.o:win32_ntdll.c:(.text+0xb90): first defined here
D:/mingw64/bin/../lib/gcc/x86_64-w64-mingw32/16.1.0/../../../../x86_64-w64-mingw32/bin/ld.exe: build/obj/kernel/arch/x86_64/win32_process.c.o:win32_process.c:(.text+0x1290): multiple definition of `NtAllocateVirtualMemory'; build/obj/kernel/arch/x86_64/win32_ntdll.c.o:win32_ntdll.c:(.text+0xcd0): first defined here
D:/mingw64/bin/../lib/gcc/x86_64-w64-mingw32/16.1.0/../../../../x86_64-w64-mingw32/bin/ld.exe: build/obj/kernel/arch/x86_64/win32_process.c.o:win32_process.c:(.text+0x1300): multiple definition of `NtFreeVirtualMemory'; build/obj/kernel/arch/x86_64/win32_ntdll.c.o:win32_ntdll.c:(.text+0xd40): first defined here
D:/mingw64/bin/../lib/gcc/x86_64-w64-mingw32/16.1.0/../../../../x86_64-w64-mingw32/bin/ld.exe: build/obj/kernel/arch/x86_64/win32_process.c.o:win32_process.c:(.text+0x1340): multiple definition of `NtQueryInformationProcess'; build/obj/kernel/arch/x86_64/win32_ntdll.c.o:win32_ntdll.c:(.text+0xf30): first defined here
D:/mingw64/bin/../lib/gcc/x86_64-w64-mingw32/16.1.0/../../../../x86_64-w64-mingw32/bin/ld.exe: build/obj/kernel/arch/x86_64/win32_process.c.o:win32_process.c:(.text+0x13a0): multiple definition of `NtQueryInformationThread'; build/obj/kernel/arch/x86_64/win32_ntdll.c.o:win32_ntdll.c:(.text+0xfa0): first defined here
D:/mingw64/bin/../lib/gcc/x86_64-w64-mingw32/16.1.0/../../../../x86_64-w64-mingw32/bin/ld.exe: build/obj/kernel/arch/x86_64/win32_process.c.o:win32_process.c:(.text+0x1400): multiple definition of `NtCreateFile'; build/obj/kernel/arch/x86_64/win32_ntdll.c.o:win32_ntdll.c:(.text+0xae0): first defined here
D:/mingw64/bin/../lib/gcc/x86_64-w64-mingw32/16.1.0/../../../../x86_64-w64-mingw32/bin/ld.exe: build/obj/kernel/arch/x86_64/win32_process.c.o:win32_process.c:(.text+0x1440): multiple definition of `NtReadFile'; build/obj/kernel/arch/x86_64/win32_ntdll.c.o:win32_ntdll.c:(.text+0xb00): first defined here
D:/mingw64/bin/../lib/gcc/x86_64-w64-mingw32/16.1.0/../../../../x86_64-w64-mingw32/bin/ld.exe: build/obj/kernel/arch/x86_64/win32_process.c.o:win32_process.c:(.text+0x14b0): multiple definition of `NtWriteFile'; build/obj/kernel/arch/x86_64/win32_ntdll.c.o:win32_ntdll.c:(.text+0xb60): first defined here
D:/mingw64/bin/../lib/gcc/x86_64-w64-mingw32/16.1.0/../../../../x86_64-w64-mingw32/bin/ld.exe: build/obj/kernel/arch/x86_64/win32_security.c.o:win32_security.c:(.text+0x1050): multiple definition of `OpenProcessToken'; build/obj/kernel/arch/x86_64/win32_advapi32.c.o:win32_advapi32.c:(.text+0x3760): first defined here
D:/mingw64/bin/../lib/gcc/x86_64-w64-mingw32/16.1.0/../../../../x86_64-w64-mingw32/bin/ld.exe: build/obj/kernel/arch/x86_64/win32_security.c.o:win32_security.c:(.text+0x10c0): multiple definition of `OpenThreadToken'; build/obj/kernel/arch/x86_64/win32_advapi32.c.o:win32_advapi32.c:(.text+0x3830): first defined here
D:/mingw64/bin/../lib/gcc/x86_64-w64-mingw32/16.1.0/../../../../x86_64-w64-mingw32/bin/ld.exe: build/obj/kernel/arch/x86_64/win32_security.c.o:win32_security.c:(.text+0x1150): multiple definition of `LookupPrivilegeValueA'; build/obj/kernel/arch/x86_64/win32_advapi32.c.o:win32_advapi32.c:(.text+0x3f60): first defined here
D:/mingw64/bin/../lib/gcc/x86_64-w64-mingw32/16.1.0/../../../../x86_64-w64-mingw32/bin/ld.exe: build/obj/kernel/arch/x86_64/win32_security.c.o:win32_security.c:(.text+0x1220): multiple definition of `LookupAccountSidA'; build/obj/kernel/arch/x86_64/win32_advapi32.c.o:win32_advapi32.c:(.text+0x4460): first defined here
D:/mingw64/bin/../lib/gcc/x86_64-w64-mingw32/16.1.0/../../../../x86_64-w64-mingw32/bin/ld.exe: build/obj/kernel/arch/x86_64/win32_security.c.o:win32_security.c:(.text+0x1470): multiple definition of `LookupAccountNameA'; build/obj/kernel/arch/x86_64/win32_advapi32.c.o:win32_advapi32.c:(.text+0x4180): first defined here
D:/mingw64/bin/../lib/gcc/x86_64-w64-mingw32/16.1.0/../../../../x86_64-w64-mingw32/bin/ld.exe: build/obj/kernel/arch/x86_64/win32_shell.c.o:win32_shell.c:(.text+0x8520): multiple definition of `GetExitCodeProcess'; build/obj/kernel/arch/x86_64/win32_kernel32.c.o:win32_kernel32.c:(.text+0xd0): first defined here
D:/mingw64/bin/../lib/gcc/x86_64-w64-mingw32/16.1.0/../../../../x86_64-w64-mingw32/bin/ld.exe: build/obj/kernel/lib/libc/stdio.c.o:stdio.c:(.text+0x0): multiple definition of `sprintf'; build/obj/kernel/arch/x86_64/win32_msvcrt.c.o:win32_msvcrt.c:(.text+0x1a10): first defined here
D:/mingw64/bin/../lib/gcc/x86_64-w64-mingw32/16.1.0/../../../../x86_64-w64-mingw32/bin/ld.exe: build/obj/kernel/lib/libc/stdio.c.o:stdio.c:(.text+0x30): multiple definition of `snprintf'; build/obj/kernel/arch/x86_64/win32_msvcrt.c.o:win32_msvcrt.c:(.text+0x1a40): first defined here
D:/mingw64/bin/../lib/gcc/x86_64-w64-mingw32/16.1.0/../../../../x86_64-w64-mingw32/bin/ld.exe: build/obj/kernel/lib/libc/stdio.c.o:stdio.c:(.text+0x50): multiple definition of `printf'; build/obj/kernel/arch/x86_64/win32_msvcrt.c.o:win32_msvcrt.c:(.text+0x19a0): first defined here
D:/mingw64/bin/../lib/gcc/x86_64-w64-mingw32/16.1.0/../../../../x86_64-w64-mingw32/bin/ld.exe: build/obj/kernel/lib/libc/stdio.c.o:stdio.c:(.text+0xa0): multiple definition of `puts'; build/obj/kernel/arch/x86_64/win32_msvcrt.c.o:win32_msvcrt.c:(.text+0x1b50): first defined here
D:/mingw64/bin/../lib/gcc/x86_64-w64-mingw32/16.1.0/../../../../x86_64-w64-mingw32/bin/ld.exe: build/obj/kernel/lib/libc/stdio.c.o:stdio.c:(.text+0xd0): multiple definition of `putchar'; build/obj/kernel/arch/x86_64/win32_msvcrt.c.o:win32_msvcrt.c:(.text+0x1cf0): first defined here
D:/mingw64/bin/../lib/gcc/x86_64-w64-mingw32/16.1.0/../../../../x86_64-w64-mingw32/bin/ld.exe: build/obj/kernel/lib/libc/stdlib.c.o:stdlib.c:(.text+0x0): multiple definition of `malloc'; build/obj/kernel/arch/x86_64/win32_msvcrt.c.o:win32_msvcrt.c:(.text+0xd00): first defined here
D:/mingw64/bin/../lib/gcc/x86_64-w64-mingw32/16.1.0/../../../../x86_64-w64-mingw32/bin/ld.exe: build/obj/kernel/lib/libc/stdlib.c.o:stdlib.c:(.text+0x150): multiple definition of `free'; build/obj/kernel/arch/x86_64/win32_msvcrt.c.o:win32_msvcrt.c:(.text+0xde0): first defined here
D:/mingw64/bin/../lib/gcc/x86_64-w64-mingw32/16.1.0/../../../../x86_64-w64-mingw32/bin/ld.exe: build/obj/kernel/lib/libc/stdlib.c.o:stdlib.c:(.text+0x270): multiple definition of `calloc'; build/obj/kernel/arch/x86_64/win32_msvcrt.c.o:win32_msvcrt.c:(.text+0xd20): first defined here
D:/mingw64/bin/../lib/gcc/x86_64-w64-mingw32/16.1.0/../../../../x86_64-w64-mingw32/bin/ld.exe: build/obj/kernel/lib/libc/stdlib.c.o:stdlib.c:(.text+0x2b0): multiple definition of `realloc'; build/obj/kernel/arch/x86_64/win32_msvcrt.c.o:win32_msvcrt.c:(.text+0xd40): first defined here
D:/mingw64/bin/../lib/gcc/x86_64-w64-mingw32/16.1.0/../../../../x86_64-w64-mingw32/bin/ld.exe: build/obj/kernel/lib/libc/stdlib.c.o:stdlib.c:(.text+0x3b0): multiple definition of `atexit'; build/obj/kernel/arch/x86_64/win32_msvcrt.c.o:win32_msvcrt.c:(.text+0x2830): first defined here
D:/mingw64/bin/../lib/gcc/x86_64-w64-mingw32/16.1.0/../../../../x86_64-w64-mingw32/bin/ld.exe: build/obj/kernel/lib/libc/stdlib.c.o:stdlib.c:(.text+0x3f0): multiple definition of `exit'; build/obj/kernel/arch/x86_64/win32_msvcrt.c.o:win32_msvcrt.c:(.text+0x27c0): first defined here
D:/mingw64/bin/../lib/gcc/x86_64-w64-mingw32/16.1.0/../../../../x86_64-w64-mingw32/bin/ld.exe: build/obj/kernel/lib/libc/stdlib.c.o:stdlib.c:(.text+0x480): multiple definition of `abort'; build/obj/kernel/arch/x86_64/win32_msvcrt.c.o:win32_msvcrt.c:(.text+0x27b0): first defined here
D:/mingw64/bin/../lib/gcc/x86_64-w64-mingw32/16.1.0/../../../../x86_64-w64-mingw32/bin/ld.exe: build/obj/kernel/lib/libc/stdlib.c.o:stdlib.c:(.text+0x490): multiple definition of `atoi'; build/obj/kernel/arch/x86_64/win32_msvcrt.c.o:win32_msvcrt.c:(.text+0x14b0): first defined here
D:/mingw64/bin/../lib/gcc/x86_64-w64-mingw32/16.1.0/../../../../x86_64-w64-mingw32/bin/ld.exe: build/obj/kernel/lib/libc/stdlib.c.o:stdlib.c:(.text+0x520): multiple definition of `atol'; build/obj/kernel/arch/x86_64/win32_msvcrt.c.o:win32_msvcrt.c:(.text+0x14d0): first defined here
D:/mingw64/bin/../lib/gcc/x86_64-w64-mingw32/16.1.0/../../../../x86_64-w64-mingw32/bin/ld.exe: build/obj/kernel/lib/libc/stdlib.c.o:stdlib.c:(.text+0x530): multiple definition of `atoll'; build/obj/kernel/arch/x86_64/win32_msvcrt.c.o:win32_msvcrt.c:(.text+0x14f0): first defined here
D:/mingw64/bin/../lib/gcc/x86_64-w64-mingw32/16.1.0/../../../../x86_64-w64-mingw32/bin/ld.exe: build/obj/kernel/lib/libc/stdlib.c.o:stdlib.c:(.text+0x730): multiple definition of `rand'; build/obj/kernel/arch/x86_64/win32_msvcrt.c.o:win32_msvcrt.c:(.text+0x2530): first defined here
D:/mingw64/bin/../lib/gcc/x86_64-w64-mingw32/16.1.0/../../../../x86_64-w64-mingw32/bin/ld.exe: build/obj/kernel/lib/libc/stdlib.c.o:stdlib.c:(.text+0x750): multiple definition of `srand'; build/obj/kernel/arch/x86_64/win32_msvcrt.c.o:win32_msvcrt.c:(.text+0x2550): first defined here
D:/mingw64/bin/../lib/gcc/x86_64-w64-mingw32/16.1.0/../../../../x86_64-w64-mingw32/bin/ld.exe: build/obj/kernel/lib/libc/string.c.o:string.c:(.text+0x0): multiple definition of `memset'; build/obj/kernel/arch/x86_64/win32_msvcrt.c.o:win32_msvcrt.c:(.text+0x1730): first defined here
D:/mingw64/bin/../lib/gcc/x86_64-w64-mingw32/16.1.0/../../../../x86_64-w64-mingw32/bin/ld.exe: build/obj/kernel/lib/libc/string.c.o:string.c:(.text+0xc0): multiple definition of `memcpy'; build/obj/kernel/arch/x86_64/win32_msvcrt.c.o:win32_msvcrt.c:(.text+0x1800): first defined here
D:/mingw64/bin/../lib/gcc/x86_64-w64-mingw32/16.1.0/../../../../x86_64-w64-mingw32/bin/ld.exe: build/obj/kernel/lib/libc/string.c.o:string.c:(.text+0x100): multiple definition of `strlen'; build/obj/kernel/arch/x86_64/win32_msvcrt.c.o:win32_msvcrt.c:(.text+0xe40): first defined here
D:/mingw64/bin/../lib/gcc/x86_64-w64-mingw32/16.1.0/../../../../x86_64-w64-mingw32/bin/ld.exe: build/obj/kernel/lib/libc/string.c.o:string.c:(.text+0x130): multiple definition of `strcmp'; build/obj/kernel/arch/x86_64/win32_msvcrt.c.o:win32_msvcrt.c:(.text+0xfc0): first defined here
D:/mingw64/bin/../lib/gcc/x86_64-w64-mingw32/16.1.0/../../../../x86_64-w64-mingw32/bin/ld.exe: build/obj/kernel/lib/libc/string.c.o:string.c:(.text+0x160): multiple definition of `strncpy'; build/obj/kernel/arch/x86_64/win32_msvcrt.c.o:win32_msvcrt.c:(.text+0xea0): first defined here
D:/mingw64/bin/../lib/gcc/x86_64-w64-mingw32/16.1.0/../../../../x86_64-w64-mingw32/bin/ld.exe: build/obj/kernel/lib/libc/string.c.o:string.c:(.text+0x260): multiple definition of `memchr'; build/obj/kernel/arch/x86_64/win32_msvcrt.c.o:win32_msvcrt.c:(.text+0x18f0): first defined here
D:/mingw64/bin/../lib/gcc/x86_64-w64-mingw32/16.1.0/../../../../x86_64-w64-mingw32/bin/ld.exe: build/obj/kernel/lib/libc/string.c.o:string.c:(.text+0x290): multiple definition of `memcmp'; build/obj/kernel/arch/x86_64/win32_msvcrt.c.o:win32_msvcrt.c:(.text+0x18a0): first defined here
D:/mingw64/bin/../lib/gcc/x86_64-w64-mingw32/16.1.0/../../../../x86_64-w64-mingw32/bin/ld.exe: build/obj/kernel/lib/libc/string.c.o:string.c:(.text+0x2d0): multiple definition of `memmove'; build/obj/kernel/arch/x86_64/win32_msvcrt.c.o:win32_msvcrt.c:(.text+0x1840): first defined here
D:/mingw64/bin/../lib/gcc/x86_64-w64-mingw32/16.1.0/../../../../x86_64-w64-mingw32/bin/ld.exe: build/obj/kernel/lib/libc/string.c.o:string.c:(.text+0x320): multiple definition of `strcat'; build/obj/kernel/arch/x86_64/win32_msvcrt.c.o:win32_msvcrt.c:(.text+0x1070): first defined here
D:/mingw64/bin/../lib/gcc/x86_64-w64-mingw32/16.1.0/../../../../x86_64-w64-mingw32/bin/ld.exe: build/obj/kernel/lib/libc/string.c.o:string.c:(.text+0x390): multiple definition of `strcpy'; build/obj/kernel/arch/x86_64/win32_msvcrt.c.o:win32_msvcrt.c:(.text+0xe70): first defined here
D:/mingw64/bin/../lib/gcc/x86_64-w64-mingw32/16.1.0/../../../../x86_64-w64-mingw32/bin/ld.exe: build/obj/kernel/lib/libc/string.c.o:string.c:(.text+0x4b0): multiple definition of `strchr'; build/obj/kernel/arch/x86_64/win32_msvcrt.c.o:win32_msvcrt.c:(.text+0x1130): first defined here
D:/mingw64/bin/../lib/gcc/x86_64-w64-mingw32/16.1.0/../../../../x86_64-w64-mingw32/bin/ld.exe: build/obj/kernel/lib/libc/string.c.o:string.c:(.text+0x4f0): multiple definition of `strrchr'; build/obj/kernel/arch/x86_64/win32_msvcrt.c.o:win32_msvcrt.c:(.text+0x1170): first defined here
D:/mingw64/bin/../lib/gcc/x86_64-w64-mingw32/16.1.0/../../../../x86_64-w64-mingw32/bin/ld.exe: build/obj/kernel/lib/libc/string.c.o:string.c:(.text+0x520): multiple definition of `strncmp'; build/obj/kernel/arch/x86_64/win32_msvcrt.c.o:win32_msvcrt.c:(.text+0x1020): first defined here
D:/mingw64/bin/../lib/gcc/x86_64-w64-mingw32/16.1.0/../../../../x86_64-w64-mingw32/bin/ld.exe: build/obj/kernel/lib/libc/string.c.o:string.c:(.text+0x560): multiple definition of `strncat'; build/obj/kernel/arch/x86_64/win32_msvcrt.c.o:win32_msvcrt.c:(.text+0x10c0): first defined here
D:/mingw64/bin/../lib/gcc/x86_64-w64-mingw32/16.1.0/../../../../x86_64-w64-mingw32/bin/ld.exe: build/obj/kernel/lib/libc/string.c.o:string.c:(.text+0x5f0): multiple definition of `strstr'; build/obj/kernel/arch/x86_64/win32_msvcrt.c.o:win32_msvcrt.c:(.text+0x11b0): first defined here
D:/mingw64/bin/../lib/gcc/x86_64-w64-mingw32/16.1.0/../../../../x86_64-w64-mingw32/bin/ld.exe: build/obj/kernel/lib/libc/string.c.o:string.c:(.text+0x670): multiple definition of `strtok'; build/obj/kernel/arch/x86_64/win32_msvcrt.c.o:win32_msvcrt.c:(.text+0x1360): first defined here
D:/mingw64/bin/../lib/gcc/x86_64-w64-mingw32/16.1.0/../../../../x86_64-w64-mingw32/bin/ld.exe: build/obj/kernel/lib/libc/unistd.c.o:unistd.c:(.text+0x270): multiple definition of `rename'; build/obj/kernel/arch/x86_64/win32_msvcrt.c.o:win32_msvcrt.c:(.text+0x2410): first defined here
D:/mingw64/bin/../lib/gcc/x86_64-w64-mingw32/16.1.0/../../../../x86_64-w64-mingw32/bin/ld.exe: build/obj/kernel/lib/libc/unistd.c.o:unistd.c:(.text+0x350): multiple definition of `getenv'; build/obj/kernel/arch/x86_64/win32_msvcrt.c.o:win32_msvcrt.c:(.text+0x2870): first defined here
D:/mingw64/bin/../lib/gcc/x86_64-w64-mingw32/16.1.0/../../../../x86_64-w64-mingw32/bin/ld.exe: build/obj/kernel/lib/libc/unistd.c.o:unistd.c:(.text+0x680): multiple definition of `system'; build/obj/kernel/arch/x86_64/win32_msvcrt.c.o:win32_msvcrt.c:(.text+0x28c0): first defined here
D:/mingw64/bin/../lib/gcc/x86_64-w64-mingw32/16.1.0/../../../../x86_64-w64-mingw32/bin/ld.exe: build/obj/kernel/lib/libc/unistd.c.o:unistd.c:(.text+0x740): multiple definition of `_exit'; build/obj/kernel/arch/x86_64/win32_msvcrt.c.o:win32_msvcrt.c:(.text+0x2820): first defined here
D:/mingw64/bin/../lib/gcc/x86_64-w64-mingw32/16.1.0/../../../../x86_64-w64-mingw32/bin/ld.exe: build/obj/kernel/lib/libc/vsprintf.c.o:vsprintf.c:(.text+0x0): multiple definition of `vsprintf'; build/obj/kernel/arch/x86_64/win32_msvcrt.c.o:win32_msvcrt.c:(.text+0x1970): first defined here
D:/mingw64/bin/../lib/gcc/x86_64-w64-mingw32/16.1.0/../../../../x86_64-w64-mingw32/bin/ld.exe: build/obj/kernel/lib/libc/vsprintf.c.o:vsprintf.c:(.text+0x2a0): multiple definition of `vsnprintf'; build/obj/kernel/arch/x86_64/win32_msvcrt.c.o:win32_msvcrt.c:(.text+0x1990): first defined here
collect2.exe: error: ld returned 1 exit status
FAILED TASK run kernel: command failed with exit 1: D:\mingw64\bin\gcc.exe -m64 -T kernel/arch/x86_64/boot/linker.ld -nostdlib -nodefaultlibs -nostartfiles -Wl,-e,_start -no-pie -Wl,-Ttext,0x200000 -Wl,--image-base=0x0 -o img/boot/kernel.elf.pe build/obj/kernel/arch/x86_64/boot/start64.s.o build/obj/apps/container-os/src/container.c.o build/obj/apps/container-os/src/image.c.o build/obj/apps/container-os/src/manager.c.o build/obj/apps/container-os/src/volume.c.o build/obj/kal/adapters/kal_builtins.c.o build/obj/kal/adapters/kenux_adapter.c.o build/obj/kal/src/kal_capability.c.o build/obj/kal/src/kal_dispatcher.c.o build/obj/kal/src/kal_errno.c.o build/obj/kal/src/kal_governance.c.o build/obj/kal/src/kal_marshalling.c.o build/obj/kal/src/kal_registry.c.o build/obj/kal/src/kal_ssi.c.o build/obj/kernel/api/kapi_atomic.c.o build/obj/kernel/api/kapi_bitmap.c.o build/obj/kernel/api/kapi_blkdev.c.o build/obj/kernel/api/kapi_cdev.c.o build/obj/kernel/api/kapi_completion.c.o build/obj/kernel/api/kapi_cpumask.c.o build/obj/kernel/api/kapi_crc.c.o build/obj/kernel/api/kapi_debugfs.c.o build/obj/kernel/api/kapi_device.c.o build/obj/kernel/api/kapi_dma.c.o build/obj/kernel/api/kapi_ebpf.c.o build/obj/kernel/api/kapi_fs.c.o build/obj/kernel/api/kapi_ftrace.c.o build/obj/kernel/api/kapi_hash.c.o build/obj/kernel/api/kapi_idr.c.o build/obj/kernel/api/kapi_init.c.o build/obj/kernel/api/kapi_io.c.o build/obj/kernel/api/kapi_irq.c.o build/obj/kernel/api/kapi_kfifo.c.o build/obj/kernel/api/kapi_kobject.c.o build/obj/kernel/api/kapi_kprobe.c.o build/obj/kernel/api/kapi_kthread.c.o build/obj/kernel/api/kapi_list.c.o build/obj/kernel/api/kapi_memory.c.o build/obj/kernel/api/kapi_mempool.c.o build/obj/kernel/api/kapi_module.c.o build/obj/kernel/api/kapi_mutex.c.o build/obj/kernel/api/kapi_netdevice.c.o build/obj/kernel/api/kapi_netlink.c.o build/obj/kernel/api/kapi_notifier.c.o build/obj/kernel/api/kapi_params.c.o build/obj/kernel/api/kapi_pci.c.o build/obj/kernel/api/kapi_process.c.o build/obj/kernel/api/kapi_random.c.o build/obj/kernel/api/kapi_rbtree.c.o build/obj/kernel/api/kapi_rcu.c.o build/obj/kernel/api/kapi_sched.c.o build/obj/kernel/api/kapi_security.c.o build/obj/kernel/api/kapi_seq_file.c.o build/obj/kernel/api/kapi_skbuff.c.o build/obj/kernel/api/kapi_smp.c.o build/obj/kernel/api/kapi_socket.c.o build/obj/kernel/api/kapi_sort.c.o build/obj/kernel/api/kapi_string.c.o build/obj/kernel/api/kapi_syscall.c.o build/obj/kernel/api/kapi_time.c.o build/obj/kernel/api/kapi_vfs.c.o build/obj/kernel/api/kapi_wait.c.o build/obj/kernel/arch/x86_64/ac97.c.o build/obj/kernel/arch/x86_64/acpi.c.o build/obj/kernel/arch/x86_64/acpi_madt.c.o build/obj/kernel/arch/x86_64/acpi_pm.c.o build/obj/kernel/arch/x86_64/ahci.c.o build/obj/kernel/arch/x86_64/apic.c.o build/obj/kernel/arch/x86_64/bpf.c.o build/obj/kernel/arch/x86_64/buddy.c.o build/obj/kernel/arch/x86_64/cfs.c.o build/obj/kernel/arch/x86_64/conntrack.c.o build/obj/kernel/arch/x86_64/cpufreq.c.o build/obj/kernel/arch/x86_64/cpuidle.c.o build/obj/kernel/arch/x86_64/dns.c.o build/obj/kernel/arch/x86_64/efi.c.o build/obj/kernel/arch/x86_64/efi_entry.c.o build/obj/kernel/arch/x86_64/efi_runtime.c.o build/obj/kernel/arch/x86_64/ehci.c.o build/obj/kernel/arch/x86_64/elf.c.o build/obj/kernel/arch/x86_64/ext2.c.o build/obj/kernel/arch/x86_64/ext4.c.o build/obj/kernel/arch/x86_64/framebuffer.c.o build/obj/kernel/arch/x86_64/gdt.c.o build/obj/kernel/arch/x86_64/hda.c.o build/obj/kernel/arch/x86_64/hpet.c.o build/obj/kernel/arch/x86_64/i2c.c.o build/obj/kernel/arch/x86_64/idt.c.o build/obj/kernel/arch/x86_64/ioapic.c.o build/obj/kernel/arch/x86_64/jbd2.c.o build/obj/kernel/arch/x86_64/keyboard.c.o build/obj/kernel/arch/x86_64/kvm.c.o build/obj/kernel/arch/x86_64/ldso.c.o build/obj/kernel/arch/x86_64/lsm.c.o build/obj/kernel/arch/x86_64/memory.c.o build/obj/kernel/arch/x86_64/mmap.c.o build/obj/kernel/arch/x86_64/mouse.c.o build/obj/kernel/arch/x86_64/net.c.o build/obj/kernel/arch/x86_64/netfilter.c.o build/obj/kernel/arch/x86_64/ntfs.c.o build/obj/kernel/arch/x86_64/nvme.c.o build/obj/kernel/arch/x86_64/pagecache.c.o build/obj/kernel/arch/x86_64/pagefault.c.o build/obj/kernel/arch/x86_64/pci.c.o build/obj/kernel/arch/x86_64/pe.c.o build/obj/kernel/arch/x86_64/pic.c.o build/obj/kernel/arch/x86_64/pit.c.o build/obj/kernel/arch/x86_64/pnp.c.o build/obj/kernel/arch/x86_64/procfs.c.o build/obj/kernel/arch/x86_64/registry.c.o build/obj/kernel/arch/x86_64/route.c.o build/obj/kernel/arch/x86_64/rtc.c.o build/obj/kernel/arch/x86_64/sata.c.o build/obj/kernel/arch/x86_64/scm.c.o build/obj/kernel/arch/x86_64/security.c.o build/obj/kernel/arch/x86_64/selinux.c.o build/obj/kernel/arch/x86_64/slab.c.o build/obj/kernel/arch/x86_64/smbios.c.o build/obj/kernel/arch/x86_64/smp.c.o build/obj/kernel/arch/x86_64/sound.c.o build/obj/kernel/arch/x86_64/spi.c.o build/obj/kernel/arch/x86_64/swap.c.o build/obj/kernel/arch/x86_64/tcp_bbr.c.o build/obj/kernel/arch/x86_64/tcp_cong.c.o build/obj/kernel/arch/x86_64/thermal.c.o build/obj/kernel/arch/x86_64/tmpfs.c.o build/obj/kernel/arch/x86_64/uart.c.o build/obj/kernel/arch/x86_64/usb_hid.c.o build/obj/kernel/arch/x86_64/usermode.c.o build/obj/kernel/arch/x86_64/vga.c.o build/obj/kernel/arch/x86_64/virtio.c.o build/obj/kernel/arch/x86_64/vlan.c.o build/obj/kernel/arch/x86_64/watchdog.c.o build/obj/kernel/arch/x86_64/win32_advapi32.c.o build/obj/kernel/arch/x86_64/win32_gdi_and_msg.c.o build/obj/kernel/arch/x86_64/win32_kernel32.c.o build/obj/kernel/arch/x86_64/win32_msvcrt.c.o build/obj/kernel/arch/x86_64/win32_ntdll.c.o build/obj/kernel/arch/x86_64/win32_process.c.o build/obj/kernel/arch/x86_64/win32_security.c.o build/obj/kernel/arch/x86_64/win32_shell.c.o build/obj/kernel/arch/x86_64/win32_stubs.c.o build/obj/kernel/arch/x86_64/wmi.c.o build/obj/kernel/arch/x86_64/xhci.c.o build/obj/kernel/gui/src/browser.c.o build/obj/kernel/gui/src/cjk_font.c.o build/obj/kernel/gui/src/color.c.o build/obj/kernel/gui/src/cursor_data.c.o build/obj/kernel/gui/src/desktop.c.o build/obj/kernel/gui/src/emoji_font.c.o build/obj/kernel/gui/src/filemgr.c.o build/obj/kernel/gui/src/font.c.o build/obj/kernel/gui/src/font_data.c.o build/obj/kernel/gui/src/framebuffer.c.o build/obj/kernel/gui/src/graphics.c.o build/obj/kernel/gui/src/icon.c.o build/obj/kernel/gui/src/icon_data.c.o build/obj/kernel/gui/src/icon_registry.c.o build/obj/kernel/gui/src/kenux_render.c.o build/obj/kernel/gui/src/main.c.o build/obj/kernel/gui/src/msf.c.o build/obj/kernel/gui/src/sysinfo.c.o build/obj/kernel/gui/src/taskmgr.c.o build/obj/kernel/gui/src/terminal.c.o build/obj/kernel/gui/src/textedit.c.o build/obj/kernel/gui/src/thispc.c.o build/obj/kernel/gui/src/widget.c.o build/obj/kernel/gui/src/window.c.o build/obj/kernel/gui/src/window_manager.c.o build/obj/kernel/kernel/cgroup.c.o build/obj/kernel/kernel/devtmpfs.c.o build/obj/kernel/kernel/drivers.c.o build/obj/kernel/kernel/epoll.c.o build/obj/kernel/kernel/fifo.c.o build/obj/kernel/kernel/fs.c.o build/obj/kernel/kernel/gdb_stub.c.o build/obj/kernel/kernel/interrupt.c.o build/obj/kernel/kernel/ipc.c.o build/obj/kernel/kernel/kernel.c.o build/obj/kernel/kernel/kthread.c.o build/obj/kernel/kernel/module.c.o build/obj/kernel/kernel/printk.c.o build/obj/kernel/kernel/process.c.o build/obj/kernel/kernel/rcu.c.o build/obj/kernel/kernel/shell_enhanced.c.o build/obj/kernel/kernel/signal.c.o build/obj/kernel/kernel/stacktrace.c.o build/obj/kernel/kernel/sync.c.o build/obj/kernel/kernel/syscall.c.o build/obj/kernel/kernel/sysfs.c.o build/obj/kernel/kernel/timer.c.o build/obj/kernel/kernel/unixsock.c.o build/obj/kernel/kernel/wait.c.o build/obj/kernel/kernel/workqueue.c.o build/obj/kernel/lib/libc/errno.c.o build/obj/kernel/lib/libc/math.c.o build/obj/kernel/lib/libc/setjmp.c.o build/obj/kernel/lib/libc/signal.c.o build/obj/kernel/lib/libc/stdio.c.o build/obj/kernel/lib/libc/stdlib.c.o build/obj/kernel/lib/libc/string.c.o build/obj/kernel/lib/libc/time.c.o build/obj/kernel/lib/libc/unistd.c.o build/obj/kernel/lib/libc/vsprintf.c.o build/obj/kernel/systemd/automount.c.o build/obj/kernel/systemd/device.c.o build/obj/kernel/systemd/fstab.c.o build/obj/kernel/systemd/journal.c.o build/obj/kernel/systemd/journalctl.c.o build/obj/kernel/systemd/mount.c.o build/obj/kernel/systemd/path.c.o build/obj/kernel/systemd/service.c.o build/obj/kernel/systemd/slice.c.o build/obj/kernel/systemd/socket.c.o build/obj/kernel/systemd/swap.c.o build/obj/kernel/systemd/systemctl.c.o build/obj/kernel/systemd/systemd.c.o build/obj/kernel/systemd/target.c.o build/obj/kernel/systemd/timer.c.o build/obj/kernel/systemd/udev.c.o build/obj/kernel/systemd/util.c.o build/obj/kernel/arch/x86_64/interrupt.S.o -o img/boot/kernel.elf.pe
